../Core/Src/main.cpp:100:5:int main()	8	static
../Core/Src/main.cpp:172:6:void SystemClock_Config()	88	static
../Core/Src/main.cpp:219:13:void MX_I2C2_Init()	8	static
../Core/Src/main.cpp:253:13:void MX_TIM2_Init()	48	static
../Core/Src/main.cpp:306:13:void MX_TIM3_Init()	56	static
../Core/Src/main.cpp:355:13:void MX_TIM4_Init()	56	static
../Core/Src/main.cpp:404:13:void MX_TIM5_Init()	32	static
../Core/Src/main.cpp:449:13:void MX_USART2_UART_Init()	8	static
../Core/Src/main.cpp:480:13:void MX_DMA_Init()	16	static
../Core/Src/main.cpp:501:13:void MX_GPIO_Init()	40	static
../Core/Src/main.cpp:527:6:void HAL_TIM_PeriodElapsedCallback(TIM_HandleTypeDef*)	24	static
../Core/Src/main.cpp:607:6:void Error_Handler()	4	static,ignoring_inline_asm
../Core/Src/main.cpp:616:1:void __static_initialization_and_destruction_0(int, int)	16	static
../Core/Src/main.cpp:616:1:cpp)	8	static
