Archive member included to satisfy reference by file (symbol)

/opt/st/stm32cubeide_1.12.0/plugins/com.st.stm32cube.ide.mcu.externaltools.gnu-tools-for-stm32.10.3-2021.10.linux64_1.0.200.202301161003/tools/bin/../lib/gcc/arm-none-eabi/10.3.1/../../../../arm-none-eabi/lib/thumb/v7e-m+fp/hard/libstdc++_nano.a(pure.o)
                              ./Core/Src/mainpp.o (__cxa_pure_virtual)
/opt/st/stm32cubeide_1.12.0/plugins/com.st.stm32cube.ide.mcu.externaltools.gnu-tools-for-stm32.10.3-2021.10.linux64_1.0.200.202301161003/tools/bin/../lib/gcc/arm-none-eabi/10.3.1/../../../../arm-none-eabi/lib/thumb/v7e-m+fp/hard/libstdc++_nano.a(eh_terminate.o)
                              /opt/st/stm32cubeide_1.12.0/plugins/com.st.stm32cube.ide.mcu.externaltools.gnu-tools-for-stm32.10.3-2021.10.linux64_1.0.200.202301161003/tools/bin/../lib/gcc/arm-none-eabi/10.3.1/../../../../arm-none-eabi/lib/thumb/v7e-m+fp/hard/libstdc++_nano.a(pure.o) (std::terminate())
/opt/st/stm32cubeide_1.12.0/plugins/com.st.stm32cube.ide.mcu.externaltools.gnu-tools-for-stm32.10.3-2021.10.linux64_1.0.200.202301161003/tools/bin/../lib/gcc/arm-none-eabi/10.3.1/../../../../arm-none-eabi/lib/thumb/v7e-m+fp/hard/libstdc++_nano.a(eh_unex_handler.o)
                              /opt/st/stm32cubeide_1.12.0/plugins/com.st.stm32cube.ide.mcu.externaltools.gnu-tools-for-stm32.10.3-2021.10.linux64_1.0.200.202301161003/tools/bin/../lib/gcc/arm-none-eabi/10.3.1/../../../../arm-none-eabi/lib/thumb/v7e-m+fp/hard/libstdc++_nano.a(eh_terminate.o) (__cxxabiv1::__unexpected_handler)
/opt/st/stm32cubeide_1.12.0/plugins/com.st.stm32cube.ide.mcu.externaltools.gnu-tools-for-stm32.10.3-2021.10.linux64_1.0.200.202301161003/tools/bin/../lib/gcc/arm-none-eabi/10.3.1/../../../../arm-none-eabi/lib/thumb/v7e-m+fp/hard/libstdc++_nano.a(eh_term_handler.o)
                              /opt/st/stm32cubeide_1.12.0/plugins/com.st.stm32cube.ide.mcu.externaltools.gnu-tools-for-stm32.10.3-2021.10.linux64_1.0.200.202301161003/tools/bin/../lib/gcc/arm-none-eabi/10.3.1/../../../../arm-none-eabi/lib/thumb/v7e-m+fp/hard/libstdc++_nano.a(eh_terminate.o) (__cxxabiv1::__terminate_handler)
/opt/st/stm32cubeide_1.12.0/plugins/com.st.stm32cube.ide.mcu.externaltools.gnu-tools-for-stm32.10.3-2021.10.linux64_1.0.200.202301161003/tools/bin/../lib/gcc/arm-none-eabi/10.3.1/../../../../arm-none-eabi/lib/thumb/v7e-m+fp/hard/libc_nano.a(lib_a-abort.o)
                              /opt/st/stm32cubeide_1.12.0/plugins/com.st.stm32cube.ide.mcu.externaltools.gnu-tools-for-stm32.10.3-2021.10.linux64_1.0.200.202301161003/tools/bin/../lib/gcc/arm-none-eabi/10.3.1/../../../../arm-none-eabi/lib/thumb/v7e-m+fp/hard/libstdc++_nano.a(eh_terminate.o) (abort)
/opt/st/stm32cubeide_1.12.0/plugins/com.st.stm32cube.ide.mcu.externaltools.gnu-tools-for-stm32.10.3-2021.10.linux64_1.0.200.202301161003/tools/bin/../lib/gcc/arm-none-eabi/10.3.1/../../../../arm-none-eabi/lib/thumb/v7e-m+fp/hard/libc_nano.a(lib_a-errno.o)
                              ./Core/Src/syscalls.o (__errno)
/opt/st/stm32cubeide_1.12.0/plugins/com.st.stm32cube.ide.mcu.externaltools.gnu-tools-for-stm32.10.3-2021.10.linux64_1.0.200.202301161003/tools/bin/../lib/gcc/arm-none-eabi/10.3.1/../../../../arm-none-eabi/lib/thumb/v7e-m+fp/hard/libc_nano.a(lib_a-exit.o)
                              /opt/st/stm32cubeide_1.12.0/plugins/com.st.stm32cube.ide.mcu.externaltools.gnu-tools-for-stm32.10.3-2021.10.linux64_1.0.200.202301161003/tools/bin/../lib/gcc/arm-none-eabi/10.3.1/../../../../arm-none-eabi/lib/thumb/v7e-m+fp/hard/crt0.o (exit)
/opt/st/stm32cubeide_1.12.0/plugins/com.st.stm32cube.ide.mcu.externaltools.gnu-tools-for-stm32.10.3-2021.10.linux64_1.0.200.202301161003/tools/bin/../lib/gcc/arm-none-eabi/10.3.1/../../../../arm-none-eabi/lib/thumb/v7e-m+fp/hard/libc_nano.a(lib_a-impure.o)
                              /opt/st/stm32cubeide_1.12.0/plugins/com.st.stm32cube.ide.mcu.externaltools.gnu-tools-for-stm32.10.3-2021.10.linux64_1.0.200.202301161003/tools/bin/../lib/gcc/arm-none-eabi/10.3.1/../../../../arm-none-eabi/lib/thumb/v7e-m+fp/hard/libc_nano.a(lib_a-exit.o) (_global_impure_ptr)
/opt/st/stm32cubeide_1.12.0/plugins/com.st.stm32cube.ide.mcu.externaltools.gnu-tools-for-stm32.10.3-2021.10.linux64_1.0.200.202301161003/tools/bin/../lib/gcc/arm-none-eabi/10.3.1/../../../../arm-none-eabi/lib/thumb/v7e-m+fp/hard/libc_nano.a(lib_a-init.o)
                              /opt/st/stm32cubeide_1.12.0/plugins/com.st.stm32cube.ide.mcu.externaltools.gnu-tools-for-stm32.10.3-2021.10.linux64_1.0.200.202301161003/tools/bin/../lib/gcc/arm-none-eabi/10.3.1/../../../../arm-none-eabi/lib/thumb/v7e-m+fp/hard/crt0.o (__libc_init_array)
/opt/st/stm32cubeide_1.12.0/plugins/com.st.stm32cube.ide.mcu.externaltools.gnu-tools-for-stm32.10.3-2021.10.linux64_1.0.200.202301161003/tools/bin/../lib/gcc/arm-none-eabi/10.3.1/../../../../arm-none-eabi/lib/thumb/v7e-m+fp/hard/libc_nano.a(lib_a-memcpy-stub.o)
                              ./Core/Src/BufferedSerial.o (memcpy)
[...]
Memory Configuration

Name             Origin             Length             Attributes
CCMRAM           0x0000000010000000 0x0000000000010000 xrw
RAM              0x0000000020000000 0x0000000000020000 xrw
FLASH            0x0000000008000000 0x0000000000100000 xr
*default*        0x0000000000000000 0xffffffffffffffff

Linker script and memory map

LOAD /opt/st/stm32cubeide_1.12.0/plugins/com.st.stm32cube.ide.mcu.externaltools.gnu-tools-for-stm32.10.3-2021.10.linux64_1.0.200.202301161003/tools/bin/../lib/gcc/arm-none-eabi/10.3.1/thumb/v7e-m+fp/hard/crti.o
LOAD /opt/st/stm32cubeide_1.12.0/plugins/com.st.stm32cube.ide.mcu.externaltools.gnu-tools-for-stm32.10.3-2021.10.linux64_1.0.200.202301161003/tools/bin/../lib/gcc/arm-none-eabi/10.3.1/thumb/v7e-m+fp/hard/crtbegin.o
LOAD /opt/st/stm32cubeide_1.12.0/plugins/com.st.stm32cube.ide.mcu.externaltools.gnu-tools-for-stm32.10.3-2021.10.linux64_1.0.200.202301161003/tools/bin/../lib/gcc/arm-none-eabi/10.3.1/../../../../arm-none-eabi/lib/thumb/v7e-m+fp/hard/crt0.o
LOAD ./Core/Src/BufferedSerial.o
LOAD ./Core/Src/duration.o
LOAD ./Core/Src/main.o
LOAD ./Core/Src/mainpp.o
LOAD ./Core/Src/stm32f4xx_hal_msp.o
LOAD ./Core/Src/stm32f4xx_it.o
LOAD ./Core/Src/syscalls.o
LOAD ./Core/Src/sysmem.o
LOAD ./Core/Src/system_stm32f4xx.o
LOAD ./Core/Src/time.o
LOAD ./Core/Startup/startup_stm32f407vgtx.o
LOAD ./Drivers/STM32F4xx_HAL_Driver/Src/stm32f4xx_hal.o
LOAD ./Drivers/STM32F4xx_HAL_Driver/Src/stm32f4xx_hal_cortex.o
LOAD ./Drivers/STM32F4xx_HAL_Driver/Src/stm32f4xx_hal_dma.o
LOAD ./Drivers/STM32F4xx_HAL_Driver/Src/stm32f4xx_hal_dma_ex.o
LOAD ./Drivers/STM32F4xx_HAL_Driver/Src/stm32f4xx_hal_exti.o
LOAD ./Drivers/STM32F4xx_HAL_Driver/Src/stm32f4xx_hal_flash.o
LOAD ./Drivers/STM32F4xx_HAL_Driver/Src/stm32f4xx_hal_flash_ex.o
LOAD ./Drivers/STM32F4xx_HAL_Driver/Src/stm32f4xx_hal_flash_ramfunc.o
LOAD ./Drivers/STM32F4xx_HAL_Driver/Src/stm32f4xx_hal_gpio.o
LOAD ./Drivers/STM32F4xx_HAL_Driver/Src/stm32f4xx_hal_pwr.o
LOAD ./Drivers/STM32F4xx_HAL_Driver/Src/stm32f4xx_hal_pwr_ex.o
LOAD ./Drivers/STM32F4xx_HAL_Driver/Src/stm32f4xx_hal_rcc.o
LOAD ./Drivers/STM32F4xx_HAL_Driver/Src/stm32f4xx_hal_rcc_ex.o
LOAD ./Drivers/STM32F4xx_HAL_Driver/Src/stm32f4xx_hal_tim.o
LOAD ./Drivers/STM32F4xx_HAL_Driver/Src/stm32f4xx_hal_tim_ex.o
LOAD ./Drivers/STM32F4xx_HAL_Driver/Src/stm32f4xx_hal_uart.o
START GROUP
LOAD /opt/st/stm32cubeide_1.12.0/plugins/com.st.stm32cube.ide.mcu.externaltools.gnu-tools-for-stm32.10.3-2021.10.linux64_1.0.200.202301161003/tools/bin/../lib/gcc/arm-none-eabi/10.3.1/../../../../arm-none-eabi/lib/thumb/v7e-m+fp/hard/libstdc++_nano.a
LOAD /opt/st/stm32cubeide_1.12.0/plugins/com.st.stm32cube.ide.mcu.externaltools.gnu-tools-for-stm32.10.3-2021.10.linux64_1.0.200.202301161003/tools/bin/../lib/gcc/arm-none-eabi/10.3.1/../../../../arm-none-eabi/lib/thumb/v7e-m+fp/hard/libsupc++_nano.a
END GROUP
LOAD /opt/st/stm32cubeide_1.12.0/plugins/com.st.stm32cube.ide.mcu.externaltools.gnu-tools-for-stm32.10.3-2021.10.linux64_1.0.200.202301161003/tools/bin/../lib/gcc/arm-none-eabi/10.3.1/../../../../arm-none-eabi/lib/thumb/v7e-m+fp/hard/libstdc++_nano.a
LOAD /opt/st/stm32cubeide_1.12.0/plugins/com.st.stm32cube.ide.mcu.externaltools.gnu-tools-for-stm32.10.3-2021.10.linux64_1.0.200.202301161003/tools/bin/../lib/gcc/arm-none-eabi/10.3.1/../../../../arm-none-eabi/lib/thumb/v7e-m+fp/hard/libm.a
LOAD /opt/st/stm32cubeide_1.12.0/plugins/com.st.stm32cube.ide.mcu.externaltools.gnu-tools-for-stm32.10.3-2021.10.linux64_1.0.200.202301161003/tools/bin/../lib/gcc/arm-none-eabi/10.3.1/../../../../arm-none-eabi/lib/thumb/v7e-m+fp/hard/libc_nano.a
START GROUP
LOAD /opt/st/stm32cubeide_1.12.0/plugins/com.st.stm32cube.ide.mcu.externaltools.gnu-tools-for-stm32.10.3-2021.10.linux64_1.0.200.202301161003/tools/bin/../lib/gcc/arm-none-eabi/10.3.1/thumb/v7e-m+fp/hard/libgcc.a
LOAD /opt/st/stm32cubeide_1.12.0/plugins/com.st.stm32cube.ide.mcu.externaltools.gnu-tools-for-stm32.10.3-2021.10.linux64_1.0.200.202301161003/tools/bin/../lib/gcc/arm-none-eabi/10.3.1/../../../../arm-none-eabi/lib/thumb/v7e-m+fp/hard/libc_nano.a
END GROUP
START GROUP
LOAD /opt/st/stm32cubeide_1.12.0/plugins/com.st.stm32cube.ide.mcu.externaltools.gnu-tools-for-stm32.10.3-2021.10.linux64_1.0.200.202301161003/tools/bin/../lib/gcc/arm-none-eabi/10.3.1/thumb/v7e-m+fp/hard/libgcc.a
LOAD /opt/st/stm32cubeide_1.12.0/plugins/com.st.stm32cube.ide.mcu.externaltools.gnu-tools-for-stm32.10.3-2021.10.linux64_1.0.200.202301161003/tools/bin/../lib/gcc/arm-none-eabi/10.3.1/../../../../arm-none-eabi/lib/thumb/v7e-m+fp/hard/libc_nano.a
LOAD /opt/st/stm32cubeide_1.12.0/plugins/com.st.stm32cube.ide.mcu.externaltools.gnu-tools-for-stm32.10.3-2021.10.linux64_1.0.200.202301161003/tools/bin/../lib/gcc/arm-none-eabi/10.3.1/../../../../arm-none-eabi/lib/thumb/v7e-m+fp/hard/libnosys.a
END GROUP
START GROUP
LOAD /opt/st/stm32cubeide_1.12.0/plugins/com.st.stm32cube.ide.mcu.externaltools.gnu-tools-for-stm32.10.3-2021.10.linux64_1.0.200.202301161003/tools/bin/../lib/gcc/arm-none-eabi/10.3.1/thumb/v7e-m+fp/hard/libgcc.a
LOAD /opt/st/stm32cubeide_1.12.0/plugins/com.st.stm32cube.ide.mcu.externaltools.gnu-tools-for-stm32.10.3-2021.10.linux64_1.0.200.202301161003/tools/bin/../lib/gcc/arm-none-eabi/10.3.1/../../../../arm-none-eabi/lib/thumb/v7e-m+fp/hard/libc_nano.a
LOAD /opt/st/stm32cubeide_1.12.0/plugins/com.st.stm32cube.ide.mcu.externaltools.gnu-tools-for-stm32.10.3-2021.10.linux64_1.0.200.202301161003/tools/bin/../lib/gcc/arm-none-eabi/10.3.1/../../../../arm-none-eabi/lib/thumb/v7e-m+fp/hard/libnosys.a
END GROUP
LOAD /opt/st/stm32cubeide_1.12.0/plugins/com.st.stm32cube.ide.mcu.externaltools.gnu-tools-for-stm32.10.3-2021.10.linux64_1.0.200.202301161003/tools/bin/../lib/gcc/arm-none-eabi/10.3.1/thumb/v7e-m+fp/hard/crtend.o
LOAD /opt/st/stm32cubeide_1.12.0/plugins/com.st.stm32cube.ide.mcu.externaltools.gnu-tools-for-stm32.10.3-2021.10.linux64_1.0.200.202301161003/tools/bin/../lib/gcc/arm-none-eabi/10.3.1/thumb/v7e-m+fp/hard/crtn.o
                0x0000000020020000                _estack = (ORIGIN (RAM) + LENGTH (RAM))
                0x0000000000000200                _Min_Heap_Size = 0x200
                0x0000000000000400                _Min_Stack_Size = 0x400

.isr_vector     0x0000000008000000      0x188
                0x0000000008000000                . = ALIGN (0x4)
 *(.isr_vector)
 .isr_vector    0x0000000008000000      0x188 ./Core/Startup/startup_stm32f407vgtx.o
                0x0000000008000000                g_pfnVectors
                0x0000000008000188                . = ALIGN (0x4)

.text           0x0000000008000190     0xd924
                0x0000000008000190                . = ALIGN (0x4)
 *(.text)
 .text          0x0000000008000190       0x40 /opt/st/stm32cubeide_1.12.0/plugins/com.st.stm32cube.ide.mcu.externaltools.gnu-tools-for-stm32.10.3-2021.10.linux64_1.0.200.202301161003/tools/bin/../lib/gcc/arm-none-eabi/10.3.1/thumb/v7e-m+fp/hard/crtbegin.o
 .text          0x00000000080001d0       0x10 /opt/st/stm32cubeide_1.12.0/plugins/com.st.stm32cube.ide.mcu.externaltools.gnu-tools-for-stm32.10.3-2021.10.linux64_1.0.200.202301161003/tools/bin/../lib/gcc/arm-none-eabi/10.3.1/../../../../arm-none-eabi/lib/thumb/v7e-m+fp/hard/libc_nano.a(lib_a-strlen.o)
                0x00000000080001d0                strlen
 .text          0x00000000080001e0       0xa0 /opt/st/stm32cubeide_1.12.0/plugins/com.st.stm32cube.ide.mcu.externaltools.gnu-tools-for-stm32.10.3-2021.10.linux64_1.0.200.202301161003/tools/bin/../lib/gcc/arm-none-eabi/10.3.1/../../../../arm-none-eabi/lib/thumb/v7e-m+fp/hard/libc_nano.a(lib_a-memchr.o)
                0x00000000080001e0                memchr
 .text          0x0000000008000280      0x378 /opt/st/stm32cubeide_1.12.0/plugins/com.st.stm32cube.ide.mcu.externaltools.gnu-tools-for-stm32.10.3-2021.10.linux64_1.0.200.202301161003/tools/bin/../lib/gcc/arm-none-eabi/10.3.1/thumb/v7e-m+fp/hard/libgcc.a(_arm_addsubdf3.o)
                0x0000000008000280                __aeabi_drsub
                0x0000000008000288                __aeabi_dsub
                0x0000000008000288                __subdf3
                0x000000000800028c                __adddf3
                0x000000000800028c                __aeabi_dadd
                0x0000000008000504                __aeabi_ui2d
                0x0000000008000504                __floatunsidf
                0x0000000008000524                __floatsidf
                0x0000000008000524                __aeabi_i2d
                0x0000000008000548                __extendsfdf2
                0x0000000008000548                __aeabi_f2d
                0x000000000800058c                __aeabi_ul2d
                0x000000000800058c                __floatundidf
                0x000000000800059c                __floatdidf
                0x000000000800059c                __aeabi_l2d
 .text          0x00000000080005f8      0x424 /opt/st/stm32cubeide_1.12.0/plugins/com.st.stm32cube.ide.mcu.externaltools.gnu-tools-for-stm32.10.3-2021.10.linux64_1.0.200.202301161003/tools/bin/../lib/gcc/arm-none-eabi/10.3.1/thumb/v7e-m+fp/hard/libgcc.a(_arm_muldivdf3.o)
                0x00000000080005f8                __aeabi_dmul
                0x00000000080005f8                __muldf3
                0x000000000800084c                __aeabi_ddiv
                0x000000000800084c                __divdf3
 .text          0x0000000008000a1c      0x110 /opt/st/stm32cubeide_1.12.0/plugins/com.st.stm32cube.ide.mcu.externaltools.gnu-tools-for-stm32.10.3-2021.10.linux64_1.0.200.202301161003/tools/bin/../lib/gcc/arm-none-eabi/10.3.1/thumb/v7e-m+fp/hard/libgcc.a(_arm_cmpdf2.o)
                0x0000000008000a1c                __gtdf2
                0x0000000008000a1c                __gedf2
                0x0000000008000a24                __ltdf2
                0x0000000008000a24                __ledf2
                0x0000000008000a2c                __cmpdf2
                0x0000000008000a2c                __eqdf2
                0x0000000008000a2c                __nedf2
                0x0000000008000aa8                __aeabi_cdrcmple
                0x0000000008000ab8                __aeabi_cdcmple
                0x0000000008000ab8                __aeabi_cdcmpeq
                0x0000000008000ac8                __aeabi_dcmpeq
                0x0000000008000adc                __aeabi_dcmplt
                0x0000000008000af0                __aeabi_dcmple
                0x0000000008000b04                __aeabi_dcmpge
                0x0000000008000b18                __aeabi_dcmpgt
 .text          0x0000000008000b2c       0x2c /opt/st/stm32cubeide_1.12.0/plugins/com.st.stm32cube.ide.mcu.externaltools.gnu-tools-for-stm32.10.3-2021.10.linux64_1.0.200.202301161003/tools/bin/../lib/gcc/arm-none-eabi/10.3.1/thumb/v7e-m+fp/hard/libgcc.a(_arm_unorddf2.o)
                0x0000000008000b2c                __aeabi_dcmpun
                0x0000000008000b2c                __unorddf2
 .text          0x0000000008000b58       0x50 /opt/st/stm32cubeide_1.12.0/plugins/com.st.stm32cube.ide.mcu.externaltools.gnu-tools-for-stm32.10.3-2021.10.linux64_1.0.200.202301161003/tools/bin/../lib/gcc/arm-none-eabi/10.3.1/thumb/v7e-m+fp/hard/libgcc.a(_arm_fixdfsi.o)
                0x0000000008000b58                __fixdfsi
                0x0000000008000b58                __aeabi_d2iz
 .text          0x0000000008000ba8       0x40 /opt/st/stm32cubeide_1.12.0/plugins/com.st.stm32cube.ide.mcu.externaltools.gnu-tools-for-stm32.10.3-2021.10.linux64_1.0.200.202301161003/tools/bin/../lib/gcc/arm-none-eabi/10.3.1/thumb/v7e-m+fp/hard/libgcc.a(_arm_fixunsdfsi.o)
                0x0000000008000ba8                __fixunsdfsi
                0x0000000008000ba8                __aeabi_d2uiz
 .text          0x0000000008000be8       0xa0 /opt/st/stm32cubeide_1.12.0/plugins/com.st.stm32cube.ide.mcu.externaltools.gnu-tools-for-stm32.10.3-2021.10.linux64_1.0.200.202301161003/tools/bin/../lib/gcc/arm-none-eabi/10.3.1/thumb/v7e-m+fp/hard/libgcc.a(_arm_truncdfsf2.o)
                0x0000000008000be8                __aeabi_d2f
                0x0000000008000be8                __truncdfsf2
 .text          0x0000000008000c88       0x30 /opt/st/stm32cubeide_1.12.0/plugins/com.st.stm32cube.ide.mcu.externaltools.gnu-tools-for-stm32.10.3-2021.10.linux64_1.0.200.202301161003/tools/bin/../lib/gcc/arm-none-eabi/10.3.1/thumb/v7e-m+fp/hard/libgcc.a(_aeabi_uldivmod.o)
                0x0000000008000c88                __aeabi_uldivmod
 .text          0x0000000008000cb8       0x30 /opt/st/stm32cubeide_1.12.0/plugins/com.st.stm32cube.ide.mcu.externaltools.gnu-tools-for-stm32.10.3-2021.10.linux64_1.0.200.202301161003/tools/bin/../lib/gcc/arm-none-eabi/10.3.1/thumb/v7e-m+fp/hard/libgcc.a(_fixdfdi.o)
                0x0000000008000cb8                __aeabi_d2lz
                0x0000000008000cb8                __fixdfdi
 .text          0x0000000008000ce8       0x3c /opt/st/stm32cubeide_1.12.0/plugins/com.st.stm32cube.ide.mcu.externaltools.gnu-tools-for-stm32.10.3-2021.10.linux64_1.0.200.202301161003/tools/bin/../lib/gcc/arm-none-eabi/10.3.1/thumb/v7e-m+fp/hard/libgcc.a(_fixunsdfdi.o)
                0x0000000008000ce8                __aeabi_d2ulz
                0x0000000008000ce8                __fixunsdfdi
 .text          0x0000000008000d24      0x2d0 /opt/st/stm32cubeide_1.12.0/plugins/com.st.stm32cube.ide.mcu.externaltools.gnu-tools-for-stm32.10.3-2021.10.linux64_1.0.200.202301161003/tools/bin/../lib/gcc/arm-none-eabi/10.3.1/thumb/v7e-m+fp/hard/libgcc.a(_udivmoddi4.o)
                0x0000000008000d24                __udivmoddi4
 .text          0x0000000008000ff4        0x4 /opt/st/stm32cubeide_1.12.0/plugins/com.st.stm32cube.ide.mcu.externaltools.gnu-tools-for-stm32.10.3-2021.10.linux64_1.0.200.202301161003/tools/bin/../lib/gcc/arm-none-eabi/10.3.1/thumb/v7e-m+fp/hard/libgcc.a(_dvmd_tls.o)
                0x0000000008000ff4                __aeabi_ldiv0
                0x0000000008000ff4                __aeabi_idiv0
 *(.text*)
 .text._ZN14BufferedSerialC2ER20__UART_HandleTypeDef
                0x0000000008000ff8       0x48 ./Core/Src/BufferedSerial.o
                0x0000000008000ff8                BufferedSerial::BufferedSerial(__UART_HandleTypeDef&)
                0x0000000008000ff8                BufferedSerial::BufferedSerial(__UART_HandleTypeDef&)
 .text._ZN14BufferedSerial4initEv
                0x0000000008001040       0x16 ./Core/Src/BufferedSerial.o
                0x0000000008001040                BufferedSerial::init()
 .text._ZN14BufferedSerial4readEv
                0x0000000008001056       0x76 ./Core/Src/BufferedSerial.o
                0x0000000008001056                BufferedSerial::read()
 .text._ZN14BufferedSerial5writeEPKhi
                0x00000000080010cc       0xc8 ./Core/Src/BufferedSerial.o
                0x00000000080010cc                BufferedSerial::write(unsigned char const*, int)
 .text._ZN14BufferedSerial15flush_tx_bufferEv
                0x0000000008001194      0x148 ./Core/Src/BufferedSerial.o
                0x0000000008001194                BufferedSerial::flush_tx_buffer()
 .text._ZN14BufferedSerial15reset_rx_bufferEv
                0x00000000080012dc       0x22 ./Core/Src/BufferedSerial.o
                0x00000000080012dc                BufferedSerial::reset_rx_buffer()
 .text._ZN14BufferedSerial10get_handleEv
                0x00000000080012fe       0x18 ./Core/Src/BufferedSerial.o
                0x00000000080012fe                BufferedSerial::get_handle()
 *fill*         0x0000000008001316        0x2 
 .text.HAL_UART_TxCpltCallback
                0x0000000008001318       0x38 ./Core/Src/BufferedSerial.o
                0x0000000008001318                HAL_UART_TxCpltCallback
 .text.HAL_UART_RxCpltCallback
                0x0000000008001350       0x1c ./Core/Src/BufferedSerial.o
                0x0000000008001350                HAL_UART_RxCpltCallback
 .text._Z41__static_initialization_and_destruction_0ii
                0x000000000800136c       0x34 ./Core/Src/BufferedSerial.o
 .text._GLOBAL__sub_I_buff_serial
                0x00000000080013a0       0x10 ./Core/Src/BufferedSerial.o
 .text.main     0x00000000080013b0      0x138 ./Core/Src/main.o
                0x00000000080013b0                main
 .text._Z18SystemClock_Configv
                0x00000000080014e8       0xe8 ./Core/Src/main.o
                0x00000000080014e8                SystemClock_Config()
 .text._ZL12MX_TIM1_Initv
                0x00000000080015d0       0xc4 ./Core/Src/main.o
 .text._ZL12MX_TIM2_Initv
                0x0000000008001694       0xf0 ./Core/Src/main.o
 .text._ZL12MX_TIM3_Initv
                0x0000000008001784       0xbc ./Core/Src/main.o
 .text._ZL12MX_TIM5_Initv
                0x0000000008001840       0xb8 ./Core/Src/main.o
 .text._ZL13MX_TIM14_Initv
                0x00000000080018f8       0x50 ./Core/Src/main.o
 .text._ZL19MX_USART2_UART_Initv
                0x0000000008001948       0x5c ./Core/Src/main.o
 .text._ZL11MX_DMA_Initv
                0x00000000080019a4       0x50 ./Core/Src/main.o
 .text._ZL12MX_GPIO_Initv
                0x00000000080019f4      0x108 ./Core/Src/main.o
 *fill*         0x0000000008001afc        0x4 
 .text.HAL_TIM_PeriodElapsedCallback
                0x0000000008001b00      0x758 ./Core/Src/main.o
                0x0000000008001b00                HAL_TIM_PeriodElapsedCallback
 .text.Error_Handler
                0x0000000008002258        0xa ./Core/Src/main.o
                0x0000000008002258                Error_Handler
 *fill*         0x0000000008002262        0x2 
 .text._ZN3ros3MsgC2Ev
                0x0000000008002264       0x20 ./Core/Src/mainpp.o
                0x0000000008002264                ros::Msg::Msg()
                0x0000000008002264                ros::Msg::Msg()
 .text._ZN10custom_msg17encoder_input_msgC2Ev
                0x0000000008002284       0x64 ./Core/Src/mainpp.o
                0x0000000008002284                custom_msg::encoder_input_msg::encoder_input_msg()
                0x0000000008002284                custom_msg::encoder_input_msg::encoder_input_msg()
 .text._ZNK10custom_msg17encoder_input_msg9serializeEPh
                0x00000000080022e8      0x25c ./Core/Src/mainpp.o
                0x00000000080022e8                custom_msg::encoder_input_msg::serialize(unsigned char*) const
 .text._ZN10custom_msg17encoder_input_msg11deserializeEPh
                0x0000000008002544      0x2bc ./Core/Src/mainpp.o
                0x0000000008002544                custom_msg::encoder_input_msg::deserialize(unsigned char*)
 .text._ZN10custom_msg17encoder_input_msg7getTypeEv
                0x0000000008002800       0x1c ./Core/Src/mainpp.o
                0x0000000008002800                custom_msg::encoder_input_msg::getType()
 .text._ZN10custom_msg17encoder_input_msg6getMD5Ev
                0x000000000800281c       0x1c ./Core/Src/mainpp.o
                0x000000000800281c                custom_msg::encoder_input_msg::getMD5()
 .text._ZN10custom_msg18encoder_output_msgC2Ev
                0x0000000008002838       0x54 ./Core/Src/mainpp.o
                0x0000000008002838                custom_msg::encoder_output_msg::encoder_output_msg()
                0x0000000008002838                custom_msg::encoder_output_msg::encoder_output_msg()
 .text._ZNK10custom_msg18encoder_output_msg9serializeEPh
                0x000000000800288c      0x1cc ./Core/Src/mainpp.o
                0x000000000800288c                custom_msg::encoder_output_msg::serialize(unsigned char*) const
 .text._ZN10custom_msg18encoder_output_msg11deserializeEPh
                0x0000000008002a58      0x214 ./Core/Src/mainpp.o
                0x0000000008002a58                custom_msg::encoder_output_msg::deserialize(unsigned char*)
 .text._ZN10custom_msg18encoder_output_msg7getTypeEv
                0x0000000008002c6c       0x1c ./Core/Src/mainpp.o
                0x0000000008002c6c                custom_msg::encoder_output_msg::getType()
 .text._ZN10custom_msg18encoder_output_msg6getMD5Ev
                0x0000000008002c88       0x1c ./Core/Src/mainpp.o
                0x0000000008002c88                custom_msg::encoder_output_msg::getMD5()
 .text._ZN13STM32HardwareC2Ev
                0x0000000008002ca4       0x20 ./Core/Src/mainpp.o
                0x0000000008002ca4                STM32Hardware::STM32Hardware()
                0x0000000008002ca4                STM32Hardware::STM32Hardware()
 .text._ZN13STM32Hardware4initEv
                0x0000000008002cc4       0x1a ./Core/Src/mainpp.o
                0x0000000008002cc4                STM32Hardware::init()
 .text._ZN13STM32Hardware4readEv
                0x0000000008002cde       0x1c ./Core/Src/mainpp.o
                0x0000000008002cde                STM32Hardware::read()
 .text._ZN13STM32Hardware5writeEPhi
                0x0000000008002cfa       0x22 ./Core/Src/mainpp.o
                0x0000000008002cfa                STM32Hardware::write(unsigned char*, int)
 .text._ZN13STM32Hardware4timeEv
                0x0000000008002d1c       0x16 ./Core/Src/mainpp.o
                0x0000000008002d1c                STM32Hardware::time()
 .text._ZN3ros4TimeC2Ev
                0x0000000008002d32       0x22 ./Core/Src/mainpp.o
                0x0000000008002d32                ros::Time::Time()
                0x0000000008002d32                ros::Time::Time()
 .text._ZN8std_msgs4TimeC2Ev
                0x0000000008002d54       0x30 ./Core/Src/mainpp.o
                0x0000000008002d54                std_msgs::Time::Time()
                0x0000000008002d54                std_msgs::Time::Time()
 .text._ZNK8std_msgs4Time9serializeEPh
                0x0000000008002d84       0xb0 ./Core/Src/mainpp.o
                0x0000000008002d84                std_msgs::Time::serialize(unsigned char*) const
 .text._ZN8std_msgs4Time11deserializeEPh
                0x0000000008002e34       0xc8 ./Core/Src/mainpp.o
                0x0000000008002e34                std_msgs::Time::deserialize(unsigned char*)
 .text._ZN8std_msgs4Time7getTypeEv
                0x0000000008002efc       0x1c ./Core/Src/mainpp.o
                0x0000000008002efc                std_msgs::Time::getType()
 .text._ZN8std_msgs4Time6getMD5Ev
                0x0000000008002f18       0x1c ./Core/Src/mainpp.o
                0x0000000008002f18                std_msgs::Time::getMD5()
 .text._ZN14rosserial_msgs9TopicInfoC2Ev
                0x0000000008002f34       0x48 ./Core/Src/mainpp.o
                0x0000000008002f34                rosserial_msgs::TopicInfo::TopicInfo()
                0x0000000008002f34                rosserial_msgs::TopicInfo::TopicInfo()
 .text._ZNK14rosserial_msgs9TopicInfo9serializeEPh
                0x0000000008002f7c      0x136 ./Core/Src/mainpp.o
                0x0000000008002f7c                rosserial_msgs::TopicInfo::serialize(unsigned char*) const
 .text._ZN14rosserial_msgs9TopicInfo11deserializeEPh
                0x00000000080030b2      0x1d0 ./Core/Src/mainpp.o
                0x00000000080030b2                rosserial_msgs::TopicInfo::deserialize(unsigned char*)
 *fill*         0x0000000008003282        0x2 
 .text._ZN14rosserial_msgs9TopicInfo7getTypeEv
                0x0000000008003284       0x1c ./Core/Src/mainpp.o
                0x0000000008003284                rosserial_msgs::TopicInfo::getType()
 .text._ZN14rosserial_msgs9TopicInfo6getMD5Ev
                0x00000000080032a0       0x1c ./Core/Src/mainpp.o
                0x00000000080032a0                rosserial_msgs::TopicInfo::getMD5()
 .text._ZN14rosserial_msgs3LogC2Ev
                0x00000000080032bc       0x34 ./Core/Src/mainpp.o
                0x00000000080032bc                rosserial_msgs::Log::Log()
                0x00000000080032bc                rosserial_msgs::Log::Log()
 .text._ZNK14rosserial_msgs3Log9serializeEPh
                0x00000000080032f0       0x64 ./Core/Src/mainpp.o
                0x00000000080032f0                rosserial_msgs::Log::serialize(unsigned char*) const
 .text._ZN14rosserial_msgs3Log11deserializeEPh
                0x0000000008003354       0x90 ./Core/Src/mainpp.o
                0x0000000008003354                rosserial_msgs::Log::deserialize(unsigned char*)
 .text._ZN14rosserial_msgs3Log7getTypeEv
                0x00000000080033e4       0x1c ./Core/Src/mainpp.o
                0x00000000080033e4                rosserial_msgs::Log::getType()
 .text._ZN14rosserial_msgs3Log6getMD5Ev
                0x0000000008003400       0x1c ./Core/Src/mainpp.o
                0x0000000008003400                rosserial_msgs::Log::getMD5()
 .text._ZN14rosserial_msgs20RequestParamResponseC2Ev
                0x000000000800341c       0x48 ./Core/Src/mainpp.o
                0x000000000800341c                rosserial_msgs::RequestParamResponse::RequestParamResponse()
                0x000000000800341c                rosserial_msgs::RequestParamResponse::RequestParamResponse()
 .text._ZNK14rosserial_msgs20RequestParamResponse9serializeEPh
                0x0000000008003464      0x222 ./Core/Src/mainpp.o
                0x0000000008003464                rosserial_msgs::RequestParamResponse::serialize(unsigned char*) const
 .text._ZN14rosserial_msgs20RequestParamResponse11deserializeEPh
                0x0000000008003686      0x2e2 ./Core/Src/mainpp.o
                0x0000000008003686                rosserial_msgs::RequestParamResponse::deserialize(unsigned char*)
 .text._ZN14rosserial_msgs20RequestParamResponse7getTypeEv
                0x0000000008003968       0x1c ./Core/Src/mainpp.o
                0x0000000008003968                rosserial_msgs::RequestParamResponse::getType()
 .text._ZN14rosserial_msgs20RequestParamResponse6getMD5Ev
                0x0000000008003984       0x1c ./Core/Src/mainpp.o
                0x0000000008003984                rosserial_msgs::RequestParamResponse::getMD5()
 .text._ZN3ros9PublisherC2EPKcPNS_3MsgEi
                0x00000000080039a0       0x2e ./Core/Src/mainpp.o
                0x00000000080039a0                ros::Publisher::Publisher(char const*, ros::Msg*, int)
                0x00000000080039a0                ros::Publisher::Publisher(char const*, ros::Msg*, int)
 .text._ZN3ros9Publisher7publishEPKNS_3MsgE
                0x00000000080039ce       0x28 ./Core/Src/mainpp.o
                0x00000000080039ce                ros::Publisher::publish(ros::Msg const*)
 .text._ZN3ros9Publisher15getEndpointTypeEv
                0x00000000080039f6       0x18 ./Core/Src/mainpp.o
                0x00000000080039f6                ros::Publisher::getEndpointType()
 *fill*         0x0000000008003a0e        0x2 
 .text._ZN8std_msgs6StringC2Ev
                0x0000000008003a10       0x30 ./Core/Src/mainpp.o
                0x0000000008003a10                std_msgs::String::String()
                0x0000000008003a10                std_msgs::String::String()
 .text._ZNK8std_msgs6String9serializeEPh
                0x0000000008003a40       0x52 ./Core/Src/mainpp.o
                0x0000000008003a40                std_msgs::String::serialize(unsigned char*) const
 .text._ZN8std_msgs6String11deserializeEPh
                0x0000000008003a92       0x7e ./Core/Src/mainpp.o
                0x0000000008003a92                std_msgs::String::deserialize(unsigned char*)
 .text._ZN8std_msgs6String7getTypeEv
                0x0000000008003b10       0x1c ./Core/Src/mainpp.o
                0x0000000008003b10                std_msgs::String::getType()
 .text._ZN8std_msgs6String6getMD5Ev
                0x0000000008003b2c       0x1c ./Core/Src/mainpp.o
                0x0000000008003b2c                std_msgs::String::getMD5()
 .text._ZN8std_msgs5Int16C2Ev
                0x0000000008003b48       0x2c ./Core/Src/mainpp.o
                0x0000000008003b48                std_msgs::Int16::Int16()
                0x0000000008003b48                std_msgs::Int16::Int16()
 .text._ZNK8std_msgs5Int169serializeEPh
                0x0000000008003b74       0x48 ./Core/Src/mainpp.o
                0x0000000008003b74                std_msgs::Int16::serialize(unsigned char*) const
 .text._ZN8std_msgs5Int1611deserializeEPh
                0x0000000008003bbc       0x5a ./Core/Src/mainpp.o
                0x0000000008003bbc                std_msgs::Int16::deserialize(unsigned char*)
 *fill*         0x0000000008003c16        0x2 
 .text._ZN8std_msgs5Int167getTypeEv
                0x0000000008003c18       0x1c ./Core/Src/mainpp.o
                0x0000000008003c18                std_msgs::Int16::getType()
 .text._ZN8std_msgs5Int166getMD5Ev
                0x0000000008003c34       0x1c ./Core/Src/mainpp.o
                0x0000000008003c34                std_msgs::Int16::getMD5()
 .text.setup    0x0000000008003c50       0x50 ./Core/Src/mainpp.o
                0x0000000008003c50                setup
 .text.loop     0x0000000008003ca0       0x7c ./Core/Src/mainpp.o
                0x0000000008003ca0                loop
 .text._Z6vel_cbRKN10custom_msg17encoder_input_msgE
                0x0000000008003d1c       0x74 ./Core/Src/mainpp.o
                0x0000000008003d1c                vel_cb(custom_msg::encoder_input_msg const&)
 .text._Z10control_cbRKN10custom_msg17encoder_input_msgE
                0x0000000008003d90       0x74 ./Core/Src/mainpp.o
                0x0000000008003d90                control_cb(custom_msg::encoder_input_msg const&)
 .text._Z7stop_cbRKN8std_msgs5Int16E
                0x0000000008003e04       0x44 ./Core/Src/mainpp.o
                0x0000000008003e04                stop_cb(std_msgs::Int16 const&)
 .text._ZN3ros3Msg8varToArrIPhmEEvT_T0_
                0x0000000008003e48       0x3c ./Core/Src/mainpp.o
                0x0000000008003e48                void ros::Msg::varToArr<unsigned char*, unsigned long>(unsigned char*, unsigned long)
 .text._ZN3ros3Msg8arrToVarImPhEEvRT_T0_
                0x0000000008003e84       0x4a ./Core/Src/mainpp.o
                0x0000000008003e84                void ros::Msg::arrToVar<unsigned long, unsigned char*>(unsigned long&, unsigned char*)
 *fill*         0x0000000008003ece        0x2 
 .text._ZN3ros15NodeHandleBase_C2Ev
                0x0000000008003ed0       0x20 ./Core/Src/mainpp.o
                0x0000000008003ed0                ros::NodeHandleBase_::NodeHandleBase_()
                0x0000000008003ed0                ros::NodeHandleBase_::NodeHandleBase_()
 .text._ZN3ros11NodeHandle_I13STM32HardwareLi25ELi25ELi512ELi512EEC2Ev
                0x0000000008003ef0       0xfc ./Core/Src/mainpp.o
                0x0000000008003ef0                ros::NodeHandle_<STM32Hardware, 25, 25, 512, 512>::NodeHandle_()
                0x0000000008003ef0                ros::NodeHandle_<STM32Hardware, 25, 25, 512, 512>::NodeHandle_()
 .text._ZN3ros11Subscriber_C2Ev
                0x0000000008003fec       0x20 ./Core/Src/mainpp.o
                0x0000000008003fec                ros::Subscriber_::Subscriber_()
                0x0000000008003fec                ros::Subscriber_::Subscriber_()
 .text._ZN3ros10SubscriberIN10custom_msg17encoder_input_msgEvEC2EPKcPFvRKS2_Ei
                0x000000000800400c       0x48 ./Core/Src/mainpp.o
                0x000000000800400c                ros::Subscriber<custom_msg::encoder_input_msg, void>::Subscriber(char const*, void (*)(custom_msg::encoder_input_msg const&), int)
                0x000000000800400c                ros::Subscriber<custom_msg::encoder_input_msg, void>::Subscriber(char const*, void (*)(custom_msg::encoder_input_msg const&), int)
 .text._ZN3ros10SubscriberIN8std_msgs5Int16EvEC2EPKcPFvRKS2_Ei
                0x0000000008004054       0x48 ./Core/Src/mainpp.o
                0x0000000008004054                ros::Subscriber<std_msgs::Int16, void>::Subscriber(char const*, void (*)(std_msgs::Int16 const&), int)
                0x0000000008004054                ros::Subscriber<std_msgs::Int16, void>::Subscriber(char const*, void (*)(std_msgs::Int16 const&), int)
 .text._ZN3ros11NodeHandle_I13STM32HardwareLi25ELi25ELi512ELi512EE8initNodeEv
                0x000000000800409c       0x3a ./Core/Src/mainpp.o
                0x000000000800409c                ros::NodeHandle_<STM32Hardware, 25, 25, 512, 512>::initNode()
 .text._ZN3ros11NodeHandle_I13STM32HardwareLi25ELi25ELi512ELi512EE9advertiseERNS_9PublisherE
                0x00000000080040d6       0x5c ./Core/Src/mainpp.o
                0x00000000080040d6                ros::NodeHandle_<STM32Hardware, 25, 25, 512, 512>::advertise(ros::Publisher&)
 .text._ZN3ros11NodeHandle_I13STM32HardwareLi25ELi25ELi512ELi512EE9subscribeINS_10SubscriberIN10custom_msg17encoder_input_msgEvEEEEbRT_
                0x0000000008004132       0x5a ./Core/Src/mainpp.o
                0x0000000008004132                bool ros::NodeHandle_<STM32Hardware, 25, 25, 512, 512>::subscribe<ros::Subscriber<custom_msg::encoder_input_msg, void> >(ros::Subscriber<custom_msg::encoder_input_msg, void>&)
 .text._ZN3ros11NodeHandle_I13STM32HardwareLi25ELi25ELi512ELi512EE9subscribeINS_10SubscriberIN8std_msgs5Int16EvEEEEbRT_
                0x000000000800418c       0x5a ./Core/Src/mainpp.o
                0x000000000800418c                bool ros::NodeHandle_<STM32Hardware, 25, 25, 512, 512>::subscribe<ros::Subscriber<std_msgs::Int16, void> >(ros::Subscriber<std_msgs::Int16, void>&)
 .text._ZN3ros11NodeHandle_I13STM32HardwareLi25ELi25ELi512ELi512EE8spinOnceEv
                0x00000000080041e6      0x3a6 ./Core/Src/mainpp.o
                0x00000000080041e6                ros::NodeHandle_<STM32Hardware, 25, 25, 512, 512>::spinOnce()
 .text._ZN3ros11NodeHandle_I13STM32HardwareLi25ELi25ELi512ELi512EE15requestSyncTimeEv
                0x000000000800458c       0x3a ./Core/Src/mainpp.o
                0x000000000800458c                ros::NodeHandle_<STM32Hardware, 25, 25, 512, 512>::requestSyncTime()
 .text._ZN3ros11NodeHandle_I13STM32HardwareLi25ELi25ELi512ELi512EE15negotiateTopicsEv
                0x00000000080045c6      0x1c0 ./Core/Src/mainpp.o
                0x00000000080045c6                ros::NodeHandle_<STM32Hardware, 25, 25, 512, 512>::negotiateTopics()
 *fill*         0x0000000008004786        0x2 
 .text._ZN3ros11NodeHandle_I13STM32HardwareLi25ELi25ELi512ELi512EE8syncTimeEPh
                0x0000000008004788       0x94 ./Core/Src/mainpp.o
                0x0000000008004788                ros::NodeHandle_<STM32Hardware, 25, 25, 512, 512>::syncTime(unsigned char*)
 .text._ZN3ros11NodeHandle_I13STM32HardwareLi25ELi25ELi512ELi512EE7publishEiPKNS_3MsgE
                0x000000000800481c      0x128 ./Core/Src/mainpp.o
                0x000000000800481c                ros::NodeHandle_<STM32Hardware, 25, 25, 512, 512>::publish(int, ros::Msg const*)
 .text._ZN3ros11NodeHandle_I13STM32HardwareLi25ELi25ELi512ELi512EE6setNowERNS_4TimeE
                0x0000000008004944       0x7c ./Core/Src/mainpp.o
                0x0000000008004944                ros::NodeHandle_<STM32Hardware, 25, 25, 512, 512>::setNow(ros::Time&)
 .text._ZN3ros11NodeHandle_I13STM32HardwareLi25ELi25ELi512ELi512EE8logerrorEPKc
                0x00000000080049c0       0x1c ./Core/Src/mainpp.o
                0x00000000080049c0                ros::NodeHandle_<STM32Hardware, 25, 25, 512, 512>::logerror(char const*)
 .text._ZN3ros11NodeHandle_I13STM32HardwareLi25ELi25ELi512ELi512EE3logEcPKc
                0x00000000080049dc       0x38 ./Core/Src/mainpp.o
                0x00000000080049dc                ros::NodeHandle_<STM32Hardware, 25, 25, 512, 512>::log(char, char const*)
 .text._Z41__static_initialization_and_destruction_0ii
                0x0000000008004a14       0xb0 ./Core/Src/mainpp.o
 .text._ZN3ros10SubscriberIN8std_msgs5Int16EvE8callbackEPh
                0x0000000008004ac4       0x2a ./Core/Src/mainpp.o
                0x0000000008004ac4                ros::Subscriber<std_msgs::Int16, void>::callback(unsigned char*)
 .text._ZN3ros10SubscriberIN8std_msgs5Int16EvE15getEndpointTypeEv
                0x0000000008004aee       0x18 ./Core/Src/mainpp.o
                0x0000000008004aee                ros::Subscriber<std_msgs::Int16, void>::getEndpointType()
 .text._ZN3ros10SubscriberIN8std_msgs5Int16EvE10getMsgTypeEv
                0x0000000008004b06       0x1c ./Core/Src/mainpp.o
                0x0000000008004b06                ros::Subscriber<std_msgs::Int16, void>::getMsgType()
 .text._ZN3ros10SubscriberIN8std_msgs5Int16EvE9getMsgMD5Ev
                0x0000000008004b22       0x1c ./Core/Src/mainpp.o
                0x0000000008004b22                ros::Subscriber<std_msgs::Int16, void>::getMsgMD5()
 .text._ZN3ros10SubscriberIN10custom_msg17encoder_input_msgEvE8callbackEPh
                0x0000000008004b3e       0x2a ./Core/Src/mainpp.o
                0x0000000008004b3e                ros::Subscriber<custom_msg::encoder_input_msg, void>::callback(unsigned char*)
 .text._ZN3ros10SubscriberIN10custom_msg17encoder_input_msgEvE15getEndpointTypeEv
                0x0000000008004b68       0x18 ./Core/Src/mainpp.o
                0x0000000008004b68                ros::Subscriber<custom_msg::encoder_input_msg, void>::getEndpointType()
 .text._ZN3ros10SubscriberIN10custom_msg17encoder_input_msgEvE10getMsgTypeEv
                0x0000000008004b80       0x1c ./Core/Src/mainpp.o
                0x0000000008004b80                ros::Subscriber<custom_msg::encoder_input_msg, void>::getMsgType()
 .text._ZN3ros10SubscriberIN10custom_msg17encoder_input_msgEvE9getMsgMD5Ev
                0x0000000008004b9c       0x1c ./Core/Src/mainpp.o
                0x0000000008004b9c                ros::Subscriber<custom_msg::encoder_input_msg, void>::getMsgMD5()
 .text._ZN3ros11NodeHandle_I13STM32HardwareLi25ELi25ELi512ELi512EE9connectedEv
                0x0000000008004bb8       0x1a ./Core/Src/mainpp.o
                0x0000000008004bb8                ros::NodeHandle_<STM32Hardware, 25, 25, 512, 512>::connected()
 .text._GLOBAL__sub_I_nh
                0x0000000008004bd2       0x10 ./Core/Src/mainpp.o
 *fill*         0x0000000008004be2        0x2 
 .text.HAL_MspInit
                0x0000000008004be4       0x50 ./Core/Src/stm32f4xx_hal_msp.o
                0x0000000008004be4                HAL_MspInit
 .text.HAL_TIM_Encoder_MspInit
                0x0000000008004c34       0xfc ./Core/Src/stm32f4xx_hal_msp.o
                0x0000000008004c34                HAL_TIM_Encoder_MspInit
 .text.HAL_TIM_PWM_MspInit
                0x0000000008004d30       0x40 ./Core/Src/stm32f4xx_hal_msp.o
                0x0000000008004d30                HAL_TIM_PWM_MspInit
 .text.HAL_TIM_Base_MspInit
                0x0000000008004d70       0x8c ./Core/Src/stm32f4xx_hal_msp.o
                0x0000000008004d70                HAL_TIM_Base_MspInit
 .text.HAL_TIM_MspPostInit
                0x0000000008004dfc       0xb0 ./Core/Src/stm32f4xx_hal_msp.o
                0x0000000008004dfc                HAL_TIM_MspPostInit
 .text.HAL_UART_MspInit
                0x0000000008004eac      0x16c ./Core/Src/stm32f4xx_hal_msp.o
                0x0000000008004eac                HAL_UART_MspInit
 .text.NMI_Handler
                0x0000000008005018        0x6 ./Core/Src/stm32f4xx_it.o
                0x0000000008005018                NMI_Handler
 .text.HardFault_Handler
                0x000000000800501e        0x6 ./Core/Src/stm32f4xx_it.o
                0x000000000800501e                HardFault_Handler
 .text.MemManage_Handler
                0x0000000008005024        0x6 ./Core/Src/stm32f4xx_it.o
                0x0000000008005024                MemManage_Handler
 .text.BusFault_Handler
                0x000000000800502a        0x6 ./Core/Src/stm32f4xx_it.o
                0x000000000800502a                BusFault_Handler
 .text.UsageFault_Handler
                0x0000000008005030        0x6 ./Core/Src/stm32f4xx_it.o
                0x0000000008005030                UsageFault_Handler
 .text.SVC_Handler
                0x0000000008005036        0xe ./Core/Src/stm32f4xx_it.o
                0x0000000008005036                SVC_Handler
 .text.DebugMon_Handler
                0x0000000008005044        0xe ./Core/Src/stm32f4xx_it.o
                0x0000000008005044                DebugMon_Handler
 .text.PendSV_Handler
                0x0000000008005052        0xe ./Core/Src/stm32f4xx_it.o
                0x0000000008005052                PendSV_Handler
 .text.SysTick_Handler
                0x0000000008005060        0xc ./Core/Src/stm32f4xx_it.o
                0x0000000008005060                SysTick_Handler
 .text.DMA1_Stream5_IRQHandler
                0x000000000800506c       0x14 ./Core/Src/stm32f4xx_it.o
                0x000000000800506c                DMA1_Stream5_IRQHandler
 .text.DMA1_Stream6_IRQHandler
                0x0000000008005080       0x14 ./Core/Src/stm32f4xx_it.o
                0x0000000008005080                DMA1_Stream6_IRQHandler
 .text.USART2_IRQHandler
                0x0000000008005094       0x14 ./Core/Src/stm32f4xx_it.o
                0x0000000008005094                USART2_IRQHandler
 .text.TIM8_TRG_COM_TIM14_IRQHandler
                0x00000000080050a8       0x14 ./Core/Src/stm32f4xx_it.o
                0x00000000080050a8                TIM8_TRG_COM_TIM14_IRQHandler
 .text.TIM5_IRQHandler
                0x00000000080050bc       0x14 ./Core/Src/stm32f4xx_it.o
                0x00000000080050bc                TIM5_IRQHandler
 .text._getpid  0x00000000080050d0       0x10 ./Core/Src/syscalls.o
                0x00000000080050d0                _getpid
 .text._kill    0x00000000080050e0       0x20 ./Core/Src/syscalls.o
                0x00000000080050e0                _kill
 .text._exit    0x0000000008005100       0x14 ./Core/Src/syscalls.o
                0x0000000008005100                _exit
 .text._read    0x0000000008005114       0x3a ./Core/Src/syscalls.o
                0x0000000008005114                _read
 .text._write   0x000000000800514e       0x38 ./Core/Src/syscalls.o
                0x000000000800514e                _write
 .text._close   0x0000000008005186       0x18 ./Core/Src/syscalls.o
                0x0000000008005186                _close
 .text._fstat   0x000000000800519e       0x20 ./Core/Src/syscalls.o
                0x000000000800519e                _fstat
 .text._isatty  0x00000000080051be       0x16 ./Core/Src/syscalls.o
                0x00000000080051be                _isatty
 .text._lseek   0x00000000080051d4       0x1a ./Core/Src/syscalls.o
                0x00000000080051d4                _lseek
 *fill*         0x00000000080051ee        0x2 
 .text._sbrk    0x00000000080051f0       0x6c ./Core/Src/sysmem.o
                0x00000000080051f0                _sbrk
 .text.SystemInit
                0x000000000800525c       0x24 ./Core/Src/system_stm32f4xx.o
                0x000000000800525c                SystemInit
 .text._ZN3ros16normalizeSecNSecERmS0_
                0x0000000008005280       0x58 ./Core/Src/time.o
                0x0000000008005280                ros::normalizeSecNSec(unsigned long&, unsigned long&)
 .text.Reset_Handler
                0x00000000080052d8       0x50 ./Core/Startup/startup_stm32f407vgtx.o
                0x00000000080052d8                Reset_Handler
 .text.Default_Handler
                0x0000000008005328        0x2 ./Core/Startup/startup_stm32f407vgtx.o
                0x0000000008005328                RTC_Alarm_IRQHandler
                0x0000000008005328                HASH_RNG_IRQHandler
                0x0000000008005328                EXTI2_IRQHandler
                0x0000000008005328                TIM8_CC_IRQHandler
                0x0000000008005328                TIM1_CC_IRQHandler
                0x0000000008005328                DMA2_Stream5_IRQHandler
                0x0000000008005328                PVD_IRQHandler
                0x0000000008005328                SDIO_IRQHandler
                0x0000000008005328                TAMP_STAMP_IRQHandler
                0x0000000008005328                CAN2_RX1_IRQHandler
                0x0000000008005328                EXTI3_IRQHandler
                0x0000000008005328                TIM1_UP_TIM10_IRQHandler
                0x0000000008005328                TIM8_UP_TIM13_IRQHandler
                0x0000000008005328                I2C3_ER_IRQHandler
                0x0000000008005328                EXTI0_IRQHandler
                0x0000000008005328                I2C2_EV_IRQHandler
                0x0000000008005328                DMA1_Stream2_IRQHandler
                0x0000000008005328                CAN1_RX0_IRQHandler
                0x0000000008005328                FPU_IRQHandler
                0x0000000008005328                OTG_HS_WKUP_IRQHandler
                0x0000000008005328                CAN2_SCE_IRQHandler
                0x0000000008005328                DMA2_Stream2_IRQHandler
                0x0000000008005328                SPI1_IRQHandler
                0x0000000008005328                TIM6_DAC_IRQHandler
                0x0000000008005328                TIM1_BRK_TIM9_IRQHandler
                0x0000000008005328                DCMI_IRQHandler
                0x0000000008005328                CAN2_RX0_IRQHandler
                0x0000000008005328                DMA2_Stream3_IRQHandler
                0x0000000008005328                USART6_IRQHandler
                0x0000000008005328                USART3_IRQHandler
                0x0000000008005328                CAN1_RX1_IRQHandler
                0x0000000008005328                UART5_IRQHandler
                0x0000000008005328                DMA2_Stream0_IRQHandler
                0x0000000008005328                TIM4_IRQHandler
                0x0000000008005328                I2C1_EV_IRQHandler
                0x0000000008005328                DMA1_Stream1_IRQHandler
                0x0000000008005328                UART4_IRQHandler
                0x0000000008005328                TIM3_IRQHandler
                0x0000000008005328                RCC_IRQHandler
                0x0000000008005328                TIM8_BRK_TIM12_IRQHandler
                0x0000000008005328                Default_Handler
                0x0000000008005328                EXTI15_10_IRQHandler
                0x0000000008005328                ADC_IRQHandler
                0x0000000008005328                DMA1_Stream7_IRQHandler
                0x0000000008005328                TIM7_IRQHandler
                0x0000000008005328                CAN2_TX_IRQHandler
                0x0000000008005328                DMA2_Stream7_IRQHandler
                0x0000000008005328                I2C3_EV_IRQHandler
                0x0000000008005328                EXTI9_5_IRQHandler
                0x0000000008005328                RTC_WKUP_IRQHandler
                0x0000000008005328                ETH_WKUP_IRQHandler
                0x0000000008005328                SPI2_IRQHandler
                0x0000000008005328                OTG_HS_EP1_IN_IRQHandler
                0x0000000008005328                DMA1_Stream0_IRQHandler
                0x0000000008005328                CAN1_TX_IRQHandler
                0x0000000008005328                EXTI4_IRQHandler
                0x0000000008005328                FSMC_IRQHandler
                0x0000000008005328                ETH_IRQHandler
                0x0000000008005328                OTG_HS_EP1_OUT_IRQHandler
                0x0000000008005328                WWDG_IRQHandler
                0x0000000008005328                TIM2_IRQHandler
                0x0000000008005328                OTG_FS_WKUP_IRQHandler
                0x0000000008005328                TIM1_TRG_COM_TIM11_IRQHandler
                0x0000000008005328                OTG_HS_IRQHandler
                0x0000000008005328                EXTI1_IRQHandler
                0x0000000008005328                I2C2_ER_IRQHandler
                0x0000000008005328                DMA2_Stream1_IRQHandler
                0x0000000008005328                CAN1_SCE_IRQHandler
                0x0000000008005328                FLASH_IRQHandler
                0x0000000008005328                DMA2_Stream4_IRQHandler
                0x0000000008005328                USART1_IRQHandler
                0x0000000008005328                OTG_FS_IRQHandler
                0x0000000008005328                SPI3_IRQHandler
                0x0000000008005328                DMA1_Stream4_IRQHandler
                0x0000000008005328                I2C1_ER_IRQHandler
                0x0000000008005328                DMA2_Stream6_IRQHandler
                0x0000000008005328                DMA1_Stream3_IRQHandler
 *fill*         0x000000000800532a        0x2 
 .text.HAL_Init
                0x000000000800532c       0x44 ./Drivers/STM32F4xx_HAL_Driver/Src/stm32f4xx_hal.o
                0x000000000800532c                HAL_Init
 .text.HAL_InitTick
                0x0000000008005370       0x60 ./Drivers/STM32F4xx_HAL_Driver/Src/stm32f4xx_hal.o
                0x0000000008005370                HAL_InitTick
 .text.HAL_IncTick
                0x00000000080053d0       0x28 ./Drivers/STM32F4xx_HAL_Driver/Src/stm32f4xx_hal.o
                0x00000000080053d0                HAL_IncTick
 .text.HAL_GetTick
                0x00000000080053f8       0x18 ./Drivers/STM32F4xx_HAL_Driver/Src/stm32f4xx_hal.o
                0x00000000080053f8                HAL_GetTick
 .text.HAL_Delay
                0x0000000008005410       0x48 ./Drivers/STM32F4xx_HAL_Driver/Src/stm32f4xx_hal.o
                0x0000000008005410                HAL_Delay
 .text.__NVIC_SetPriorityGrouping
                0x0000000008005458       0x48 ./Drivers/STM32F4xx_HAL_Driver/Src/stm32f4xx_hal_cortex.o
 .text.__NVIC_GetPriorityGrouping
                0x00000000080054a0       0x1c ./Drivers/STM32F4xx_HAL_Driver/Src/stm32f4xx_hal_cortex.o
 .text.__NVIC_EnableIRQ
                0x00000000080054bc       0x3c ./Drivers/STM32F4xx_HAL_Driver/Src/stm32f4xx_hal_cortex.o
 .text.__NVIC_SetPriority
                0x00000000080054f8       0x54 ./Drivers/STM32F4xx_HAL_Driver/Src/stm32f4xx_hal_cortex.o
 .text.NVIC_EncodePriority
                0x000000000800554c       0x66 ./Drivers/STM32F4xx_HAL_Driver/Src/stm32f4xx_hal_cortex.o
 *fill*         0x00000000080055b2        0x2 
 .text.SysTick_Config
                0x00000000080055b4       0x44 ./Drivers/STM32F4xx_HAL_Driver/Src/stm32f4xx_hal_cortex.o
 .text.HAL_NVIC_SetPriorityGrouping
                0x00000000080055f8       0x16 ./Drivers/STM32F4xx_HAL_Driver/Src/stm32f4xx_hal_cortex.o
                0x00000000080055f8                HAL_NVIC_SetPriorityGrouping
 .text.HAL_NVIC_SetPriority
                0x000000000800560e       0x38 ./Drivers/STM32F4xx_HAL_Driver/Src/stm32f4xx_hal_cortex.o
                0x000000000800560e                HAL_NVIC_SetPriority
 .text.HAL_NVIC_EnableIRQ
                0x0000000008005646       0x1c ./Drivers/STM32F4xx_HAL_Driver/Src/stm32f4xx_hal_cortex.o
                0x0000000008005646                HAL_NVIC_EnableIRQ
 .text.HAL_SYSTICK_Config
                0x0000000008005662       0x18 ./Drivers/STM32F4xx_HAL_Driver/Src/stm32f4xx_hal_cortex.o
                0x0000000008005662                HAL_SYSTICK_Config
 *fill*         0x000000000800567a        0x2 
 .text.HAL_DMA_Init
                0x000000000800567c      0x15c ./Drivers/STM32F4xx_HAL_Driver/Src/stm32f4xx_hal_dma.o
                0x000000000800567c                HAL_DMA_Init
 .text.HAL_DMA_Start_IT
                0x00000000080057d8       0xb0 ./Drivers/STM32F4xx_HAL_Driver/Src/stm32f4xx_hal_dma.o
                0x00000000080057d8                HAL_DMA_Start_IT
 .text.HAL_DMA_Abort
                0x0000000008005888       0xe0 ./Drivers/STM32F4xx_HAL_Driver/Src/stm32f4xx_hal_dma.o
                0x0000000008005888                HAL_DMA_Abort
 .text.HAL_DMA_Abort_IT
                0x0000000008005968       0x44 ./Drivers/STM32F4xx_HAL_Driver/Src/stm32f4xx_hal_dma.o
                0x0000000008005968                HAL_DMA_Abort_IT
 .text.HAL_DMA_IRQHandler
                0x00000000080059ac      0x314 ./Drivers/STM32F4xx_HAL_Driver/Src/stm32f4xx_hal_dma.o
                0x00000000080059ac                HAL_DMA_IRQHandler
 .text.DMA_SetConfig
                0x0000000008005cc0       0x5c ./Drivers/STM32F4xx_HAL_Driver/Src/stm32f4xx_hal_dma.o
 .text.DMA_CalcBaseAndBitshift
                0x0000000008005d1c       0x6c ./Drivers/STM32F4xx_HAL_Driver/Src/stm32f4xx_hal_dma.o
 .text.DMA_CheckFifoParam
                0x0000000008005d88       0xf8 ./Drivers/STM32F4xx_HAL_Driver/Src/stm32f4xx_hal_dma.o
 .text.HAL_GPIO_Init
                0x0000000008005e80      0x338 ./Drivers/STM32F4xx_HAL_Driver/Src/stm32f4xx_hal_gpio.o
                0x0000000008005e80                HAL_GPIO_Init
 .text.HAL_GPIO_WritePin
                0x00000000080061b8       0x32 ./Drivers/STM32F4xx_HAL_Driver/Src/stm32f4xx_hal_gpio.o
                0x00000000080061b8                HAL_GPIO_WritePin
 *fill*         0x00000000080061ea        0x2 
 .text.HAL_RCC_OscConfig
                0x00000000080061ec      0x4f0 ./Drivers/STM32F4xx_HAL_Driver/Src/stm32f4xx_hal_rcc.o
                0x00000000080061ec                HAL_RCC_OscConfig
 .text.HAL_RCC_ClockConfig
                0x00000000080066dc      0x1cc ./Drivers/STM32F4xx_HAL_Driver/Src/stm32f4xx_hal_rcc.o
                0x00000000080066dc                HAL_RCC_ClockConfig
 .text.HAL_RCC_GetSysClockFreq
                0x00000000080068a8      0x18c ./Drivers/STM32F4xx_HAL_Driver/Src/stm32f4xx_hal_rcc.o
                0x00000000080068a8                HAL_RCC_GetSysClockFreq
 .text.HAL_RCC_GetHCLKFreq
                0x0000000008006a34       0x18 ./Drivers/STM32F4xx_HAL_Driver/Src/stm32f4xx_hal_rcc.o
                0x0000000008006a34                HAL_RCC_GetHCLKFreq
 .text.HAL_RCC_GetPCLK1Freq
                0x0000000008006a4c       0x28 ./Drivers/STM32F4xx_HAL_Driver/Src/stm32f4xx_hal_rcc.o
                0x0000000008006a4c                HAL_RCC_GetPCLK1Freq
 .text.HAL_RCC_GetPCLK2Freq
                0x0000000008006a74       0x28 ./Drivers/STM32F4xx_HAL_Driver/Src/stm32f4xx_hal_rcc.o
                0x0000000008006a74                HAL_RCC_GetPCLK2Freq
 .text.HAL_TIM_Base_Init
                0x0000000008006a9c       0x9e ./Drivers/STM32F4xx_HAL_Driver/Src/stm32f4xx_hal_tim.o
                0x0000000008006a9c                HAL_TIM_Base_Init
 *fill*         0x0000000008006b3a        0x2 
 .text.HAL_TIM_Base_Start_IT
                0x0000000008006b3c       0xe0 ./Drivers/STM32F4xx_HAL_Driver/Src/stm32f4xx_hal_tim.o
                0x0000000008006b3c                HAL_TIM_Base_Start_IT
 .text.HAL_TIM_PWM_Init
                0x0000000008006c1c       0x9e ./Drivers/STM32F4xx_HAL_Driver/Src/stm32f4xx_hal_tim.o
                0x0000000008006c1c                HAL_TIM_PWM_Init
 *fill*         0x0000000008006cba        0x2 
 .text.HAL_TIM_PWM_Start
                0x0000000008006cbc      0x190 ./Drivers/STM32F4xx_HAL_Driver/Src/stm32f4xx_hal_tim.o
                0x0000000008006cbc                HAL_TIM_PWM_Start
 .text.HAL_TIM_Encoder_Init
                0x0000000008006e4c      0x14c ./Drivers/STM32F4xx_HAL_Driver/Src/stm32f4xx_hal_tim.o
                0x0000000008006e4c                HAL_TIM_Encoder_Init
 .text.HAL_TIM_Encoder_Start
                0x0000000008006f98      0x11c ./Drivers/STM32F4xx_HAL_Driver/Src/stm32f4xx_hal_tim.o
                0x0000000008006f98                HAL_TIM_Encoder_Start
 .text.HAL_TIM_IRQHandler
                0x00000000080070b4      0x210 ./Drivers/STM32F4xx_HAL_Driver/Src/stm32f4xx_hal_tim.o
                0x00000000080070b4                HAL_TIM_IRQHandler
 .text.HAL_TIM_PWM_ConfigChannel
                0x00000000080072c4      0x184 ./Drivers/STM32F4xx_HAL_Driver/Src/stm32f4xx_hal_tim.o
                0x00000000080072c4                HAL_TIM_PWM_ConfigChannel
 .text.HAL_TIM_ConfigClockSource
                0x0000000008007448      0x18e ./Drivers/STM32F4xx_HAL_Driver/Src/stm32f4xx_hal_tim.o
                0x0000000008007448                HAL_TIM_ConfigClockSource
 .text.HAL_TIM_OC_DelayElapsedCallback
                0x00000000080075d6       0x14 ./Drivers/STM32F4xx_HAL_Driver/Src/stm32f4xx_hal_tim.o
                0x00000000080075d6                HAL_TIM_OC_DelayElapsedCallback
 .text.HAL_TIM_IC_CaptureCallback
                0x00000000080075ea       0x14 ./Drivers/STM32F4xx_HAL_Driver/Src/stm32f4xx_hal_tim.o
                0x00000000080075ea                HAL_TIM_IC_CaptureCallback
 .text.HAL_TIM_PWM_PulseFinishedCallback
                0x00000000080075fe       0x14 ./Drivers/STM32F4xx_HAL_Driver/Src/stm32f4xx_hal_tim.o
                0x00000000080075fe                HAL_TIM_PWM_PulseFinishedCallback
 .text.HAL_TIM_TriggerCallback
                0x0000000008007612       0x14 ./Drivers/STM32F4xx_HAL_Driver/Src/stm32f4xx_hal_tim.o
                0x0000000008007612                HAL_TIM_TriggerCallback
 *fill*         0x0000000008007626        0x2 
 .text.TIM_Base_SetConfig
                0x0000000008007628      0x140 ./Drivers/STM32F4xx_HAL_Driver/Src/stm32f4xx_hal_tim.o
                0x0000000008007628                TIM_Base_SetConfig
 .text.TIM_OC1_SetConfig
                0x0000000008007768       0xe0 ./Drivers/STM32F4xx_HAL_Driver/Src/stm32f4xx_hal_tim.o
 .text.TIM_OC2_SetConfig
                0x0000000008007848       0xec ./Drivers/STM32F4xx_HAL_Driver/Src/stm32f4xx_hal_tim.o
                0x0000000008007848                TIM_OC2_SetConfig
 .text.TIM_OC3_SetConfig
                0x0000000008007934       0xe8 ./Drivers/STM32F4xx_HAL_Driver/Src/stm32f4xx_hal_tim.o
 .text.TIM_OC4_SetConfig
                0x0000000008007a1c       0xac ./Drivers/STM32F4xx_HAL_Driver/Src/stm32f4xx_hal_tim.o
 .text.TIM_TI1_ConfigInputStage
                0x0000000008007ac8       0x5e ./Drivers/STM32F4xx_HAL_Driver/Src/stm32f4xx_hal_tim.o
 .text.TIM_TI2_ConfigInputStage
                0x0000000008007b26       0x60 ./Drivers/STM32F4xx_HAL_Driver/Src/stm32f4xx_hal_tim.o
 .text.TIM_ITRx_SetConfig
                0x0000000008007b86       0x36 ./Drivers/STM32F4xx_HAL_Driver/Src/stm32f4xx_hal_tim.o
 .text.TIM_ETR_SetConfig
                0x0000000008007bbc       0x40 ./Drivers/STM32F4xx_HAL_Driver/Src/stm32f4xx_hal_tim.o
                0x0000000008007bbc                TIM_ETR_SetConfig
 .text.TIM_CCxChannelCmd
                0x0000000008007bfc       0x4a ./Drivers/STM32F4xx_HAL_Driver/Src/stm32f4xx_hal_tim.o
                0x0000000008007bfc                TIM_CCxChannelCmd
 *fill*         0x0000000008007c46        0x2 
 .text.HAL_TIMEx_MasterConfigSynchronization
                0x0000000008007c48       0xf8 ./Drivers/STM32F4xx_HAL_Driver/Src/stm32f4xx_hal_tim_ex.o
                0x0000000008007c48                HAL_TIMEx_MasterConfigSynchronization
 .text.HAL_TIMEx_CommutCallback
                0x0000000008007d40       0x14 ./Drivers/STM32F4xx_HAL_Driver/Src/stm32f4xx_hal_tim_ex.o
                0x0000000008007d40                HAL_TIMEx_CommutCallback
 .text.HAL_TIMEx_BreakCallback
                0x0000000008007d54       0x14 ./Drivers/STM32F4xx_HAL_Driver/Src/stm32f4xx_hal_tim_ex.o
                0x0000000008007d54                HAL_TIMEx_BreakCallback
 .text.HAL_UART_Init
                0x0000000008007d68       0x9a ./Drivers/STM32F4xx_HAL_Driver/Src/stm32f4xx_hal_uart.o
                0x0000000008007d68                HAL_UART_Init
 *fill*         0x0000000008007e02        0x2 
 .text.HAL_UART_Transmit_DMA
                0x0000000008007e04       0xfc ./Drivers/STM32F4xx_HAL_Driver/Src/stm32f4xx_hal_uart.o
                0x0000000008007e04                HAL_UART_Transmit_DMA
 .text.HAL_UART_Receive_DMA
                0x0000000008007f00       0x60 ./Drivers/STM32F4xx_HAL_Driver/Src/stm32f4xx_hal_uart.o
                0x0000000008007f00                HAL_UART_Receive_DMA
 .text.HAL_UART_IRQHandler
                0x0000000008007f60      0x51c ./Drivers/STM32F4xx_HAL_Driver/Src/stm32f4xx_hal_uart.o
                0x0000000008007f60                HAL_UART_IRQHandler
 .text.HAL_UART_TxHalfCpltCallback
                0x000000000800847c       0x14 ./Drivers/STM32F4xx_HAL_Driver/Src/stm32f4xx_hal_uart.o
                0x000000000800847c                HAL_UART_TxHalfCpltCallback
 .text.HAL_UART_RxHalfCpltCallback
                0x0000000008008490       0x14 ./Drivers/STM32F4xx_HAL_Driver/Src/stm32f4xx_hal_uart.o
                0x0000000008008490                HAL_UART_RxHalfCpltCallback
 .text.HAL_UART_ErrorCallback
                0x00000000080084a4       0x14 ./Drivers/STM32F4xx_HAL_Driver/Src/stm32f4xx_hal_uart.o
                0x00000000080084a4                HAL_UART_ErrorCallback
 .text.HAL_UARTEx_RxEventCallback
                0x00000000080084b8       0x18 ./Drivers/STM32F4xx_HAL_Driver/Src/stm32f4xx_hal_uart.o
                0x00000000080084b8                HAL_UARTEx_RxEventCallback
 .text.UART_DMATransmitCplt
                0x00000000080084d0       0x9a ./Drivers/STM32F4xx_HAL_Driver/Src/stm32f4xx_hal_uart.o
 .text.UART_DMATxHalfCplt
                0x000000000800856a       0x1c ./Drivers/STM32F4xx_HAL_Driver/Src/stm32f4xx_hal_uart.o
 .text.UART_DMAReceiveCplt
                0x0000000008008586      0x126 ./Drivers/STM32F4xx_HAL_Driver/Src/stm32f4xx_hal_uart.o
 .text.UART_DMARxHalfCplt
                0x00000000080086ac       0x36 ./Drivers/STM32F4xx_HAL_Driver/Src/stm32f4xx_hal_uart.o
 .text.UART_DMAError
                0x00000000080086e2       0x94 ./Drivers/STM32F4xx_HAL_Driver/Src/stm32f4xx_hal_uart.o
 *fill*         0x0000000008008776        0x2 
 .text.UART_Start_Receive_DMA
                0x0000000008008778      0x13c ./Drivers/STM32F4xx_HAL_Driver/Src/stm32f4xx_hal_uart.o
                0x0000000008008778                UART_Start_Receive_DMA
 .text.UART_EndTxTransfer
                0x00000000080088b4       0x50 ./Drivers/STM32F4xx_HAL_Driver/Src/stm32f4xx_hal_uart.o
 .text.UART_EndRxTransfer
                0x0000000008008904       0xc6 ./Drivers/STM32F4xx_HAL_Driver/Src/stm32f4xx_hal_uart.o
 .text.UART_DMAAbortOnError
                0x00000000080089ca       0x28 ./Drivers/STM32F4xx_HAL_Driver/Src/stm32f4xx_hal_uart.o
 .text.UART_Transmit_IT
                0x00000000080089f2       0xa0 ./Drivers/STM32F4xx_HAL_Driver/Src/stm32f4xx_hal_uart.o
 .text.UART_EndTransmit_IT
                0x0000000008008a92       0x30 ./Drivers/STM32F4xx_HAL_Driver/Src/stm32f4xx_hal_uart.o
 .text.UART_Receive_IT
                0x0000000008008ac2      0x176 ./Drivers/STM32F4xx_HAL_Driver/Src/stm32f4xx_hal_uart.o
 .text.UART_SetConfig
                0x0000000008008c38      0x4e8 ./Drivers/STM32F4xx_HAL_Driver/Src/stm32f4xx_hal_uart.o
 .text.__cxa_pure_virtual
                0x0000000008009120        0x6 /opt/st/stm32cubeide_1.12.0/plugins/com.st.stm32cube.ide.mcu.externaltools.gnu-tools-for-stm32.10.3-2021.10.linux64_1.0.200.202301161003/tools/bin/../lib/gcc/arm-none-eabi/10.3.1/../../../../arm-none-eabi/lib/thumb/v7e-m+fp/hard/libstdc++_nano.a(pure.o)
                0x0000000008009120                __cxa_pure_virtual
 .text._ZN10__cxxabiv111__terminateEPFvvE
                0x0000000008009126        0x8 /opt/st/stm32cubeide_1.12.0/plugins/com.st.stm32cube.ide.mcu.externaltools.gnu-tools-for-stm32.10.3-2021.10.linux64_1.0.200.202301161003/tools/bin/../lib/gcc/arm-none-eabi/10.3.1/../../../../arm-none-eabi/lib/thumb/v7e-m+fp/hard/libstdc++_nano.a(eh_terminate.o)
                0x0000000008009126                __cxxabiv1::__terminate(void (*)())
 *fill*         0x000000000800912e        0x2 
 .text._ZSt13get_terminatev
                0x0000000008009130       0x10 /opt/st/stm32cubeide_1.12.0/plugins/com.st.stm32cube.ide.mcu.externaltools.gnu-tools-for-stm32.10.3-2021.10.linux64_1.0.200.202301161003/tools/bin/../lib/gcc/arm-none-eabi/10.3.1/../../../../arm-none-eabi/lib/thumb/v7e-m+fp/hard/libstdc++_nano.a(eh_terminate.o)
                0x0000000008009130                std::get_terminate()
 .text._ZSt9terminatev
                0x0000000008009140        0xa /opt/st/stm32cubeide_1.12.0/plugins/com.st.stm32cube.ide.mcu.externaltools.gnu-tools-for-stm32.10.3-2021.10.linux64_1.0.200.202301161003/tools/bin/../lib/gcc/arm-none-eabi/10.3.1/../../../../arm-none-eabi/lib/thumb/v7e-m+fp/hard/libstdc++_nano.a(eh_terminate.o)
                0x0000000008009140                std::terminate()
 .text.abort    0x000000000800914a        0xe /opt/st/stm32cubeide_1.12.0/plugins/com.st.stm32cube.ide.mcu.externaltools.gnu-tools-for-stm32.10.3-2021.10.linux64_1.0.200.202301161003/tools/bin/../lib/gcc/arm-none-eabi/10.3.1/../../../../arm-none-eabi/lib/thumb/v7e-m+fp/hard/libc_nano.a(lib_a-abort.o)
                0x000000000800914a                abort
 .text.__errno  0x0000000008009158        0xc /opt/st/stm32cubeide_1.12.0/plugins/com.st.stm32cube.ide.mcu.externaltools.gnu-tools-for-stm32.10.3-2021.10.linux64_1.0.200.202301161003/tools/bin/../lib/gcc/arm-none-eabi/10.3.1/../../../../arm-none-eabi/lib/thumb/v7e-m+fp/hard/libc_nano.a(lib_a-errno.o)
                0x0000000008009158                __errno
 .text.__libc_init_array
                0x0000000008009164       0x48 /opt/st/stm32cubeide_1.12.0/plugins/com.st.stm32cube.ide.mcu.externaltools.gnu-tools-for-stm32.10.3-2021.10.linux64_1.0.200.202301161003/tools/bin/../lib/gcc/arm-none-eabi/10.3.1/../../../../arm-none-eabi/lib/thumb/v7e-m+fp/hard/libc_nano.a(lib_a-init.o)
                0x0000000008009164                __libc_init_array
 .text.memcpy   0x00000000080091ac       0x1c /opt/st/stm32cubeide_1.12.0/plugins/com.st.stm32cube.ide.mcu.externaltools.gnu-tools-for-stm32.10.3-2021.10.linux64_1.0.200.202301161003/tools/bin/../lib/gcc/arm-none-eabi/10.3.1/../../../../arm-none-eabi/lib/thumb/v7e-m+fp/hard/libc_nano.a(lib_a-memcpy-stub.o)
                0x00000000080091ac                memcpy
 .text.memset   0x00000000080091c8       0x10 /opt/st/stm32cubeide_1.12.0/plugins/com.st.stm32cube.ide.mcu.externaltools.gnu-tools-for-stm32.10.3-2021.10.linux64_1.0.200.202301161003/tools/bin/../lib/gcc/arm-none-eabi/10.3.1/../../../../arm-none-eabi/lib/thumb/v7e-m+fp/hard/libc_nano.a(lib_a-memset.o)
                0x00000000080091c8                memset
 .text.__cvt    0x00000000080091d8       0xc4 /opt/st/stm32cubeide_1.12.0/plugins/com.st.stm32cube.ide.mcu.externaltools.gnu-tools-for-stm32.10.3-2021.10.linux64_1.0.200.202301161003/tools/bin/../lib/gcc/arm-none-eabi/10.3.1/../../../../arm-none-eabi/lib/thumb/v7e-m+fp/hard/libc_nano.a(lib_a-nano-vfprintf_float.o)
                0x00000000080091d8                __cvt
 .text.__exponent
                0x000000000800929c       0x7c /opt/st/stm32cubeide_1.12.0/plugins/com.st.stm32cube.ide.mcu.externaltools.gnu-tools-for-stm32.10.3-2021.10.linux64_1.0.200.202301161003/tools/bin/../lib/gcc/arm-none-eabi/10.3.1/../../../../arm-none-eabi/lib/thumb/v7e-m+fp/hard/libc_nano.a(lib_a-nano-vfprintf_float.o)
                0x000000000800929c                __exponent
 .text._printf_float
                0x0000000008009318      0x46c /opt/st/stm32cubeide_1.12.0/plugins/com.st.stm32cube.ide.mcu.externaltools.gnu-tools-for-stm32.10.3-2021.10.linux64_1.0.200.202301161003/tools/bin/../lib/gcc/arm-none-eabi/10.3.1/../../../../arm-none-eabi/lib/thumb/v7e-m+fp/hard/libc_nano.a(lib_a-nano-vfprintf_float.o)
                0x0000000008009318                _printf_float
 .text._printf_common
                0x0000000008009784       0xda /opt/st/stm32cubeide_1.12.0/plugins/com.st.stm32cube.ide.mcu.externaltools.gnu-tools-for-stm32.10.3-2021.10.linux64_1.0.200.202301161003/tools/bin/../lib/gcc/arm-none-eabi/10.3.1/../../../../arm-none-eabi/lib/thumb/v7e-m+fp/hard/libc_nano.a(lib_a-nano-vfprintf_i.o)
                0x0000000008009784                _printf_common
 *fill*         0x000000000800985e        0x2 
 .text._printf_i
                0x0000000008009860      0x24c /opt/st/stm32cubeide_1.12.0/plugins/com.st.stm32cube.ide.mcu.externaltools.gnu-tools-for-stm32.10.3-2021.10.linux64_1.0.200.202301161003/tools/bin/../lib/gcc/arm-none-eabi/10.3.1/../../../../arm-none-eabi/lib/thumb/v7e-m+fp/hard/libc_nano.a(lib_a-nano-vfprintf_i.o)
                0x0000000008009860                _printf_i
 .text._scanf_float
                0x0000000008009aac      0x420 /opt/st/stm32cubeide_1.12.0/plugins/com.st.stm32cube.ide.mcu.externaltools.gnu-tools-for-stm32.10.3-2021.10.linux64_1.0.200.202301161003/tools/bin/../lib/gcc/arm-none-eabi/10.3.1/../../../../arm-none-eabi/lib/thumb/v7e-m+fp/hard/libc_nano.a(lib_a-nano-vfscanf_float.o)
                0x0000000008009aac                _scanf_float
 .text.realloc  0x0000000008009ecc       0x10 /opt/st/stm32cubeide_1.12.0/plugins/com.st.stm32cube.ide.mcu.externaltools.gnu-tools-for-stm32.10.3-2021.10.linux64_1.0.200.202301161003/tools/bin/../lib/gcc/arm-none-eabi/10.3.1/../../../../arm-none-eabi/lib/thumb/v7e-m+fp/hard/libc_nano.a(lib_a-realloc.o)
                0x0000000008009ecc                realloc
 .text.nanf     0x0000000008009edc        0xc /opt/st/stm32cubeide_1.12.0/plugins/com.st.stm32cube.ide.mcu.externaltools.gnu-tools-for-stm32.10.3-2021.10.linux64_1.0.200.202301161003/tools/bin/../lib/gcc/arm-none-eabi/10.3.1/../../../../arm-none-eabi/lib/thumb/v7e-m+fp/hard/libc_nano.a(lib_a-sf_nan.o)
                0x0000000008009edc                nanf
 .text._raise_r
                0x0000000008009ee8       0x50 /opt/st/stm32cubeide_1.12.0/plugins/com.st.stm32cube.ide.mcu.externaltools.gnu-tools-for-stm32.10.3-2021.10.linux64_1.0.200.202301161003/tools/bin/../lib/gcc/arm-none-eabi/10.3.1/../../../../arm-none-eabi/lib/thumb/v7e-m+fp/hard/libc_nano.a(lib_a-signal.o)
                0x0000000008009ee8                _raise_r
 .text.raise    0x0000000008009f38       0x10 /opt/st/stm32cubeide_1.12.0/plugins/com.st.stm32cube.ide.mcu.externaltools.gnu-tools-for-stm32.10.3-2021.10.linux64_1.0.200.202301161003/tools/bin/../lib/gcc/arm-none-eabi/10.3.1/../../../../arm-none-eabi/lib/thumb/v7e-m+fp/hard/libc_nano.a(lib_a-signal.o)
                0x0000000008009f38                raise
 .text._kill_r  0x0000000008009f48       0x24 /opt/st/stm32cubeide_1.12.0/plugins/com.st.stm32cube.ide.mcu.externaltools.gnu-tools-for-stm32.10.3-2021.10.linux64_1.0.200.202301161003/tools/bin/../lib/gcc/arm-none-eabi/10.3.1/../../../../arm-none-eabi/lib/thumb/v7e-m+fp/hard/libc_nano.a(lib_a-signalr.o)
                0x0000000008009f48                _kill_r
 .text._getpid_r
                0x0000000008009f6c        0x4 /opt/st/stm32cubeide_1.12.0/plugins/com.st.stm32cube.ide.mcu.externaltools.gnu-tools-for-stm32.10.3-2021.10.linux64_1.0.200.202301161003/tools/bin/../lib/gcc/arm-none-eabi/10.3.1/../../../../arm-none-eabi/lib/thumb/v7e-m+fp/hard/libc_nano.a(lib_a-signalr.o)
                0x0000000008009f6c                _getpid_r
 .text.sprintf  0x0000000008009f70       0x40 /opt/st/stm32cubeide_1.12.0/plugins/com.st.stm32cube.ide.mcu.externaltools.gnu-tools-for-stm32.10.3-2021.10.linux64_1.0.200.202301161003/tools/bin/../lib/gcc/arm-none-eabi/10.3.1/../../../../arm-none-eabi/lib/thumb/v7e-m+fp/hard/libc_nano.a(lib_a-sprintf.o)
                0x0000000008009f70                sprintf
                0x0000000008009f70                siprintf
 .text.sulp     0x0000000008009fb0       0x38 /opt/st/stm32cubeide_1.12.0/plugins/com.st.stm32cube.ide.mcu.externaltools.gnu-tools-for-stm32.10.3-2021.10.linux64_1.0.200.202301161003/tools/bin/../lib/gcc/arm-none-eabi/10.3.1/../../../../arm-none-eabi/lib/thumb/v7e-m+fp/hard/libc_nano.a(lib_a-strtod.o)
 .text._strtod_l
                0x0000000008009fe8      0xc0c /opt/st/stm32cubeide_1.12.0/plugins/com.st.stm32cube.ide.mcu.externaltools.gnu-tools-for-stm32.10.3-2021.10.linux64_1.0.200.202301161003/tools/bin/../lib/gcc/arm-none-eabi/10.3.1/../../../../arm-none-eabi/lib/thumb/v7e-m+fp/hard/libc_nano.a(lib_a-strtod.o)
                0x0000000008009fe8                _strtod_l
 .text._strtod_r
                0x000000000800abf4        0xc /opt/st/stm32cubeide_1.12.0/plugins/com.st.stm32cube.ide.mcu.externaltools.gnu-tools-for-stm32.10.3-2021.10.linux64_1.0.200.202301161003/tools/bin/../lib/gcc/arm-none-eabi/10.3.1/../../../../arm-none-eabi/lib/thumb/v7e-m+fp/hard/libc_nano.a(lib_a-strtod.o)
                0x000000000800abf4                _strtod_r
 .text._strtol_l.constprop.0
                0x000000000800ac00      0x104 /opt/st/stm32cubeide_1.12.0/plugins/com.st.stm32cube.ide.mcu.externaltools.gnu-tools-for-stm32.10.3-2021.10.linux64_1.0.200.202301161003/tools/bin/../lib/gcc/arm-none-eabi/10.3.1/../../../../arm-none-eabi/lib/thumb/v7e-m+fp/hard/libc_nano.a(lib_a-strtol.o)
 .text._strtol_r
                0x000000000800ad04        0x4 /opt/st/stm32cubeide_1.12.0/plugins/com.st.stm32cube.ide.mcu.externaltools.gnu-tools-for-stm32.10.3-2021.10.linux64_1.0.200.202301161003/tools/bin/../lib/gcc/arm-none-eabi/10.3.1/../../../../arm-none-eabi/lib/thumb/v7e-m+fp/hard/libc_nano.a(lib_a-strtol.o)
                0x000000000800ad04                _strtol_r
 .text.quorem   0x000000000800ad08      0x116 /opt/st/stm32cubeide_1.12.0/plugins/com.st.stm32cube.ide.mcu.externaltools.gnu-tools-for-stm32.10.3-2021.10.linux64_1.0.200.202301161003/tools/bin/../lib/gcc/arm-none-eabi/10.3.1/../../../../arm-none-eabi/lib/thumb/v7e-m+fp/hard/libc_nano.a(lib_a-dtoa.o)
 *fill*         0x000000000800ae1e        0x2 
 .text._dtoa_r  0x000000000800ae20      0xbdc /opt/st/stm32cubeide_1.12.0/plugins/com.st.stm32cube.ide.mcu.externaltools.gnu-tools-for-stm32.10.3-2021.10.linux64_1.0.200.202301161003/tools/bin/../lib/gcc/arm-none-eabi/10.3.1/../../../../arm-none-eabi/lib/thumb/v7e-m+fp/hard/libc_nano.a(lib_a-dtoa.o)
                0x000000000800ae20                _dtoa_r
 .text.rshift   0x000000000800b9fc       0xa4 /opt/st/stm32cubeide_1.12.0/plugins/com.st.stm32cube.ide.mcu.externaltools.gnu-tools-for-stm32.10.3-2021.10.linux64_1.0.200.202301161003/tools/bin/../lib/gcc/arm-none-eabi/10.3.1/../../../../arm-none-eabi/lib/thumb/v7e-m+fp/hard/libc_nano.a(lib_a-gdtoa-gethex.o)
 .text.__hexdig_fun
                0x000000000800baa0       0x2a /opt/st/stm32cubeide_1.12.0/plugins/com.st.stm32cube.ide.mcu.externaltools.gnu-tools-for-stm32.10.3-2021.10.linux64_1.0.200.202301161003/tools/bin/../lib/gcc/arm-none-eabi/10.3.1/../../../../arm-none-eabi/lib/thumb/v7e-m+fp/hard/libc_nano.a(lib_a-gdtoa-gethex.o)
                0x000000000800baa0                __hexdig_fun
 *fill*         0x000000000800baca        0x2 
 .text.__gethex
                0x000000000800bacc      0x48c /opt/st/stm32cubeide_1.12.0/plugins/com.st.stm32cube.ide.mcu.externaltools.gnu-tools-for-stm32.10.3-2021.10.linux64_1.0.200.202301161003/tools/bin/../lib/gcc/arm-none-eabi/10.3.1/../../../../arm-none-eabi/lib/thumb/v7e-m+fp/hard/libc_nano.a(lib_a-gdtoa-gethex.o)
                0x000000000800bacc                __gethex
 .text.L_shift  0x000000000800bf58       0x24 /opt/st/stm32cubeide_1.12.0/plugins/com.st.stm32cube.ide.mcu.externaltools.gnu-tools-for-stm32.10.3-2021.10.linux64_1.0.200.202301161003/tools/bin/../lib/gcc/arm-none-eabi/10.3.1/../../../../arm-none-eabi/lib/thumb/v7e-m+fp/hard/libc_nano.a(lib_a-gdtoa-hexnan.o)
 .text.__match  0x000000000800bf7c       0x28 /opt/st/stm32cubeide_1.12.0/plugins/com.st.stm32cube.ide.mcu.externaltools.gnu-tools-for-stm32.10.3-2021.10.linux64_1.0.200.202301161003/tools/bin/../lib/gcc/arm-none-eabi/10.3.1/../../../../arm-none-eabi/lib/thumb/v7e-m+fp/hard/libc_nano.a(lib_a-gdtoa-hexnan.o)
                0x000000000800bf7c                __match
 .text.__hexnan
                0x000000000800bfa4      0x138 /opt/st/stm32cubeide_1.12.0/plugins/com.st.stm32cube.ide.mcu.externaltools.gnu-tools-for-stm32.10.3-2021.10.linux64_1.0.200.202301161003/tools/bin/../lib/gcc/arm-none-eabi/10.3.1/../../../../arm-none-eabi/lib/thumb/v7e-m+fp/hard/libc_nano.a(lib_a-gdtoa-hexnan.o)
                0x000000000800bfa4                __hexnan
 .text._localeconv_r
                0x000000000800c0dc        0x8 /opt/st/stm32cubeide_1.12.0/plugins/com.st.stm32cube.ide.mcu.externaltools.gnu-tools-for-stm32.10.3-2021.10.linux64_1.0.200.202301161003/tools/bin/../lib/gcc/arm-none-eabi/10.3.1/../../../../arm-none-eabi/lib/thumb/v7e-m+fp/hard/libc_nano.a(lib_a-localeconv.o)
                0x000000000800c0dc                _localeconv_r
 .text.malloc   0x000000000800c0e4       0x10 /opt/st/stm32cubeide_1.12.0/plugins/com.st.stm32cube.ide.mcu.externaltools.gnu-tools-for-stm32.10.3-2021.10.linux64_1.0.200.202301161003/tools/bin/../lib/gcc/arm-none-eabi/10.3.1/../../../../arm-none-eabi/lib/thumb/v7e-m+fp/hard/libc_nano.a(lib_a-malloc.o)
                0x000000000800c0e4                malloc
 .text.__ascii_mbtowc
                0x000000000800c0f4       0x24 /opt/st/stm32cubeide_1.12.0/plugins/com.st.stm32cube.ide.mcu.externaltools.gnu-tools-for-stm32.10.3-2021.10.linux64_1.0.200.202301161003/tools/bin/../lib/gcc/arm-none-eabi/10.3.1/../../../../arm-none-eabi/lib/thumb/v7e-m+fp/hard/libc_nano.a(lib_a-mbtowc_r.o)
                0x000000000800c0f4                __ascii_mbtowc
 .text._Balloc  0x000000000800c118       0x80 /opt/st/stm32cubeide_1.12.0/plugins/com.st.stm32cube.ide.mcu.externaltools.gnu-tools-for-stm32.10.3-2021.10.linux64_1.0.200.202301161003/tools/bin/../lib/gcc/arm-none-eabi/10.3.1/../../../../arm-none-eabi/lib/thumb/v7e-m+fp/hard/libc_nano.a(lib_a-mprec.o)
                0x000000000800c118                _Balloc
 .text._Bfree   0x000000000800c198       0x44 /opt/st/stm32cubeide_1.12.0/plugins/com.st.stm32cube.ide.mcu.externaltools.gnu-tools-for-stm32.10.3-2021.10.linux64_1.0.200.202301161003/tools/bin/../lib/gcc/arm-none-eabi/10.3.1/../../../../arm-none-eabi/lib/thumb/v7e-m+fp/hard/libc_nano.a(lib_a-mprec.o)
                0x000000000800c198                _Bfree
 .text.__multadd
                0x000000000800c1dc       0x8c /opt/st/stm32cubeide_1.12.0/plugins/com.st.stm32cube.ide.mcu.externaltools.gnu-tools-for-stm32.10.3-2021.10.linux64_1.0.200.202301161003/tools/bin/../lib/gcc/arm-none-eabi/10.3.1/../../../../arm-none-eabi/lib/thumb/v7e-m+fp/hard/libc_nano.a(lib_a-mprec.o)
                0x000000000800c1dc                __multadd
 .text.__s2b    0x000000000800c268       0x94 /opt/st/stm32cubeide_1.12.0/plugins/com.st.stm32cube.ide.mcu.externaltools.gnu-tools-for-stm32.10.3-2021.10.linux64_1.0.200.202301161003/tools/bin/../lib/gcc/arm-none-eabi/10.3.1/../../../../arm-none-eabi/lib/thumb/v7e-m+fp/hard/libc_nano.a(lib_a-mprec.o)
                0x000000000800c268                __s2b
 .text.__hi0bits
                0x000000000800c2fc       0x40 /opt/st/stm32cubeide_1.12.0/plugins/com.st.stm32cube.ide.mcu.externaltools.gnu-tools-for-stm32.10.3-2021.10.linux64_1.0.200.202301161003/tools/bin/../lib/gcc/arm-none-eabi/10.3.1/../../../../arm-none-eabi/lib/thumb/v7e-m+fp/hard/libc_nano.a(lib_a-mprec.o)
                0x000000000800c2fc                __hi0bits
 .text.__lo0bits
                0x000000000800c33c       0x5e /opt/st/stm32cubeide_1.12.0/plugins/com.st.stm32cube.ide.mcu.externaltools.gnu-tools-for-stm32.10.3-2021.10.linux64_1.0.200.202301161003/tools/bin/../lib/gcc/arm-none-eabi/10.3.1/../../../../arm-none-eabi/lib/thumb/v7e-m+fp/hard/libc_nano.a(lib_a-mprec.o)
                0x000000000800c33c                __lo0bits
 *fill*         0x000000000800c39a        0x2 
 .text.__i2b    0x000000000800c39c       0x2c /opt/st/stm32cubeide_1.12.0/plugins/com.st.stm32cube.ide.mcu.externaltools.gnu-tools-for-stm32.10.3-2021.10.linux64_1.0.200.202301161003/tools/bin/../lib/gcc/arm-none-eabi/10.3.1/../../../../arm-none-eabi/lib/thumb/v7e-m+fp/hard/libc_nano.a(lib_a-mprec.o)
                0x000000000800c39c                __i2b
 .text.__multiply
                0x000000000800c3c8      0x154 /opt/st/stm32cubeide_1.12.0/plugins/com.st.stm32cube.ide.mcu.externaltools.gnu-tools-for-stm32.10.3-2021.10.linux64_1.0.200.202301161003/tools/bin/../lib/gcc/arm-none-eabi/10.3.1/../../../../arm-none-eabi/lib/thumb/v7e-m+fp/hard/libc_nano.a(lib_a-mprec.o)
                0x000000000800c3c8                __multiply
 .text.__pow5mult
                0x000000000800c51c       0xb4 /opt/st/stm32cubeide_1.12.0/plugins/com.st.stm32cube.ide.mcu.externaltools.gnu-tools-for-stm32.10.3-2021.10.linux64_1.0.200.202301161003/tools/bin/../lib/gcc/arm-none-eabi/10.3.1/../../../../arm-none-eabi/lib/thumb/v7e-m+fp/hard/libc_nano.a(lib_a-mprec.o)
                0x000000000800c51c                __pow5mult
 .text.__lshift
                0x000000000800c5d0       0xe0 /opt/st/stm32cubeide_1.12.0/plugins/com.st.stm32cube.ide.mcu.externaltools.gnu-tools-for-stm32.10.3-2021.10.linux64_1.0.200.202301161003/tools/bin/../lib/gcc/arm-none-eabi/10.3.1/../../../../arm-none-eabi/lib/thumb/v7e-m+fp/hard/libc_nano.a(lib_a-mprec.o)
                0x000000000800c5d0                __lshift
 .text.__mcmp   0x000000000800c6b0       0x38 /opt/st/stm32cubeide_1.12.0/plugins/com.st.stm32cube.ide.mcu.externaltools.gnu-tools-for-stm32.10.3-2021.10.linux64_1.0.200.202301161003/tools/bin/../lib/gcc/arm-none-eabi/10.3.1/../../../../arm-none-eabi/lib/thumb/v7e-m+fp/hard/libc_nano.a(lib_a-mprec.o)
                0x000000000800c6b0                __mcmp
 .text.__mdiff  0x000000000800c6e8      0x114 /opt/st/stm32cubeide_1.12.0/plugins/com.st.stm32cube.ide.mcu.externaltools.gnu-tools-for-stm32.10.3-2021.10.linux64_1.0.200.202301161003/tools/bin/../lib/gcc/arm-none-eabi/10.3.1/../../../../arm-none-eabi/lib/thumb/v7e-m+fp/hard/libc_nano.a(lib_a-mprec.o)
                0x000000000800c6e8                __mdiff
 .text.__ulp    0x000000000800c7fc       0x58 /opt/st/stm32cubeide_1.12.0/plugins/com.st.stm32cube.ide.mcu.externaltools.gnu-tools-for-stm32.10.3-2021.10.linux64_1.0.200.202301161003/tools/bin/../lib/gcc/arm-none-eabi/10.3.1/../../../../arm-none-eabi/lib/thumb/v7e-m+fp/hard/libc_nano.a(lib_a-mprec.o)
                0x000000000800c7fc                __ulp
 .text.__b2d    0x000000000800c854       0xa0 /opt/st/stm32cubeide_1.12.0/plugins/com.st.stm32cube.ide.mcu.externaltools.gnu-tools-for-stm32.10.3-2021.10.linux64_1.0.200.202301161003/tools/bin/../lib/gcc/arm-none-eabi/10.3.1/../../../../arm-none-eabi/lib/thumb/v7e-m+fp/hard/libc_nano.a(lib_a-mprec.o)
                0x000000000800c854                __b2d
 .text.__d2b    0x000000000800c8f4       0xb8 /opt/st/stm32cubeide_1.12.0/plugins/com.st.stm32cube.ide.mcu.externaltools.gnu-tools-for-stm32.10.3-2021.10.linux64_1.0.200.202301161003/tools/bin/../lib/gcc/arm-none-eabi/10.3.1/../../../../arm-none-eabi/lib/thumb/v7e-m+fp/hard/libc_nano.a(lib_a-mprec.o)
                0x000000000800c8f4                __d2b
 .text.__ratio  0x000000000800c9ac       0x66 /opt/st/stm32cubeide_1.12.0/plugins/com.st.stm32cube.ide.mcu.externaltools.gnu-tools-for-stm32.10.3-2021.10.linux64_1.0.200.202301161003/tools/bin/../lib/gcc/arm-none-eabi/10.3.1/../../../../arm-none-eabi/lib/thumb/v7e-m+fp/hard/libc_nano.a(lib_a-mprec.o)
                0x000000000800c9ac                __ratio
 .text.__copybits
                0x000000000800ca12       0x46 /opt/st/stm32cubeide_1.12.0/plugins/com.st.stm32cube.ide.mcu.externaltools.gnu-tools-for-stm32.10.3-2021.10.linux64_1.0.200.202301161003/tools/bin/../lib/gcc/arm-none-eabi/10.3.1/../../../../arm-none-eabi/lib/thumb/v7e-m+fp/hard/libc_nano.a(lib_a-mprec.o)
                0x000000000800ca12                __copybits
 .text.__any_on
                0x000000000800ca58       0x42 /opt/st/stm32cubeide_1.12.0/plugins/com.st.stm32cube.ide.mcu.externaltools.gnu-tools-for-stm32.10.3-2021.10.linux64_1.0.200.202301161003/tools/bin/../lib/gcc/arm-none-eabi/10.3.1/../../../../arm-none-eabi/lib/thumb/v7e-m+fp/hard/libc_nano.a(lib_a-mprec.o)
                0x000000000800ca58                __any_on
 .text._calloc_r
                0x000000000800ca9a       0x2c /opt/st/stm32cubeide_1.12.0/plugins/com.st.stm32cube.ide.mcu.externaltools.gnu-tools-for-stm32.10.3-2021.10.linux64_1.0.200.202301161003/tools/bin/../lib/gcc/arm-none-eabi/10.3.1/../../../../arm-none-eabi/lib/thumb/v7e-m+fp/hard/libc_nano.a(lib_a-nano-callocr.o)
                0x000000000800ca9a                _calloc_r
 *fill*         0x000000000800cac6        0x2 
 .text._free_r  0x000000000800cac8       0x98 /opt/st/stm32cubeide_1.12.0/plugins/com.st.stm32cube.ide.mcu.externaltools.gnu-tools-for-stm32.10.3-2021.10.linux64_1.0.200.202301161003/tools/bin/../lib/gcc/arm-none-eabi/10.3.1/../../../../arm-none-eabi/lib/thumb/v7e-m+fp/hard/libc_nano.a(lib_a-nano-freer.o)
                0x000000000800cac8                _free_r
 .text.sbrk_aligned
                0x000000000800cb60       0x40 /opt/st/stm32cubeide_1.12.0/plugins/com.st.stm32cube.ide.mcu.externaltools.gnu-tools-for-stm32.10.3-2021.10.linux64_1.0.200.202301161003/tools/bin/../lib/gcc/arm-none-eabi/10.3.1/../../../../arm-none-eabi/lib/thumb/v7e-m+fp/hard/libc_nano.a(lib_a-nano-mallocr.o)
 .text._malloc_r
                0x000000000800cba0       0xe8 /opt/st/stm32cubeide_1.12.0/plugins/com.st.stm32cube.ide.mcu.externaltools.gnu-tools-for-stm32.10.3-2021.10.linux64_1.0.200.202301161003/tools/bin/../lib/gcc/arm-none-eabi/10.3.1/../../../../arm-none-eabi/lib/thumb/v7e-m+fp/hard/libc_nano.a(lib_a-nano-mallocr.o)
                0x000000000800cba0                _malloc_r
 .text._realloc_r
                0x000000000800cc88       0x5e /opt/st/stm32cubeide_1.12.0/plugins/com.st.stm32cube.ide.mcu.externaltools.gnu-tools-for-stm32.10.3-2021.10.linux64_1.0.200.202301161003/tools/bin/../lib/gcc/arm-none-eabi/10.3.1/../../../../arm-none-eabi/lib/thumb/v7e-m+fp/hard/libc_nano.a(lib_a-nano-reallocr.o)
                0x000000000800cc88                _realloc_r
 .text.__ssputs_r
                0x000000000800cce6       0xb6 /opt/st/stm32cubeide_1.12.0/plugins/com.st.stm32cube.ide.mcu.externaltools.gnu-tools-for-stm32.10.3-2021.10.linux64_1.0.200.202301161003/tools/bin/../lib/gcc/arm-none-eabi/10.3.1/../../../../arm-none-eabi/lib/thumb/v7e-m+fp/hard/libc_nano.a(lib_a-nano-svfprintf.o)
                0x000000000800cce6                __ssputs_r
 .text._svfprintf_r
                0x000000000800cd9c      0x200 /opt/st/stm32cubeide_1.12.0/plugins/com.st.stm32cube.ide.mcu.externaltools.gnu-tools-for-stm32.10.3-2021.10.linux64_1.0.200.202301161003/tools/bin/../lib/gcc/arm-none-eabi/10.3.1/../../../../arm-none-eabi/lib/thumb/v7e-m+fp/hard/libc_nano.a(lib_a-nano-svfprintf.o)
                0x000000000800cd9c                _svfprintf_r
                0x000000000800cd9c                _svfiprintf_r
 *fill*         0x000000000800cf9c        0x4 
 .text.nan      0x000000000800cfa0       0x10 /opt/st/stm32cubeide_1.12.0/plugins/com.st.stm32cube.ide.mcu.externaltools.gnu-tools-for-stm32.10.3-2021.10.linux64_1.0.200.202301161003/tools/bin/../lib/gcc/arm-none-eabi/10.3.1/../../../../arm-none-eabi/lib/thumb/v7e-m+fp/hard/libc_nano.a(lib_a-s_nan.o)
                0x000000000800cfa0                nan
 .text._sbrk_r  0x000000000800cfb0       0x20 /opt/st/stm32cubeide_1.12.0/plugins/com.st.stm32cube.ide.mcu.externaltools.gnu-tools-for-stm32.10.3-2021.10.linux64_1.0.200.202301161003/tools/bin/../lib/gcc/arm-none-eabi/10.3.1/../../../../arm-none-eabi/lib/thumb/v7e-m+fp/hard/libc_nano.a(lib_a-sbrkr.o)
                0x000000000800cfb0                _sbrk_r
 .text.strncmp  0x000000000800cfd0       0x28 /opt/st/stm32cubeide_1.12.0/plugins/com.st.stm32cube.ide.mcu.externaltools.gnu-tools-for-stm32.10.3-2021.10.linux64_1.0.200.202301161003/tools/bin/../lib/gcc/arm-none-eabi/10.3.1/../../../../arm-none-eabi/lib/thumb/v7e-m+fp/hard/libc_nano.a(lib_a-strncmp.o)
                0x000000000800cfd0                strncmp
 .text.__ascii_wctomb
                0x000000000800cff8       0x1a /opt/st/stm32cubeide_1.12.0/plugins/com.st.stm32cube.ide.mcu.externaltools.gnu-tools-for-stm32.10.3-2021.10.linux64_1.0.200.202301161003/tools/bin/../lib/gcc/arm-none-eabi/10.3.1/../../../../arm-none-eabi/lib/thumb/v7e-m+fp/hard/libc_nano.a(lib_a-wctomb_r.o)
                0x000000000800cff8                __ascii_wctomb
 *fill*         0x000000000800d012        0x2 
 .text.__assert_func
                0x000000000800d014       0x3c /opt/st/stm32cubeide_1.12.0/plugins/com.st.stm32cube.ide.mcu.externaltools.gnu-tools-for-stm32.10.3-2021.10.linux64_1.0.200.202301161003/tools/bin/../lib/gcc/arm-none-eabi/10.3.1/../../../../arm-none-eabi/lib/thumb/v7e-m+fp/hard/libc_nano.a(lib_a-assert.o)
                0x000000000800d014                __assert_func
 .text.fprintf  0x000000000800d050       0x24 /opt/st/stm32cubeide_1.12.0/plugins/com.st.stm32cube.ide.mcu.externaltools.gnu-tools-for-stm32.10.3-2021.10.linux64_1.0.200.202301161003/tools/bin/../lib/gcc/arm-none-eabi/10.3.1/../../../../arm-none-eabi/lib/thumb/v7e-m+fp/hard/libc_nano.a(lib_a-fprintf.o)
                0x000000000800d050                fprintf
                0x000000000800d050                fiprintf
 .text.memmove  0x000000000800d074       0x34 /opt/st/stm32cubeide_1.12.0/plugins/com.st.stm32cube.ide.mcu.externaltools.gnu-tools-for-stm32.10.3-2021.10.linux64_1.0.200.202301161003/tools/bin/../lib/gcc/arm-none-eabi/10.3.1/../../../../arm-none-eabi/lib/thumb/v7e-m+fp/hard/libc_nano.a(lib_a-memmove.o)
                0x000000000800d074                memmove
 .text.__malloc_lock
                0x000000000800d0a8        0xc /opt/st/stm32cubeide_1.12.0/plugins/com.st.stm32cube.ide.mcu.externaltools.gnu-tools-for-stm32.10.3-2021.10.linux64_1.0.200.202301161003/tools/bin/../lib/gcc/arm-none-eabi/10.3.1/../../../../arm-none-eabi/lib/thumb/v7e-m+fp/hard/libc_nano.a(lib_a-mlock.o)
                0x000000000800d0a8                __malloc_lock
 .text.__malloc_unlock
                0x000000000800d0b4        0xc /opt/st/stm32cubeide_1.12.0/plugins/com.st.stm32cube.ide.mcu.externaltools.gnu-tools-for-stm32.10.3-2021.10.linux64_1.0.200.202301161003/tools/bin/../lib/gcc/arm-none-eabi/10.3.1/../../../../arm-none-eabi/lib/thumb/v7e-m+fp/hard/libc_nano.a(lib_a-mlock.o)
                0x000000000800d0b4                __malloc_unlock
 .text._malloc_usable_size_r
                0x000000000800d0c0       0x10 /opt/st/stm32cubeide_1.12.0/plugins/com.st.stm32cube.ide.mcu.externaltools.gnu-tools-for-stm32.10.3-2021.10.linux64_1.0.200.202301161003/tools/bin/../lib/gcc/arm-none-eabi/10.3.1/../../../../arm-none-eabi/lib/thumb/v7e-m+fp/hard/libc_nano.a(lib_a-nano-msizer.o)
                0x000000000800d0c0                _malloc_usable_size_r
 .text.__sfputc_r
                0x000000000800d0d0       0x2e /opt/st/stm32cubeide_1.12.0/plugins/com.st.stm32cube.ide.mcu.externaltools.gnu-tools-for-stm32.10.3-2021.10.linux64_1.0.200.202301161003/tools/bin/../lib/gcc/arm-none-eabi/10.3.1/../../../../arm-none-eabi/lib/thumb/v7e-m+fp/hard/libc_nano.a(lib_a-nano-vfprintf.o)
 .text.__sfputs_r
                0x000000000800d0fe       0x24 /opt/st/stm32cubeide_1.12.0/plugins/com.st.stm32cube.ide.mcu.externaltools.gnu-tools-for-stm32.10.3-2021.10.linux64_1.0.200.202301161003/tools/bin/../lib/gcc/arm-none-eabi/10.3.1/../../../../arm-none-eabi/lib/thumb/v7e-m+fp/hard/libc_nano.a(lib_a-nano-vfprintf.o)
                0x000000000800d0fe                __sfputs_r
 *fill*         0x000000000800d122        0x2 
 .text._vfprintf_r
                0x000000000800d124      0x260 /opt/st/stm32cubeide_1.12.0/plugins/com.st.stm32cube.ide.mcu.externaltools.gnu-tools-for-stm32.10.3-2021.10.linux64_1.0.200.202301161003/tools/bin/../lib/gcc/arm-none-eabi/10.3.1/../../../../arm-none-eabi/lib/thumb/v7e-m+fp/hard/libc_nano.a(lib_a-nano-vfprintf.o)
                0x000000000800d124                _vfiprintf_r
                0x000000000800d124                _vfprintf_r
 .text.__swbuf_r
                0x000000000800d384       0xa4 /opt/st/stm32cubeide_1.12.0/plugins/com.st.stm32cube.ide.mcu.externaltools.gnu-tools-for-stm32.10.3-2021.10.linux64_1.0.200.202301161003/tools/bin/../lib/gcc/arm-none-eabi/10.3.1/../../../../arm-none-eabi/lib/thumb/v7e-m+fp/hard/libc_nano.a(lib_a-wbuf.o)
                0x000000000800d384                __swbuf_r
 .text.__swsetup_r
                0x000000000800d428       0xdc /opt/st/stm32cubeide_1.12.0/plugins/com.st.stm32cube.ide.mcu.externaltools.gnu-tools-for-stm32.10.3-2021.10.linux64_1.0.200.202301161003/tools/bin/../lib/gcc/arm-none-eabi/10.3.1/../../../../arm-none-eabi/lib/thumb/v7e-m+fp/hard/libc_nano.a(lib_a-wsetup.o)
                0x000000000800d428                __swsetup_r
 .text.__sflush_r
                0x000000000800d504      0x10c /opt/st/stm32cubeide_1.12.0/plugins/com.st.stm32cube.ide.mcu.externaltools.gnu-tools-for-stm32.10.3-2021.10.linux64_1.0.200.202301161003/tools/bin/../lib/gcc/arm-none-eabi/10.3.1/../../../../arm-none-eabi/lib/thumb/v7e-m+fp/hard/libc_nano.a(lib_a-fflush.o)
                0x000000000800d504                __sflush_r
 .text._fflush_r
                0x000000000800d610       0x78 /opt/st/stm32cubeide_1.12.0/plugins/com.st.stm32cube.ide.mcu.externaltools.gnu-tools-for-stm32.10.3-2021.10.linux64_1.0.200.202301161003/tools/bin/../lib/gcc/arm-none-eabi/10.3.1/../../../../arm-none-eabi/lib/thumb/v7e-m+fp/hard/libc_nano.a(lib_a-fflush.o)
                0x000000000800d610                _fflush_r
 .text.std      0x000000000800d688       0x48 /opt/st/stm32cubeide_1.12.0/plugins/com.st.stm32cube.ide.mcu.externaltools.gnu-tools-for-stm32.10.3-2021.10.linux64_1.0.200.202301161003/tools/bin/../lib/gcc/arm-none-eabi/10.3.1/../../../../arm-none-eabi/lib/thumb/v7e-m+fp/hard/libc_nano.a(lib_a-findfp.o)
 .text._cleanup_r
                0x000000000800d6d0        0xc /opt/st/stm32cubeide_1.12.0/plugins/com.st.stm32cube.ide.mcu.externaltools.gnu-tools-for-stm32.10.3-2021.10.linux64_1.0.200.202301161003/tools/bin/../lib/gcc/arm-none-eabi/10.3.1/../../../../arm-none-eabi/lib/thumb/v7e-m+fp/hard/libc_nano.a(lib_a-findfp.o)
                0x000000000800d6d0                _cleanup_r
 .text.__sfmoreglue
                0x000000000800d6dc       0x2c /opt/st/stm32cubeide_1.12.0/plugins/com.st.stm32cube.ide.mcu.externaltools.gnu-tools-for-stm32.10.3-2021.10.linux64_1.0.200.202301161003/tools/bin/../lib/gcc/arm-none-eabi/10.3.1/../../../../arm-none-eabi/lib/thumb/v7e-m+fp/hard/libc_nano.a(lib_a-findfp.o)
                0x000000000800d6dc                __sfmoreglue
 .text.__sfp_lock_acquire
                0x000000000800d708        0xc /opt/st/stm32cubeide_1.12.0/plugins/com.st.stm32cube.ide.mcu.externaltools.gnu-tools-for-stm32.10.3-2021.10.linux64_1.0.200.202301161003/tools/bin/../lib/gcc/arm-none-eabi/10.3.1/../../../../arm-none-eabi/lib/thumb/v7e-m+fp/hard/libc_nano.a(lib_a-findfp.o)
                0x000000000800d708                __sfp_lock_acquire
 .text.__sfp_lock_release