Archive member included to satisfy reference by file (symbol)

/opt/st/stm32cubeide_1.12.0/plugins/com.st.stm32cube.ide.mcu.externaltools.gnu-tools-for-stm32.10.3-2021.10.linux64_1.0.200.202301161003/tools/bin/../lib/gcc/arm-none-eabi/10.3.1/../../../../arm-none-eabi/lib/thumb/v7e-m+fp/hard/libstdc++_nano.a(pure.o)
                              ./Core/Src/mainpp.o (__cxa_pure_virtual)
/opt/st/stm32cubeide_1.12.0/plugins/com.st.stm32cube.ide.mcu.externaltools.gnu-tools-for-stm32.10.3-2021.10.linux64_1.0.200.202301161003/tools/bin/../lib/gcc/arm-none-eabi/10.3.1/../../../../arm-none-eabi/lib/thumb/v7e-m+fp/hard/libstdc++_nano.a(eh_terminate.o)
                              /opt/st/stm32cubeide_1.12.0/plugins/com.st.stm32cube.ide.mcu.externaltools.gnu-tools-for-stm32.10.3-2021.10.linux64_1.0.200.202301161003/tools/bin/../lib/gcc/arm-none-eabi/10.3.1/../../../../arm-none-eabi/lib/thumb/v7e-m+fp/hard/libstdc++_nano.a(pure.o) (std::terminate())
/opt/st/stm32cubeide_1.12.0/plugins/com.st.stm32cube.ide.mcu.externaltools.gnu-tools-for-stm32.10.3-2021.10.linux64_1.0.200.202301161003/tools/bin/../lib/gcc/arm-none-eabi/10.3.1/../../../../arm-none-eabi/lib/thumb/v7e-m+fp/hard/libstdc++_nano.a(eh_unex_handler.o)
                              /opt/st/stm32cubeide_1.12.0/plugins/com.st.stm32cube.ide.mcu.externaltools.gnu-tools-for-stm32.10.3-2021.10.linux64_1.0.200.202301161003/tools/bin/../lib/gcc/arm-none-eabi/10.3.1/../../../../arm-none-eabi/lib/thumb/v7e-m+fp/hard/libstdc++_nano.a(eh_terminate.o) (__cxxabiv1::__unexpected_handler)
/opt/st/stm32cubeide_1.12.0/plugins/com.st.stm32cube.ide.mcu.externaltools.gnu-tools-for-stm32.10.3-2021.10.linux64_1.0.200.202301161003/tools/bin/../lib/gcc/arm-none-eabi/10.3.1/../../../../arm-none-eabi/lib/thumb/v7e-m+fp/hard/libstdc++_nano.a(eh_term_handler.o)
                              /opt/st/stm32cubeide_1.12.0/plugins/com.st.stm32cube.ide.mcu.externaltools.gnu-tools-for-stm32.10.3-2021.10.linux64_1.0.200.202301161003/tools/bin/../lib/gcc/arm-none-eabi/10.3.1/../../../../arm-none-eabi/lib/thumb/v7e-m+fp/hard/libstdc++_nano.a(eh_terminate.o) (__cxxabiv1::__terminate_handler)
/opt/st/stm32cubeide_1.12.0/plugins/com.st.stm32cube.ide.mcu.externaltools.gnu-tools-for-stm32.10.3-2021.10.linux64_1.0.200.202301161003/tools/bin/../lib/gcc/arm-none-eabi/10.3.1/../../../../arm-none-eabi/lib/thumb/v7e-m+fp/hard/libm.a(lib_a-wf_atan2.o)
                              ./Core/Src/MPUXX50.o (atan2f)
/opt/st/stm32cubeide_1.12.0/plugins/com.st.stm32cube.ide.mcu.externaltools.gnu-tools-for-stm32.10.3-2021.10.linux64_1.0.200.202301161003/tools/bin/../lib/gcc/arm-none-eabi/10.3.1/../../../../arm-none-eabi/lib/thumb/v7e-m+fp/hard/libm.a(lib_a-ef_atan2.o)
                              /opt/st/stm32cubeide_1.12.0/plugins/com.st.stm32cube.ide.mcu.externaltools.gnu-tools-for-stm32.10.3-2021.10.linux64_1.0.200.202301161003/tools/bin/../lib/gcc/arm-none-eabi/10.3.1/../../../../arm-none-eabi/lib/thumb/v7e-m+fp/hard/libm.a(lib_a-wf_atan2.o) (__ieee754_atan2f)
/opt/st/stm32cubeide_1.12.0/plugins/com.st.stm32cube.ide.mcu.externaltools.gnu-tools-for-stm32.10.3-2021.10.linux64_1.0.200.202301161003/tools/bin/../lib/gcc/arm-none-eabi/10.3.1/../../../../arm-none-eabi/lib/thumb/v7e-m+fp/hard/libm.a(lib_a-sf_atan.o)
                              /opt/st/stm32cubeide_1.12.0/plugins/com.st.stm32cube.ide.mcu.externaltools.gnu-tools-for-stm32.10.3-2021.10.linux64_1.0.200.202301161003/tools/bin/../lib/gcc/arm-none-eabi/10.3.1/../../../../arm-none-eabi/lib/thumb/v7e-m+fp/hard/libm.a(lib_a-ef_atan2.o) (atanf)
/opt/st/stm32cubeide_1.12.0/plugins/com.st.stm32cube.ide.mcu.externaltools.gnu-tools-for-stm32.10.3-2021.10.linux64_1.0.200.202301161003/tools/bin/../lib/gcc/arm-none-eabi/10.3.1/../../../../arm-none-eabi/lib/thumb/v7e-m+fp/hard/libm.a(lib_a-sf_fabs.o)
                              /opt/st/stm32cubeide_1.12.0/plugins/com.st.stm32cube.ide.mcu.externaltools.gnu-tools-for-stm32.10.3-2021.10.linux64_1.0.200.202301161003/tools/bin/../lib/gcc/arm-none-eabi/10.3.1/../../../../arm-none-eabi/lib/thumb/v7e-m+fp/hard/libm.a(lib_a-ef_atan2.o) (fabsf)
/opt/st/stm32cubeide_1.12.0/plugins/com.st.stm32cube.ide.mcu.externaltools.gnu-tools-for-stm32.10.3-2021.10.linux64_1.0.200.202301161003/tools/bin/../lib/gcc/arm-none-eabi/10.3.1/../../../../arm-none-eabi/lib/thumb/v7e-m+fp/hard/libc_nano.a(lib_a-abort.o)
                              /opt/st/stm32cubeide_1.12.0/plugins/com.st.stm32cube.ide.mcu.externaltools.gnu-tools-for-stm32.10.3-2021.10.linux64_1.0.200.202301161003/tools/bin/../lib/gcc/arm-none-eabi/10.3.1/../../../../arm-none-eabi/lib/thumb/v7e-m+fp/hard/libstdc++_nano.a(eh_terminate.o) (abort)
/opt/st/stm32cubeide_1.12.0/plugins/com.st.stm32cube.ide.mcu.externaltools.gnu-tools-for-stm32.10.3-2021.10.linux64_1.0.200.202301161003/tools/bin/../lib/gcc/arm-none-eabi/10.3.1/../../../../arm-none-eabi/lib/thumb/v7e-m+fp/hard/libc_nano.a(lib_a-errno.o)
                              ./Core/Src/syscalls.o (__errno)
[...]
Memory Configuration

Name             Origin             Length             Attributes
CCMRAM           0x0000000010000000 0x0000000000010000 xrw
RAM              0x0000000020000000 0x0000000000020000 xrw
FLASH            0x0000000008000000 0x0000000000100000 xr
*default*        0x0000000000000000 0xffffffffffffffff

Linker script and memory map

LOAD /opt/st/stm32cubeide_1.12.0/plugins/com.st.stm32cube.ide.mcu.externaltools.gnu-tools-for-stm32.10.3-2021.10.linux64_1.0.200.202301161003/tools/bin/../lib/gcc/arm-none-eabi/10.3.1/thumb/v7e-m+fp/hard/crti.o
LOAD /opt/st/stm32cubeide_1.12.0/plugins/com.st.stm32cube.ide.mcu.externaltools.gnu-tools-for-stm32.10.3-2021.10.linux64_1.0.200.202301161003/tools/bin/../lib/gcc/arm-none-eabi/10.3.1/thumb/v7e-m+fp/hard/crtbegin.o
LOAD /opt/st/stm32cubeide_1.12.0/plugins/com.st.stm32cube.ide.mcu.externaltools.gnu-tools-for-stm32.10.3-2021.10.linux64_1.0.200.202301161003/tools/bin/../lib/gcc/arm-none-eabi/10.3.1/../../../../arm-none-eabi/lib/thumb/v7e-m+fp/hard/crt0.o
LOAD ./Core/Src/BufferedSerial.o
LOAD ./Core/Src/MPUXX50.o
LOAD ./Core/Src/duration.o
LOAD ./Core/Src/main.o
LOAD ./Core/Src/mainpp.o
LOAD ./Core/Src/stm32f4xx_hal_msp.o
LOAD ./Core/Src/stm32f4xx_it.o
LOAD ./Core/Src/syscalls.o
LOAD ./Core/Src/sysmem.o
LOAD ./Core/Src/system_stm32f4xx.o
LOAD ./Core/Src/time.o
LOAD ./Core/Startup/startup_stm32f407vgtx.o
LOAD ./Drivers/STM32F4xx_HAL_Driver/Src/stm32f4xx_hal.o
LOAD ./Drivers/STM32F4xx_HAL_Driver/Src/stm32f4xx_hal_cortex.o
LOAD ./Drivers/STM32F4xx_HAL_Driver/Src/stm32f4xx_hal_dma.o
LOAD ./Drivers/STM32F4xx_HAL_Driver/Src/stm32f4xx_hal_dma_ex.o
LOAD ./Drivers/STM32F4xx_HAL_Driver/Src/stm32f4xx_hal_exti.o
LOAD ./Drivers/STM32F4xx_HAL_Driver/Src/stm32f4xx_hal_flash.o
LOAD ./Drivers/STM32F4xx_HAL_Driver/Src/stm32f4xx_hal_flash_ex.o
LOAD ./Drivers/STM32F4xx_HAL_Driver/Src/stm32f4xx_hal_flash_ramfunc.o
LOAD ./Drivers/STM32F4xx_HAL_Driver/Src/stm32f4xx_hal_gpio.o
LOAD ./Drivers/STM32F4xx_HAL_Driver/Src/stm32f4xx_hal_i2c.o
LOAD ./Drivers/STM32F4xx_HAL_Driver/Src/stm32f4xx_hal_i2c_ex.o
LOAD ./Drivers/STM32F4xx_HAL_Driver/Src/stm32f4xx_hal_pwr.o
LOAD ./Drivers/STM32F4xx_HAL_Driver/Src/stm32f4xx_hal_pwr_ex.o
LOAD ./Drivers/STM32F4xx_HAL_Driver/Src/stm32f4xx_hal_rcc.o
LOAD ./Drivers/STM32F4xx_HAL_Driver/Src/stm32f4xx_hal_rcc_ex.o
LOAD ./Drivers/STM32F4xx_HAL_Driver/Src/stm32f4xx_hal_tim.o
LOAD ./Drivers/STM32F4xx_HAL_Driver/Src/stm32f4xx_hal_tim_ex.o
LOAD ./Drivers/STM32F4xx_HAL_Driver/Src/stm32f4xx_hal_uart.o
START GROUP
LOAD /opt/st/stm32cubeide_1.12.0/plugins/com.st.stm32cube.ide.mcu.externaltools.gnu-tools-for-stm32.10.3-2021.10.linux64_1.0.200.202301161003/tools/bin/../lib/gcc/arm-none-eabi/10.3.1/../../../../arm-none-eabi/lib/thumb/v7e-m+fp/hard/libstdc++_nano.a
LOAD /opt/st/stm32cubeide_1.12.0/plugins/com.st.stm32cube.ide.mcu.externaltools.gnu-tools-for-stm32.10.3-2021.10.linux64_1.0.200.202301161003/tools/bin/../lib/gcc/arm-none-eabi/10.3.1/../../../../arm-none-eabi/lib/thumb/v7e-m+fp/hard/libsupc++_nano.a
END GROUP
LOAD /opt/st/stm32cubeide_1.12.0/plugins/com.st.stm32cube.ide.mcu.externaltools.gnu-tools-for-stm32.10.3-2021.10.linux64_1.0.200.202301161003/tools/bin/../lib/gcc/arm-none-eabi/10.3.1/../../../../arm-none-eabi/lib/thumb/v7e-m+fp/hard/libstdc++_nano.a
LOAD /opt/st/stm32cubeide_1.12.0/plugins/com.st.stm32cube.ide.mcu.externaltools.gnu-tools-for-stm32.10.3-2021.10.linux64_1.0.200.202301161003/tools/bin/../lib/gcc/arm-none-eabi/10.3.1/../../../../arm-none-eabi/lib/thumb/v7e-m+fp/hard/libm.a
LOAD /opt/st/stm32cubeide_1.12.0/plugins/com.st.stm32cube.ide.mcu.externaltools.gnu-tools-for-stm32.10.3-2021.10.linux64_1.0.200.202301161003/tools/bin/../lib/gcc/arm-none-eabi/10.3.1/../../../../arm-none-eabi/lib/thumb/v7e-m+fp/hard/libc_nano.a
START GROUP
LOAD /opt/st/stm32cubeide_1.12.0/plugins/com.st.stm32cube.ide.mcu.externaltools.gnu-tools-for-stm32.10.3-2021.10.linux64_1.0.200.202301161003/tools/bin/../lib/gcc/arm-none-eabi/10.3.1/thumb/v7e-m+fp/hard/libgcc.a
LOAD /opt/st/stm32cubeide_1.12.0/plugins/com.st.stm32cube.ide.mcu.externaltools.gnu-tools-for-stm32.10.3-2021.10.linux64_1.0.200.202301161003/tools/bin/../lib/gcc/arm-none-eabi/10.3.1/../../../../arm-none-eabi/lib/thumb/v7e-m+fp/hard/libc_nano.a
END GROUP
START GROUP
LOAD /opt/st/stm32cubeide_1.12.0/plugins/com.st.stm32cube.ide.mcu.externaltools.gnu-tools-for-stm32.10.3-2021.10.linux64_1.0.200.202301161003/tools/bin/../lib/gcc/arm-none-eabi/10.3.1/thumb/v7e-m+fp/hard/libgcc.a
LOAD /opt/st/stm32cubeide_1.12.0/plugins/com.st.stm32cube.ide.mcu.externaltools.gnu-tools-for-stm32.10.3-2021.10.linux64_1.0.200.202301161003/tools/bin/../lib/gcc/arm-none-eabi/10.3.1/../../../../arm-none-eabi/lib/thumb/v7e-m+fp/hard/libc_nano.a
LOAD /opt/st/stm32cubeide_1.12.0/plugins/com.st.stm32cube.ide.mcu.externaltools.gnu-tools-for-stm32.10.3-2021.10.linux64_1.0.200.202301161003/tools/bin/../lib/gcc/arm-none-eabi/10.3.1/../../../../arm-none-eabi/lib/thumb/v7e-m+fp/hard/libnosys.a
END GROUP
START GROUP
LOAD /opt/st/stm32cubeide_1.12.0/plugins/com.st.stm32cube.ide.mcu.externaltools.gnu-tools-for-stm32.10.3-2021.10.linux64_1.0.200.202301161003/tools/bin/../lib/gcc/arm-none-eabi/10.3.1/thumb/v7e-m+fp/hard/libgcc.a
LOAD /opt/st/stm32cubeide_1.12.0/plugins/com.st.stm32cube.ide.mcu.externaltools.gnu-tools-for-stm32.10.3-2021.10.linux64_1.0.200.202301161003/tools/bin/../lib/gcc/arm-none-eabi/10.3.1/../../../../arm-none-eabi/lib/thumb/v7e-m+fp/hard/libc_nano.a
LOAD /opt/st/stm32cubeide_1.12.0/plugins/com.st.stm32cube.ide.mcu.externaltools.gnu-tools-for-stm32.10.3-2021.10.linux64_1.0.200.202301161003/tools/bin/../lib/gcc/arm-none-eabi/10.3.1/../../../../arm-none-eabi/lib/thumb/v7e-m+fp/hard/libnosys.a
END GROUP
LOAD /opt/st/stm32cubeide_1.12.0/plugins/com.st.stm32cube.ide.mcu.externaltools.gnu-tools-for-stm32.10.3-2021.10.linux64_1.0.200.202301161003/tools/bin/../lib/gcc/arm-none-eabi/10.3.1/thumb/v7e-m+fp/hard/crtend.o
LOAD /opt/st/stm32cubeide_1.12.0/plugins/com.st.stm32cube.ide.mcu.externaltools.gnu-tools-for-stm32.10.3-2021.10.linux64_1.0.200.202301161003/tools/bin/../lib/gcc/arm-none-eabi/10.3.1/thumb/v7e-m+fp/hard/crtn.o
                0x0000000020020000                _estack = (ORIGIN (RAM) + LENGTH (RAM))
                0x0000000000000200                _Min_Heap_Size = 0x200
                0x0000000000000400                _Min_Stack_Size = 0x400

.isr_vector     0x0000000008000000      0x188
                0x0000000008000000                . = ALIGN (0x4)
 *(.isr_vector)
 .isr_vector    0x0000000008000000      0x188 ./Core/Startup/startup_stm32f407vgtx.o
                0x0000000008000000                g_pfnVectors
                0x0000000008000188                . = ALIGN (0x4)

.text           0x0000000008000190     0xee54
                0x0000000008000190                . = ALIGN (0x4)
 *(.text)
 .text          0x0000000008000190       0x40 /opt/st/stm32cubeide_1.12.0/plugins/com.st.stm32cube.ide.mcu.externaltools.gnu-tools-for-stm32.10.3-2021.10.linux64_1.0.200.202301161003/tools/bin/../lib/gcc/arm-none-eabi/10.3.1/thumb/v7e-m+fp/hard/crtbegin.o
 .text          0x00000000080001d0       0x10 /opt/st/stm32cubeide_1.12.0/plugins/com.st.stm32cube.ide.mcu.externaltools.gnu-tools-for-stm32.10.3-2021.10.linux64_1.0.200.202301161003/tools/bin/../lib/gcc/arm-none-eabi/10.3.1/../../../../arm-none-eabi/lib/thumb/v7e-m+fp/hard/libc_nano.a(lib_a-strlen.o)
                0x00000000080001d0                strlen
 .text          0x00000000080001e0       0xa0 /opt/st/stm32cubeide_1.12.0/plugins/com.st.stm32cube.ide.mcu.externaltools.gnu-tools-for-stm32.10.3-2021.10.linux64_1.0.200.202301161003/tools/bin/../lib/gcc/arm-none-eabi/10.3.1/../../../../arm-none-eabi/lib/thumb/v7e-m+fp/hard/libc_nano.a(lib_a-memchr.o)
                0x00000000080001e0                memchr
 .text          0x0000000008000280      0x378 /opt/st/stm32cubeide_1.12.0/plugins/com.st.stm32cube.ide.mcu.externaltools.gnu-tools-for-stm32.10.3-2021.10.linux64_1.0.200.202301161003/tools/bin/../lib/gcc/arm-none-eabi/10.3.1/thumb/v7e-m+fp/hard/libgcc.a(_arm_addsubdf3.o)
                0x0000000008000280                __aeabi_drsub
                0x0000000008000288                __aeabi_dsub
                0x0000000008000288                __subdf3
                0x000000000800028c                __adddf3
                0x000000000800028c                __aeabi_dadd
                0x0000000008000504                __aeabi_ui2d
                0x0000000008000504                __floatunsidf
                0x0000000008000524                __floatsidf
                0x0000000008000524                __aeabi_i2d
                0x0000000008000548                __extendsfdf2
                0x0000000008000548                __aeabi_f2d
                0x000000000800058c                __aeabi_ul2d
                0x000000000800058c                __floatundidf
                0x000000000800059c                __floatdidf
                0x000000000800059c                __aeabi_l2d
 .text          0x00000000080005f8      0x424 /opt/st/stm32cubeide_1.12.0/plugins/com.st.stm32cube.ide.mcu.externaltools.gnu-tools-for-stm32.10.3-2021.10.linux64_1.0.200.202301161003/tools/bin/../lib/gcc/arm-none-eabi/10.3.1/thumb/v7e-m+fp/hard/libgcc.a(_arm_muldivdf3.o)
                0x00000000080005f8                __aeabi_dmul
                0x00000000080005f8                __muldf3
                0x000000000800084c                __aeabi_ddiv
                0x000000000800084c                __divdf3
 .text          0x0000000008000a1c      0x110 /opt/st/stm32cubeide_1.12.0/plugins/com.st.stm32cube.ide.mcu.externaltools.gnu-tools-for-stm32.10.3-2021.10.linux64_1.0.200.202301161003/tools/bin/../lib/gcc/arm-none-eabi/10.3.1/thumb/v7e-m+fp/hard/libgcc.a(_arm_cmpdf2.o)
                0x0000000008000a1c                __gtdf2
                0x0000000008000a1c                __gedf2
                0x0000000008000a24                __ltdf2
                0x0000000008000a24                __ledf2
                0x0000000008000a2c                __cmpdf2
                0x0000000008000a2c                __eqdf2
                0x0000000008000a2c                __nedf2
                0x0000000008000aa8                __aeabi_cdrcmple
                0x0000000008000ab8                __aeabi_cdcmple
                0x0000000008000ab8                __aeabi_cdcmpeq
                0x0000000008000ac8                __aeabi_dcmpeq
                0x0000000008000adc                __aeabi_dcmplt
                0x0000000008000af0                __aeabi_dcmple
                0x0000000008000b04                __aeabi_dcmpge
                0x0000000008000b18                __aeabi_dcmpgt
 .text          0x0000000008000b2c       0x2c /opt/st/stm32cubeide_1.12.0/plugins/com.st.stm32cube.ide.mcu.externaltools.gnu-tools-for-stm32.10.3-2021.10.linux64_1.0.200.202301161003/tools/bin/../lib/gcc/arm-none-eabi/10.3.1/thumb/v7e-m+fp/hard/libgcc.a(_arm_unorddf2.o)
                0x0000000008000b2c                __aeabi_dcmpun
                0x0000000008000b2c                __unorddf2
 .text          0x0000000008000b58       0x50 /opt/st/stm32cubeide_1.12.0/plugins/com.st.stm32cube.ide.mcu.externaltools.gnu-tools-for-stm32.10.3-2021.10.linux64_1.0.200.202301161003/tools/bin/../lib/gcc/arm-none-eabi/10.3.1/thumb/v7e-m+fp/hard/libgcc.a(_arm_fixdfsi.o)
                0x0000000008000b58                __fixdfsi
                0x0000000008000b58                __aeabi_d2iz
 .text          0x0000000008000ba8       0x40 /opt/st/stm32cubeide_1.12.0/plugins/com.st.stm32cube.ide.mcu.externaltools.gnu-tools-for-stm32.10.3-2021.10.linux64_1.0.200.202301161003/tools/bin/../lib/gcc/arm-none-eabi/10.3.1/thumb/v7e-m+fp/hard/libgcc.a(_arm_fixunsdfsi.o)
                0x0000000008000ba8                __fixunsdfsi
                0x0000000008000ba8                __aeabi_d2uiz
 .text          0x0000000008000be8       0xa0 /opt/st/stm32cubeide_1.12.0/plugins/com.st.stm32cube.ide.mcu.externaltools.gnu-tools-for-stm32.10.3-2021.10.linux64_1.0.200.202301161003/tools/bin/../lib/gcc/arm-none-eabi/10.3.1/thumb/v7e-m+fp/hard/libgcc.a(_arm_truncdfsf2.o)
                0x0000000008000be8                __aeabi_d2f
                0x0000000008000be8                __truncdfsf2
 .text          0x0000000008000c88       0x30 /opt/st/stm32cubeide_1.12.0/plugins/com.st.stm32cube.ide.mcu.externaltools.gnu-tools-for-stm32.10.3-2021.10.linux64_1.0.200.202301161003/tools/bin/../lib/gcc/arm-none-eabi/10.3.1/thumb/v7e-m+fp/hard/libgcc.a(_aeabi_uldivmod.o)
                0x0000000008000c88                __aeabi_uldivmod
 .text          0x0000000008000cb8       0x30 /opt/st/stm32cubeide_1.12.0/plugins/com.st.stm32cube.ide.mcu.externaltools.gnu-tools-for-stm32.10.3-2021.10.linux64_1.0.200.202301161003/tools/bin/../lib/gcc/arm-none-eabi/10.3.1/thumb/v7e-m+fp/hard/libgcc.a(_fixdfdi.o)
                0x0000000008000cb8                __aeabi_d2lz
                0x0000000008000cb8                __fixdfdi
 .text          0x0000000008000ce8       0x3c /opt/st/stm32cubeide_1.12.0/plugins/com.st.stm32cube.ide.mcu.externaltools.gnu-tools-for-stm32.10.3-2021.10.linux64_1.0.200.202301161003/tools/bin/../lib/gcc/arm-none-eabi/10.3.1/thumb/v7e-m+fp/hard/libgcc.a(_fixunsdfdi.o)
                0x0000000008000ce8                __aeabi_d2ulz
                0x0000000008000ce8                __fixunsdfdi
 .text          0x0000000008000d24      0x2d0 /opt/st/stm32cubeide_1.12.0/plugins/com.st.stm32cube.ide.mcu.externaltools.gnu-tools-for-stm32.10.3-2021.10.linux64_1.0.200.202301161003/tools/bin/../lib/gcc/arm-none-eabi/10.3.1/thumb/v7e-m+fp/hard/libgcc.a(_udivmoddi4.o)
                0x0000000008000d24                __udivmoddi4
 .text          0x0000000008000ff4        0x4 /opt/st/stm32cubeide_1.12.0/plugins/com.st.stm32cube.ide.mcu.externaltools.gnu-tools-for-stm32.10.3-2021.10.linux64_1.0.200.202301161003/tools/bin/../lib/gcc/arm-none-eabi/10.3.1/thumb/v7e-m+fp/hard/libgcc.a(_dvmd_tls.o)
                0x0000000008000ff4                __aeabi_ldiv0
                0x0000000008000ff4                __aeabi_idiv0
 *(.text*)
 .text._ZN14BufferedSerialC2ER20__UART_HandleTypeDef
                0x0000000008000ff8       0x40 ./Core/Src/BufferedSerial.o
                0x0000000008000ff8                BufferedSerial::BufferedSerial(__UART_HandleTypeDef&)
                0x0000000008000ff8                BufferedSerial::BufferedSerial(__UART_HandleTypeDef&)
 .text._ZN14BufferedSerial4initEv
                0x0000000008001038       0x16 ./Core/Src/BufferedSerial.o
                0x0000000008001038                BufferedSerial::init()
 .text._ZN14BufferedSerial4readEv
                0x000000000800104e       0x6c ./Core/Src/BufferedSerial.o
                0x000000000800104e                BufferedSerial::read()
 .text._ZN14BufferedSerial5writeEPKhi
                0x00000000080010ba       0xae ./Core/Src/BufferedSerial.o
                0x00000000080010ba                BufferedSerial::write(unsigned char const*, int)
 .text._ZN14BufferedSerial15flush_tx_bufferEv
                0x0000000008001168      0x11c ./Core/Src/BufferedSerial.o
                0x0000000008001168                BufferedSerial::flush_tx_buffer()
 .text._ZN14BufferedSerial15reset_rx_bufferEv
                0x0000000008001284       0x22 ./Core/Src/BufferedSerial.o
                0x0000000008001284                BufferedSerial::reset_rx_buffer()
 .text._ZN14BufferedSerial10get_handleEv
                0x00000000080012a6       0x18 ./Core/Src/BufferedSerial.o
                0x00000000080012a6                BufferedSerial::get_handle()
 *fill*         0x00000000080012be        0x2 
 .text.HAL_UART_TxCpltCallback
                0x00000000080012c0       0x38 ./Core/Src/BufferedSerial.o
                0x00000000080012c0                HAL_UART_TxCpltCallback
 .text.HAL_UART_RxCpltCallback
                0x00000000080012f8       0x1c ./Core/Src/BufferedSerial.o
                0x00000000080012f8                HAL_UART_RxCpltCallback
 .text._Z41__static_initialization_and_destruction_0ii
                0x0000000008001314       0x34 ./Core/Src/BufferedSerial.o
 .text._GLOBAL__sub_I_buff_serial
                0x0000000008001348       0x10 ./Core/Src/BufferedSerial.o
 .text._ZSt5atan2ff
                0x0000000008001358       0x28 ./Core/Src/MPUXX50.o
                0x0000000008001358                std::atan2(float, float)
 .text._ZN7MPUXX50C2EP17I2C_HandleTypeDefh
                0x0000000008001380       0x4c ./Core/Src/MPUXX50.o
                0x0000000008001380                MPUXX50::MPUXX50(I2C_HandleTypeDef*, unsigned char)
                0x0000000008001380                MPUXX50::MPUXX50(I2C_HandleTypeDef*, unsigned char)
 .text._ZN7MPUXX505beginEv
                0x00000000080013cc       0x9a ./Core/Src/MPUXX50.o
                0x00000000080013cc                MPUXX50::begin()
 *fill*         0x0000000008001466        0x2 
 .text._ZN7MPUXX5022writeAccFullScaleRangeEh
                0x0000000008001468      0x120 ./Core/Src/MPUXX50.o
                0x0000000008001468                MPUXX50::writeAccFullScaleRange(unsigned char)
 .text._ZN7MPUXX5023writeGyroFullScaleRangeEh
                0x0000000008001588      0x128 ./Core/Src/MPUXX50.o
                0x0000000008001588                MPUXX50::writeGyroFullScaleRange(unsigned char)
 .text._ZN7MPUXX5021setGyroFullScaleRangeEh
                0x00000000080016b0       0x1e ./Core/Src/MPUXX50.o
                0x00000000080016b0                MPUXX50::setGyroFullScaleRange(unsigned char)
 .text._ZN7MPUXX5020setAccFullScaleRangeEh
                0x00000000080016ce       0x1e ./Core/Src/MPUXX50.o
                0x00000000080016ce                MPUXX50::setAccFullScaleRange(unsigned char)
 .text._ZN7MPUXX5012setDeltaTimeEf
                0x00000000080016ec       0x1e ./Core/Src/MPUXX50.o
                0x00000000080016ec                MPUXX50::setDeltaTime(float)
 .text._ZN7MPUXX506setTauEf
                0x000000000800170a       0x1e ./Core/Src/MPUXX50.o
                0x000000000800170a                MPUXX50::setTau(float)
 .text._ZN7MPUXX5013calibrateGyroEt
                0x0000000008001728       0xda ./Core/Src/MPUXX50.o
                0x0000000008001728                MPUXX50::calibrateGyro(unsigned short)
 .text._ZN7MPUXX5011readRawDataEv
                0x0000000008001802       0xa2 ./Core/Src/MPUXX50.o
                0x0000000008001802                MPUXX50::readRawData()
 .text._ZN7MPUXX5011processDataEv
                0x00000000080018a4      0x10a ./Core/Src/MPUXX50.o
                0x00000000080018a4                MPUXX50::processData()
 *fill*         0x00000000080019ae        0x2 
 .text._ZN7MPUXX5012calcAttitudeEv
                0x00000000080019b0      0x160 ./Core/Src/MPUXX50.o
                0x00000000080019b0                MPUXX50::calcAttitude()
 .text.main     0x0000000008001b10       0xc8 ./Core/Src/main.o
                0x0000000008001b10                main
 .text._Z18SystemClock_Configv
                0x0000000008001bd8       0xe8 ./Core/Src/main.o
                0x0000000008001bd8                SystemClock_Config()
 .text._ZL12MX_I2C2_Initv
                0x0000000008001cc0       0x68 ./Core/Src/main.o
 .text._ZL12MX_TIM2_Initv
                0x0000000008001d28       0xf0 ./Core/Src/main.o
 .text._ZL12MX_TIM3_Initv
                0x0000000008001e18       0xbc ./Core/Src/main.o
 .text._ZL12MX_TIM4_Initv
                0x0000000008001ed4       0xbc ./Core/Src/main.o
 .text._ZL12MX_TIM5_Initv
                0x0000000008001f90       0xbc ./Core/Src/main.o
 .text._ZL19MX_USART2_UART_Initv
                0x000000000800204c       0x5c ./Core/Src/main.o
 .text._ZL11MX_DMA_Initv
                0x00000000080020a8       0x50 ./Core/Src/main.o
 .text._ZL12MX_GPIO_Initv
                0x00000000080020f8       0xa4 ./Core/Src/main.o
 *fill*         0x000000000800219c        0x4 
 .text.HAL_TIM_PeriodElapsedCallback
                0x00000000080021a0      0x4cc ./Core/Src/main.o
                0x00000000080021a0                HAL_TIM_PeriodElapsedCallback
 .text.Error_Handler
                0x000000000800266c        0xa ./Core/Src/main.o
                0x000000000800266c                Error_Handler
 *fill*         0x0000000008002676        0x2 
 .text._Z41__static_initialization_and_destruction_0ii
                0x0000000008002678       0x34 ./Core/Src/main.o
 .text._GLOBAL__sub_I_hi2c2
                0x00000000080026ac       0x10 ./Core/Src/main.o
 .text._ZN3ros3MsgC2Ev
                0x00000000080026bc       0x20 ./Core/Src/mainpp.o
                0x00000000080026bc                ros::Msg::Msg()
                0x00000000080026bc                ros::Msg::Msg()
 .text._ZN10custom_msg17encoder_input_msgC2Ev
                0x00000000080026dc       0x64 ./Core/Src/mainpp.o
                0x00000000080026dc                custom_msg::encoder_input_msg::encoder_input_msg()
                0x00000000080026dc                custom_msg::encoder_input_msg::encoder_input_msg()
 .text._ZNK10custom_msg17encoder_input_msg9serializeEPh
                0x0000000008002740      0x25c ./Core/Src/mainpp.o
                0x0000000008002740                custom_msg::encoder_input_msg::serialize(unsigned char*) const
 .text._ZN10custom_msg17encoder_input_msg11deserializeEPh
                0x000000000800299c      0x2bc ./Core/Src/mainpp.o
                0x000000000800299c                custom_msg::encoder_input_msg::deserialize(unsigned char*)
 .text._ZN10custom_msg17encoder_input_msg7getTypeEv
                0x0000000008002c58       0x1c ./Core/Src/mainpp.o
                0x0000000008002c58                custom_msg::encoder_input_msg::getType()
 .text._ZN10custom_msg17encoder_input_msg6getMD5Ev
                0x0000000008002c74       0x1c ./Core/Src/mainpp.o
                0x0000000008002c74                custom_msg::encoder_input_msg::getMD5()
 .text._ZN10custom_msg18encoder_output_msgC2Ev
                0x0000000008002c90       0x44 ./Core/Src/mainpp.o
                0x0000000008002c90                custom_msg::encoder_output_msg::encoder_output_msg()
                0x0000000008002c90                custom_msg::encoder_output_msg::encoder_output_msg()
 .text._ZNK10custom_msg18encoder_output_msg9serializeEPh
                0x0000000008002cd4      0x13c ./Core/Src/mainpp.o
                0x0000000008002cd4                custom_msg::encoder_output_msg::serialize(unsigned char*) const
 .text._ZN10custom_msg18encoder_output_msg11deserializeEPh
                0x0000000008002e10      0x16c ./Core/Src/mainpp.o
                0x0000000008002e10                custom_msg::encoder_output_msg::deserialize(unsigned char*)
 .text._ZN10custom_msg18encoder_output_msg7getTypeEv
                0x0000000008002f7c       0x1c ./Core/Src/mainpp.o
                0x0000000008002f7c                custom_msg::encoder_output_msg::getType()
 .text._ZN10custom_msg18encoder_output_msg6getMD5Ev
                0x0000000008002f98       0x1c ./Core/Src/mainpp.o
                0x0000000008002f98                custom_msg::encoder_output_msg::getMD5()
 .text._ZN10custom_msg7mpu_msgC2Ev
                0x0000000008002fb4       0x3c ./Core/Src/mainpp.o
                0x0000000008002fb4                custom_msg::mpu_msg::mpu_msg()
                0x0000000008002fb4                custom_msg::mpu_msg::mpu_msg()
 .text._ZNK10custom_msg7mpu_msg9serializeEPh
                0x0000000008002ff0       0xf4 ./Core/Src/mainpp.o
                0x0000000008002ff0                custom_msg::mpu_msg::serialize(unsigned char*) const
 .text._ZN10custom_msg7mpu_msg11deserializeEPh
                0x00000000080030e4      0x118 ./Core/Src/mainpp.o
                0x00000000080030e4                custom_msg::mpu_msg::deserialize(unsigned char*)
 .text._ZN10custom_msg7mpu_msg7getTypeEv
                0x00000000080031fc       0x1c ./Core/Src/mainpp.o
                0x00000000080031fc                custom_msg::mpu_msg::getType()
 .text._ZN10custom_msg7mpu_msg6getMD5Ev
                0x0000000008003218       0x1c ./Core/Src/mainpp.o
                0x0000000008003218                custom_msg::mpu_msg::getMD5()
 .text._ZN13STM32HardwareC2Ev
                0x0000000008003234       0x20 ./Core/Src/mainpp.o
                0x0000000008003234                STM32Hardware::STM32Hardware()
                0x0000000008003234                STM32Hardware::STM32Hardware()
 .text._ZN13STM32Hardware4initEv
                0x0000000008003254       0x1a ./Core/Src/mainpp.o
                0x0000000008003254                STM32Hardware::init()
 .text._ZN13STM32Hardware4readEv
                0x000000000800326e       0x1c ./Core/Src/mainpp.o
                0x000000000800326e                STM32Hardware::read()
 .text._ZN13STM32Hardware5writeEPhi
                0x000000000800328a       0x22 ./Core/Src/mainpp.o
                0x000000000800328a                STM32Hardware::write(unsigned char*, int)
 .text._ZN13STM32Hardware4timeEv
                0x00000000080032ac       0x16 ./Core/Src/mainpp.o
                0x00000000080032ac                STM32Hardware::time()
 .text._ZN3ros4TimeC2Ev
                0x00000000080032c2       0x22 ./Core/Src/mainpp.o
                0x00000000080032c2                ros::Time::Time()
                0x00000000080032c2                ros::Time::Time()
 .text._ZN8std_msgs4TimeC2Ev
                0x00000000080032e4       0x30 ./Core/Src/mainpp.o
                0x00000000080032e4                std_msgs::Time::Time()
                0x00000000080032e4                std_msgs::Time::Time()
 .text._ZNK8std_msgs4Time9serializeEPh
                0x0000000008003314       0xb0 ./Core/Src/mainpp.o
                0x0000000008003314                std_msgs::Time::serialize(unsigned char*) const
 .text._ZN8std_msgs4Time11deserializeEPh
                0x00000000080033c4       0xc8 ./Core/Src/mainpp.o
                0x00000000080033c4                std_msgs::Time::deserialize(unsigned char*)
 .text._ZN8std_msgs4Time7getTypeEv
                0x000000000800348c       0x1c ./Core/Src/mainpp.o
                0x000000000800348c                std_msgs::Time::getType()
 .text._ZN8std_msgs4Time6getMD5Ev
                0x00000000080034a8       0x1c ./Core/Src/mainpp.o
                0x00000000080034a8                std_msgs::Time::getMD5()
 .text._ZN14rosserial_msgs9TopicInfoC2Ev
                0x00000000080034c4       0x48 ./Core/Src/mainpp.o
                0x00000000080034c4                rosserial_msgs::TopicInfo::TopicInfo()
                0x00000000080034c4                rosserial_msgs::TopicInfo::TopicInfo()
 .text._ZNK14rosserial_msgs9TopicInfo9serializeEPh
                0x000000000800350c      0x136 ./Core/Src/mainpp.o
                0x000000000800350c                rosserial_msgs::TopicInfo::serialize(unsigned char*) const
 .text._ZN14rosserial_msgs9TopicInfo11deserializeEPh
                0x0000000008003642      0x1d0 ./Core/Src/mainpp.o
                0x0000000008003642                rosserial_msgs::TopicInfo::deserialize(unsigned char*)
 *fill*         0x0000000008003812        0x2 
 .text._ZN14rosserial_msgs9TopicInfo7getTypeEv
                0x0000000008003814       0x1c ./Core/Src/mainpp.o
                0x0000000008003814                rosserial_msgs::TopicInfo::getType()
 .text._ZN14rosserial_msgs9TopicInfo6getMD5Ev
                0x0000000008003830       0x1c ./Core/Src/mainpp.o
                0x0000000008003830                rosserial_msgs::TopicInfo::getMD5()
 .text._ZN14rosserial_msgs3LogC2Ev
                0x000000000800384c       0x34 ./Core/Src/mainpp.o
                0x000000000800384c                rosserial_msgs::Log::Log()
                0x000000000800384c                rosserial_msgs::Log::Log()
 .text._ZNK14rosserial_msgs3Log9serializeEPh
                0x0000000008003880       0x64 ./Core/Src/mainpp.o
                0x0000000008003880                rosserial_msgs::Log::serialize(unsigned char*) const
 .text._ZN14rosserial_msgs3Log11deserializeEPh
                0x00000000080038e4       0x90 ./Core/Src/mainpp.o
                0x00000000080038e4                rosserial_msgs::Log::deserialize(unsigned char*)
 .text._ZN14rosserial_msgs3Log7getTypeEv
                0x0000000008003974       0x1c ./Core/Src/mainpp.o
                0x0000000008003974                rosserial_msgs::Log::getType()
 .text._ZN14rosserial_msgs3Log6getMD5Ev
                0x0000000008003990       0x1c ./Core/Src/mainpp.o
                0x0000000008003990                rosserial_msgs::Log::getMD5()
 .text._ZN14rosserial_msgs20RequestParamResponseC2Ev
                0x00000000080039ac       0x5c ./Core/Src/mainpp.o
                0x00000000080039ac                rosserial_msgs::RequestParamResponse::RequestParamResponse()
                0x00000000080039ac                rosserial_msgs::RequestParamResponse::RequestParamResponse()
 .text._ZNK14rosserial_msgs20RequestParamResponse9serializeEPh
                0x0000000008003a08      0x222 ./Core/Src/mainpp.o
                0x0000000008003a08                rosserial_msgs::RequestParamResponse::serialize(unsigned char*) const
 .text._ZN14rosserial_msgs20RequestParamResponse11deserializeEPh
                0x0000000008003c2a      0x2e2 ./Core/Src/mainpp.o
                0x0000000008003c2a                rosserial_msgs::RequestParamResponse::deserialize(unsigned char*)
 .text._ZN14rosserial_msgs20RequestParamResponse7getTypeEv
                0x0000000008003f0c       0x1c ./Core/Src/mainpp.o
                0x0000000008003f0c                rosserial_msgs::RequestParamResponse::getType()
 .text._ZN14rosserial_msgs20RequestParamResponse6getMD5Ev
                0x0000000008003f28       0x1c ./Core/Src/mainpp.o
                0x0000000008003f28                rosserial_msgs::RequestParamResponse::getMD5()
 .text._ZN3ros9PublisherC2EPKcPNS_3MsgEi
                0x0000000008003f44       0x2e ./Core/Src/mainpp.o
                0x0000000008003f44                ros::Publisher::Publisher(char const*, ros::Msg*, int)
                0x0000000008003f44                ros::Publisher::Publisher(char const*, ros::Msg*, int)
 .text._ZN3ros9Publisher7publishEPKNS_3MsgE
                0x0000000008003f72       0x28 ./Core/Src/mainpp.o
                0x0000000008003f72                ros::Publisher::publish(ros::Msg const*)
 .text._ZN3ros9Publisher15getEndpointTypeEv
                0x0000000008003f9a       0x18 ./Core/Src/mainpp.o
                0x0000000008003f9a                ros::Publisher::getEndpointType()
 *fill*         0x0000000008003fb2        0x2 
 .text._ZN8std_msgs6StringC2Ev
                0x0000000008003fb4       0x30 ./Core/Src/mainpp.o
                0x0000000008003fb4                std_msgs::String::String()
                0x0000000008003fb4                std_msgs::String::String()
 .text._ZNK8std_msgs6String9serializeEPh
                0x0000000008003fe4       0x52 ./Core/Src/mainpp.o
                0x0000000008003fe4                std_msgs::String::serialize(unsigned char*) const
 .text._ZN8std_msgs6String11deserializeEPh
                0x0000000008004036       0x7e ./Core/Src/mainpp.o
                0x0000000008004036                std_msgs::String::deserialize(unsigned char*)
 .text._ZN8std_msgs6String7getTypeEv
                0x00000000080040b4       0x1c ./Core/Src/mainpp.o
                0x00000000080040b4                std_msgs::String::getType()
 .text._ZN8std_msgs6String6getMD5Ev
                0x00000000080040d0       0x1c ./Core/Src/mainpp.o
                0x00000000080040d0                std_msgs::String::getMD5()
 .text._ZN3ros15NodeHandleBase_C2Ev
                0x00000000080040ec       0x20 ./Core/Src/mainpp.o
                0x00000000080040ec                ros::NodeHandleBase_::NodeHandleBase_()
                0x00000000080040ec                ros::NodeHandleBase_::NodeHandleBase_()
 .text._ZN3ros11NodeHandle_I13STM32HardwareLi25ELi25ELi512ELi512EEC2Ev
                0x000000000800410c       0xe4 ./Core/Src/mainpp.o
                0x000000000800410c                ros::NodeHandle_<STM32Hardware, 25, 25, 512, 512>::NodeHandle_()
                0x000000000800410c                ros::NodeHandle_<STM32Hardware, 25, 25, 512, 512>::NodeHandle_()
 .text.setup    0x00000000080041f0       0x44 ./Core/Src/mainpp.o
                0x00000000080041f0                setup
 .text.loop     0x0000000008004234       0xa0 ./Core/Src/mainpp.o
                0x0000000008004234                loop
 .text._Z6vel_cbRKN10custom_msg17encoder_input_msgE
                0x00000000080042d4       0x74 ./Core/Src/mainpp.o
                0x00000000080042d4                vel_cb(custom_msg::encoder_input_msg const&)
 .text._ZN3ros3Msg8varToArrIPhmEEvT_T0_
                0x0000000008004348       0x3c ./Core/Src/mainpp.o
                0x0000000008004348                void ros::Msg::varToArr<unsigned char*, unsigned long>(unsigned char*, unsigned long)
 .text._ZN3ros3Msg8arrToVarImPhEEvRT_T0_
                0x0000000008004384       0x4a ./Core/Src/mainpp.o
                0x0000000008004384                void ros::Msg::arrToVar<unsigned long, unsigned char*>(unsigned long&, unsigned char*)
 *fill*         0x00000000080043ce        0x2 
 .text._ZN3ros11Subscriber_C2Ev
                0x00000000080043d0       0x20 ./Core/Src/mainpp.o
                0x00000000080043d0                ros::Subscriber_::Subscriber_()
                0x00000000080043d0                ros::Subscriber_::Subscriber_()
 .text._ZN3ros10SubscriberIN10custom_msg17encoder_input_msgEvEC2EPKcPFvRKS2_Ei
                0x00000000080043f0       0x48 ./Core/Src/mainpp.o
                0x00000000080043f0                ros::Subscriber<custom_msg::encoder_input_msg, void>::Subscriber(char const*, void (*)(custom_msg::encoder_input_msg const&), int)
                0x00000000080043f0                ros::Subscriber<custom_msg::encoder_input_msg, void>::Subscriber(char const*, void (*)(custom_msg::encoder_input_msg const&), int)
 .text._ZN3ros11NodeHandle_I13STM32HardwareLi25ELi25ELi512ELi512EE8initNodeEv
                0x0000000008004438       0x3a ./Core/Src/mainpp.o
                0x0000000008004438                ros::NodeHandle_<STM32Hardware, 25, 25, 512, 512>::initNode()
 .text._ZN3ros11NodeHandle_I13STM32HardwareLi25ELi25ELi512ELi512EE9advertiseERNS_9PublisherE
                0x0000000008004472       0x5c ./Core/Src/mainpp.o
                0x0000000008004472                ros::NodeHandle_<STM32Hardware, 25, 25, 512, 512>::advertise(ros::Publisher&)
 .text._ZN3ros11NodeHandle_I13STM32HardwareLi25ELi25ELi512ELi512EE9subscribeERNS_11Subscriber_E
                0x00000000080044ce       0x5a ./Core/Src/mainpp.o
                0x00000000080044ce                ros::NodeHandle_<STM32Hardware, 25, 25, 512, 512>::subscribe(ros::Subscriber_&)
 .text._ZN3ros11NodeHandle_I13STM32HardwareLi25ELi25ELi512ELi512EE8spinOnceEv
                0x0000000008004528      0x3a6 ./Core/Src/mainpp.o
                0x0000000008004528                ros::NodeHandle_<STM32Hardware, 25, 25, 512, 512>::spinOnce()
 .text._ZN3ros11NodeHandle_I13STM32HardwareLi25ELi25ELi512ELi512EE15requestSyncTimeEv
                0x00000000080048ce       0x3a ./Core/Src/mainpp.o
                0x00000000080048ce                ros::NodeHandle_<STM32Hardware, 25, 25, 512, 512>::requestSyncTime()
 .text._ZN3ros11NodeHandle_I13STM32HardwareLi25ELi25ELi512ELi512EE15negotiateTopicsEv
                0x0000000008004908      0x1c0 ./Core/Src/mainpp.o
                0x0000000008004908                ros::NodeHandle_<STM32Hardware, 25, 25, 512, 512>::negotiateTopics()
 .text._ZN3ros11NodeHandle_I13STM32HardwareLi25ELi25ELi512ELi512EE8syncTimeEPh
                0x0000000008004ac8       0x94 ./Core/Src/mainpp.o
                0x0000000008004ac8                ros::NodeHandle_<STM32Hardware, 25, 25, 512, 512>::syncTime(unsigned char*)
 .text._ZN3ros11NodeHandle_I13STM32HardwareLi25ELi25ELi512ELi512EE7publishEiPKNS_3MsgE
                0x0000000008004b5c      0x128 ./Core/Src/mainpp.o
                0x0000000008004b5c                ros::NodeHandle_<STM32Hardware, 25, 25, 512, 512>::publish(int, ros::Msg const*)
 .text._ZN3ros11NodeHandle_I13STM32HardwareLi25ELi25ELi512ELi512EE6setNowERKNS_4TimeE
                0x0000000008004c84       0x7c ./Core/Src/mainpp.o
                0x0000000008004c84                ros::NodeHandle_<STM32Hardware, 25, 25, 512, 512>::setNow(ros::Time const&)
 .text._ZN3ros11NodeHandle_I13STM32HardwareLi25ELi25ELi512ELi512EE8logerrorEPKc
                0x0000000008004d00       0x1c ./Core/Src/mainpp.o
                0x0000000008004d00                ros::NodeHandle_<STM32Hardware, 25, 25, 512, 512>::logerror(char const*)
 .text._ZN3ros11NodeHandle_I13STM32HardwareLi25ELi25ELi512ELi512EE3logEcPKc
                0x0000000008004d1c       0x38 ./Core/Src/mainpp.o
                0x0000000008004d1c                ros::NodeHandle_<STM32Hardware, 25, 25, 512, 512>::log(char, char const*)
 .text._Z41__static_initialization_and_destruction_0ii
                0x0000000008004d54       0xa0 ./Core/Src/mainpp.o
 .text._ZN3ros10SubscriberIN10custom_msg17encoder_input_msgEvE8callbackEPh
                0x0000000008004df4       0x2a ./Core/Src/mainpp.o
                0x0000000008004df4                ros::Subscriber<custom_msg::encoder_input_msg, void>::callback(unsigned char*)
 .text._ZN3ros10SubscriberIN10custom_msg17encoder_input_msgEvE15getEndpointTypeEv
                0x0000000008004e1e       0x18 ./Core/Src/mainpp.o
                0x0000000008004e1e                ros::Subscriber<custom_msg::encoder_input_msg, void>::getEndpointType()
 .text._ZN3ros10SubscriberIN10custom_msg17encoder_input_msgEvE10getMsgTypeEv
                0x0000000008004e36       0x1c ./Core/Src/mainpp.o
                0x0000000008004e36                ros::Subscriber<custom_msg::encoder_input_msg, void>::getMsgType()
 .text._ZN3ros10SubscriberIN10custom_msg17encoder_input_msgEvE9getMsgMD5Ev
                0x0000000008004e52       0x1c ./Core/Src/mainpp.o
                0x0000000008004e52                ros::Subscriber<custom_msg::encoder_input_msg, void>::getMsgMD5()
 .text._ZN3ros11NodeHandle_I13STM32HardwareLi25ELi25ELi512ELi512EE9connectedEv
                0x0000000008004e6e       0x1a ./Core/Src/mainpp.o
                0x0000000008004e6e                ros::NodeHandle_<STM32Hardware, 25, 25, 512, 512>::connected()
 .text._GLOBAL__sub_I_nh
                0x0000000008004e88       0x10 ./Core/Src/mainpp.o
 .text.HAL_MspInit
                0x0000000008004e98       0x50 ./Core/Src/stm32f4xx_hal_msp.o
                0x0000000008004e98                HAL_MspInit
 .text.HAL_I2C_MspInit
                0x0000000008004ee8       0x90 ./Core/Src/stm32f4xx_hal_msp.o
                0x0000000008004ee8                HAL_I2C_MspInit
 .text.HAL_TIM_PWM_MspInit
                0x0000000008004f78       0x40 ./Core/Src/stm32f4xx_hal_msp.o
                0x0000000008004f78                HAL_TIM_PWM_MspInit
 .text.HAL_TIM_Encoder_MspInit
                0x0000000008004fb8       0xfc ./Core/Src/stm32f4xx_hal_msp.o
                0x0000000008004fb8                HAL_TIM_Encoder_MspInit
 .text.HAL_TIM_Base_MspInit
                0x00000000080050b4       0x50 ./Core/Src/stm32f4xx_hal_msp.o
                0x00000000080050b4                HAL_TIM_Base_MspInit
 .text.HAL_TIM_MspPostInit
                0x0000000008005104       0x70 ./Core/Src/stm32f4xx_hal_msp.o
                0x0000000008005104                HAL_TIM_MspPostInit
 .text.HAL_UART_MspInit
                0x0000000008005174      0x16c ./Core/Src/stm32f4xx_hal_msp.o
                0x0000000008005174                HAL_UART_MspInit
 .text.NMI_Handler
                0x00000000080052e0        0x6 ./Core/Src/stm32f4xx_it.o
                0x00000000080052e0                NMI_Handler
 .text.HardFault_Handler
                0x00000000080052e6        0x6 ./Core/Src/stm32f4xx_it.o
                0x00000000080052e6                HardFault_Handler
 .text.MemManage_Handler
                0x00000000080052ec        0x6 ./Core/Src/stm32f4xx_it.o
                0x00000000080052ec                MemManage_Handler
 .text.BusFault_Handler
                0x00000000080052f2        0x6 ./Core/Src/stm32f4xx_it.o
                0x00000000080052f2                BusFault_Handler
 .text.UsageFault_Handler
                0x00000000080052f8        0x6 ./Core/Src/stm32f4xx_it.o
                0x00000000080052f8                UsageFault_Handler
 .text.SVC_Handler
                0x00000000080052fe        0xe ./Core/Src/stm32f4xx_it.o
                0x00000000080052fe                SVC_Handler
 .text.DebugMon_Handler
                0x000000000800530c        0xe ./Core/Src/stm32f4xx_it.o
                0x000000000800530c                DebugMon_Handler
 .text.PendSV_Handler
                0x000000000800531a        0xe ./Core/Src/stm32f4xx_it.o
                0x000000000800531a                PendSV_Handler
 .text.SysTick_Handler
                0x0000000008005328        0xc ./Core/Src/stm32f4xx_it.o
                0x0000000008005328                SysTick_Handler
 .text.DMA1_Stream5_IRQHandler
                0x0000000008005334       0x14 ./Core/Src/stm32f4xx_it.o
                0x0000000008005334                DMA1_Stream5_IRQHandler
 .text.DMA1_Stream6_IRQHandler
                0x0000000008005348       0x14 ./Core/Src/stm32f4xx_it.o
                0x0000000008005348                DMA1_Stream6_IRQHandler
 .text.USART2_IRQHandler
                0x000000000800535c       0x14 ./Core/Src/stm32f4xx_it.o
                0x000000000800535c                USART2_IRQHandler
 .text.TIM5_IRQHandler
                0x0000000008005370       0x14 ./Core/Src/stm32f4xx_it.o
                0x0000000008005370                TIM5_IRQHandler
 .text._getpid  0x0000000008005384       0x10 ./Core/Src/syscalls.o
                0x0000000008005384                _getpid
 .text._kill    0x0000000008005394       0x20 ./Core/Src/syscalls.o
                0x0000000008005394                _kill
 .text._exit    0x00000000080053b4       0x14 ./Core/Src/syscalls.o
                0x00000000080053b4                _exit
 .text._read    0x00000000080053c8       0x3a ./Core/Src/syscalls.o
                0x00000000080053c8                _read
 .text._write   0x0000000008005402       0x38 ./Core/Src/syscalls.o
                0x0000000008005402                _write
 .text._close   0x000000000800543a       0x18 ./Core/Src/syscalls.o
                0x000000000800543a                _close
 .text._fstat   0x0000000008005452       0x20 ./Core/Src/syscalls.o
                0x0000000008005452                _fstat
 .text._isatty  0x0000000008005472       0x16 ./Core/Src/syscalls.o
                0x0000000008005472                _isatty
 .text._lseek   0x0000000008005488       0x1a ./Core/Src/syscalls.o
                0x0000000008005488                _lseek
 *fill*         0x00000000080054a2        0x2 
 .text._sbrk    0x00000000080054a4       0x6c ./Core/Src/sysmem.o
                0x00000000080054a4                _sbrk
 .text.SystemInit
                0x0000000008005510       0x24 ./Core/Src/system_stm32f4xx.o
                0x0000000008005510                SystemInit
 .text._ZN3ros16normalizeSecNSecERmS0_
                0x0000000008005534       0x58 ./Core/Src/time.o
                0x0000000008005534                ros::normalizeSecNSec(unsigned long&, unsigned long&)
 .text.Reset_Handler
                0x000000000800558c       0x50 ./Core/Startup/startup_stm32f407vgtx.o
                0x000000000800558c                Reset_Handler
 .text.Default_Handler
                0x00000000080055dc        0x2 ./Core/Startup/startup_stm32f407vgtx.o
                0x00000000080055dc                RTC_Alarm_IRQHandler
                0x00000000080055dc                HASH_RNG_IRQHandler
                0x00000000080055dc                EXTI2_IRQHandler
                0x00000000080055dc                TIM8_CC_IRQHandler
                0x00000000080055dc                TIM1_CC_IRQHandler
                0x00000000080055dc                DMA2_Stream5_IRQHandler
                0x00000000080055dc                PVD_IRQHandler
                0x00000000080055dc                SDIO_IRQHandler
                0x00000000080055dc                TAMP_STAMP_IRQHandler
                0x00000000080055dc                CAN2_RX1_IRQHandler
                0x00000000080055dc                EXTI3_IRQHandler
                0x00000000080055dc                TIM8_TRG_COM_TIM14_IRQHandler
                0x00000000080055dc                TIM1_UP_TIM10_IRQHandler
                0x00000000080055dc                TIM8_UP_TIM13_IRQHandler
                0x00000000080055dc                I2C3_ER_IRQHandler
                0x00000000080055dc                EXTI0_IRQHandler
                0x00000000080055dc                I2C2_EV_IRQHandler
                0x00000000080055dc                DMA1_Stream2_IRQHandler
                0x00000000080055dc                CAN1_RX0_IRQHandler
                0x00000000080055dc                FPU_IRQHandler
                0x00000000080055dc                OTG_HS_WKUP_IRQHandler
                0x00000000080055dc                CAN2_SCE_IRQHandler
                0x00000000080055dc                DMA2_Stream2_IRQHandler
                0x00000000080055dc                SPI1_IRQHandler
                0x00000000080055dc                TIM6_DAC_IRQHandler
                0x00000000080055dc                TIM1_BRK_TIM9_IRQHandler
                0x00000000080055dc                DCMI_IRQHandler
                0x00000000080055dc                CAN2_RX0_IRQHandler
                0x00000000080055dc                DMA2_Stream3_IRQHandler
                0x00000000080055dc                USART6_IRQHandler
                0x00000000080055dc                USART3_IRQHandler
                0x00000000080055dc                CAN1_RX1_IRQHandler
                0x00000000080055dc                UART5_IRQHandler
                0x00000000080055dc                DMA2_Stream0_IRQHandler
                0x00000000080055dc                TIM4_IRQHandler
                0x00000000080055dc                I2C1_EV_IRQHandler
                0x00000000080055dc                DMA1_Stream1_IRQHandler
                0x00000000080055dc                UART4_IRQHandler
                0x00000000080055dc                TIM3_IRQHandler
                0x00000000080055dc                RCC_IRQHandler
                0x00000000080055dc                TIM8_BRK_TIM12_IRQHandler
                0x00000000080055dc                Default_Handler
                0x00000000080055dc                EXTI15_10_IRQHandler
                0x00000000080055dc                ADC_IRQHandler
                0x00000000080055dc                DMA1_Stream7_IRQHandler
                0x00000000080055dc                TIM7_IRQHandler
                0x00000000080055dc                CAN2_TX_IRQHandler
                0x00000000080055dc                DMA2_Stream7_IRQHandler
                0x00000000080055dc                I2C3_EV_IRQHandler
                0x00000000080055dc                EXTI9_5_IRQHandler
                0x00000000080055dc                RTC_WKUP_IRQHandler
                0x00000000080055dc                ETH_WKUP_IRQHandler
                0x00000000080055dc                SPI2_IRQHandler
                0x00000000080055dc                OTG_HS_EP1_IN_IRQHandler
                0x00000000080055dc                DMA1_Stream0_IRQHandler
                0x00000000080055dc                CAN1_TX_IRQHandler
                0x00000000080055dc                EXTI4_IRQHandler
                0x00000000080055dc                FSMC_IRQHandler
                0x00000000080055dc                ETH_IRQHandler
                0x00000000080055dc                OTG_HS_EP1_OUT_IRQHandler
                0x00000000080055dc                WWDG_IRQHandler
                0x00000000080055dc                TIM2_IRQHandler
                0x00000000080055dc                OTG_FS_WKUP_IRQHandler
                0x00000000080055dc                TIM1_TRG_COM_TIM11_IRQHandler
                0x00000000080055dc                OTG_HS_IRQHandler
                0x00000000080055dc                EXTI1_IRQHandler
                0x00000000080055dc                I2C2_ER_IRQHandler
                0x00000000080055dc                DMA2_Stream1_IRQHandler
                0x00000000080055dc                CAN1_SCE_IRQHandler
                0x00000000080055dc                FLASH_IRQHandler
                0x00000000080055dc                DMA2_Stream4_IRQHandler
                0x00000000080055dc                USART1_IRQHandler
                0x00000000080055dc                OTG_FS_IRQHandler
                0x00000000080055dc                SPI3_IRQHandler
                0x00000000080055dc                DMA1_Stream4_IRQHandler
                0x00000000080055dc                I2C1_ER_IRQHandler
                0x00000000080055dc                DMA2_Stream6_IRQHandler
                0x00000000080055dc                DMA1_Stream3_IRQHandler
 *fill*         0x00000000080055de        0x2 
 .text.HAL_Init
                0x00000000080055e0       0x44 ./Drivers/STM32F4xx_HAL_Driver/Src/stm32f4xx_hal.o
                0x00000000080055e0                HAL_Init
 .text.HAL_InitTick
                0x0000000008005624       0x60 ./Drivers/STM32F4xx_HAL_Driver/Src/stm32f4xx_hal.o
                0x0000000008005624                HAL_InitTick
 .text.HAL_IncTick
                0x0000000008005684       0x28 ./Drivers/STM32F4xx_HAL_Driver/Src/stm32f4xx_hal.o
                0x0000000008005684                HAL_IncTick
 .text.HAL_GetTick
                0x00000000080056ac       0x18 ./Drivers/STM32F4xx_HAL_Driver/Src/stm32f4xx_hal.o
                0x00000000080056ac                HAL_GetTick
 .text.HAL_Delay
                0x00000000080056c4       0x48 ./Drivers/STM32F4xx_HAL_Driver/Src/stm32f4xx_hal.o
                0x00000000080056c4                HAL_Delay
 .text.__NVIC_SetPriorityGrouping
                0x000000000800570c       0x48 ./Drivers/STM32F4xx_HAL_Driver/Src/stm32f4xx_hal_cortex.o
 .text.__NVIC_GetPriorityGrouping
                0x0000000008005754       0x1c ./Drivers/STM32F4xx_HAL_Driver/Src/stm32f4xx_hal_cortex.o
 .text.__NVIC_EnableIRQ
                0x0000000008005770       0x3c ./Drivers/STM32F4xx_HAL_Driver/Src/stm32f4xx_hal_cortex.o
 .text.__NVIC_SetPriority
                0x00000000080057ac       0x54 ./Drivers/STM32F4xx_HAL_Driver/Src/stm32f4xx_hal_cortex.o
 .text.NVIC_EncodePriority
                0x0000000008005800       0x66 ./Drivers/STM32F4xx_HAL_Driver/Src/stm32f4xx_hal_cortex.o
 *fill*         0x0000000008005866        0x2 
 .text.SysTick_Config
                0x0000000008005868       0x44 ./Drivers/STM32F4xx_HAL_Driver/Src/stm32f4xx_hal_cortex.o
 .text.HAL_NVIC_SetPriorityGrouping
                0x00000000080058ac       0x16 ./Drivers/STM32F4xx_HAL_Driver/Src/stm32f4xx_hal_cortex.o
                0x00000000080058ac                HAL_NVIC_SetPriorityGrouping
 .text.HAL_NVIC_SetPriority
                0x00000000080058c2       0x38 ./Drivers/STM32F4xx_HAL_Driver/Src/stm32f4xx_hal_cortex.o
                0x00000000080058c2                HAL_NVIC_SetPriority
 .text.HAL_NVIC_EnableIRQ
                0x00000000080058fa       0x1c ./Drivers/STM32F4xx_HAL_Driver/Src/stm32f4xx_hal_cortex.o
                0x00000000080058fa                HAL_NVIC_EnableIRQ
 .text.HAL_SYSTICK_Config
                0x0000000008005916       0x18 ./Drivers/STM32F4xx_HAL_Driver/Src/stm32f4xx_hal_cortex.o
                0x0000000008005916                HAL_SYSTICK_Config
 *fill*         0x000000000800592e        0x2 
 .text.HAL_DMA_Init
                0x0000000008005930      0x15c ./Drivers/STM32F4xx_HAL_Driver/Src/stm32f4xx_hal_dma.o
                0x0000000008005930                HAL_DMA_Init
 .text.HAL_DMA_Start_IT
                0x0000000008005a8c       0xb0 ./Drivers/STM32F4xx_HAL_Driver/Src/stm32f4xx_hal_dma.o
                0x0000000008005a8c                HAL_DMA_Start_IT
 .text.HAL_DMA_Abort
                0x0000000008005b3c       0xe0 ./Drivers/STM32F4xx_HAL_Driver/Src/stm32f4xx_hal_dma.o
                0x0000000008005b3c                HAL_DMA_Abort
 .text.HAL_DMA_Abort_IT
                0x0000000008005c1c       0x44 ./Drivers/STM32F4xx_HAL_Driver/Src/stm32f4xx_hal_dma.o
                0x0000000008005c1c                HAL_DMA_Abort_IT
 .text.HAL_DMA_IRQHandler
                0x0000000008005c60      0x314 ./Drivers/STM32F4xx_HAL_Driver/Src/stm32f4xx_hal_dma.o
                0x0000000008005c60                HAL_DMA_IRQHandler
 .text.DMA_SetConfig
                0x0000000008005f74       0x5c ./Drivers/STM32F4xx_HAL_Driver/Src/stm32f4xx_hal_dma.o
 .text.DMA_CalcBaseAndBitshift
                0x0000000008005fd0       0x6c ./Drivers/STM32F4xx_HAL_Driver/Src/stm32f4xx_hal_dma.o
 .text.DMA_CheckFifoParam
                0x000000000800603c       0xf8 ./Drivers/STM32F4xx_HAL_Driver/Src/stm32f4xx_hal_dma.o
 .text.HAL_GPIO_Init
                0x0000000008006134      0x338 ./Drivers/STM32F4xx_HAL_Driver/Src/stm32f4xx_hal_gpio.o
                0x0000000008006134                HAL_GPIO_Init
 .text.HAL_GPIO_WritePin
                0x000000000800646c       0x32 ./Drivers/STM32F4xx_HAL_Driver/Src/stm32f4xx_hal_gpio.o
                0x000000000800646c                HAL_GPIO_WritePin
 *fill*         0x000000000800649e        0x2 
 .text.HAL_I2C_Init
                0x00000000080064a0      0x288 ./Drivers/STM32F4xx_HAL_Driver/Src/stm32f4xx_hal_i2c.o
                0x00000000080064a0                HAL_I2C_Init
 .text.HAL_I2C_Mem_Write
                0x0000000008006728      0x1f4 ./Drivers/STM32F4xx_HAL_Driver/Src/stm32f4xx_hal_i2c.o
                0x0000000008006728                HAL_I2C_Mem_Write
 .text.HAL_I2C_Mem_Read
                0x000000000800691c      0x44c ./Drivers/STM32F4xx_HAL_Driver/Src/stm32f4xx_hal_i2c.o
                0x000000000800691c                HAL_I2C_Mem_Read
 .text.I2C_RequestMemoryWrite
                0x0000000008006d68      0x12c ./Drivers/STM32F4xx_HAL_Driver/Src/stm32f4xx_hal_i2c.o
 .text.I2C_RequestMemoryRead
                0x0000000008006e94      0x1d0 ./Drivers/STM32F4xx_HAL_Driver/Src/stm32f4xx_hal_i2c.o
 .text.I2C_WaitOnFlagUntilTimeout
                0x0000000008007064       0xae ./Drivers/STM32F4xx_HAL_Driver/Src/stm32f4xx_hal_i2c.o
 .text.I2C_WaitOnMasterAddressFlagUntilTimeout
                0x0000000008007112       0xfe ./Drivers/STM32F4xx_HAL_Driver/Src/stm32f4xx_hal_i2c.o
 .text.I2C_WaitOnTXEFlagUntilTimeout
                0x0000000008007210       0x82 ./Drivers/STM32F4xx_HAL_Driver/Src/stm32f4xx_hal_i2c.o
 .text.I2C_WaitOnBTFFlagUntilTimeout
                0x0000000008007292       0x82 ./Drivers/STM32F4xx_HAL_Driver/Src/stm32f4xx_hal_i2c.o
 .text.I2C_WaitOnRXNEFlagUntilTimeout
                0x0000000008007314       0xac ./Drivers/STM32F4xx_HAL_Driver/Src/stm32f4xx_hal_i2c.o
 .text.I2C_IsAcknowledgeFailed
                0x00000000080073c0       0x5e ./Drivers/STM32F4xx_HAL_Driver/Src/stm32f4xx_hal_i2c.o
 *fill*         0x000000000800741e        0x2 
 .text.HAL_RCC_OscConfig
                0x0000000008007420      0x4f0 ./Drivers/STM32F4xx_HAL_Driver/Src/stm32f4xx_hal_rcc.o
                0x0000000008007420                HAL_RCC_OscConfig
 .text.HAL_RCC_ClockConfig
                0x0000000008007910      0x1cc ./Drivers/STM32F4xx_HAL_Driver/Src/stm32f4xx_hal_rcc.o
                0x0000000008007910                HAL_RCC_ClockConfig
 .text.HAL_RCC_GetSysClockFreq
                0x0000000008007adc      0x18c ./Drivers/STM32F4xx_HAL_Driver/Src/stm32f4xx_hal_rcc.o
                0x0000000008007adc                HAL_RCC_GetSysClockFreq
 .text.HAL_RCC_GetHCLKFreq
                0x0000000008007c68       0x18 ./Drivers/STM32F4xx_HAL_Driver/Src/stm32f4xx_hal_rcc.o
                0x0000000008007c68                HAL_RCC_GetHCLKFreq
 .text.HAL_RCC_GetPCLK1Freq
                0x0000000008007c80       0x28 ./Drivers/STM32F4xx_HAL_Driver/Src/stm32f4xx_hal_rcc.o
                0x0000000008007c80                HAL_RCC_GetPCLK1Freq
 .text.HAL_RCC_GetPCLK2Freq
                0x0000000008007ca8       0x28 ./Drivers/STM32F4xx_HAL_Driver/Src/stm32f4xx_hal_rcc.o
                0x0000000008007ca8                HAL_RCC_GetPCLK2Freq
 .text.HAL_TIM_Base_Init
                0x0000000008007cd0       0x9e ./Drivers/STM32F4xx_HAL_Driver/Src/stm32f4xx_hal_tim.o
                0x0000000008007cd0                HAL_TIM_Base_Init
 *fill*         0x0000000008007d6e        0x2 
 .text.HAL_TIM_Base_Start_IT
                0x0000000008007d70       0xe0 ./Drivers/STM32F4xx_HAL_Driver/Src/stm32f4xx_hal_tim.o
                0x0000000008007d70                HAL_TIM_Base_Start_IT
 .text.HAL_TIM_PWM_Init
                0x0000000008007e50       0x9e ./Drivers/STM32F4xx_HAL_Driver/Src/stm32f4xx_hal_tim.o
                0x0000000008007e50                HAL_TIM_PWM_Init
 *fill*         0x0000000008007eee        0x2 
 .text.HAL_TIM_PWM_Start
                0x0000000008007ef0      0x190 ./Drivers/STM32F4xx_HAL_Driver/Src/stm32f4xx_hal_tim.o
                0x0000000008007ef0                HAL_TIM_PWM_Start
 .text.HAL_TIM_Encoder_Init
                0x0000000008008080      0x14c ./Drivers/STM32F4xx_HAL_Driver/Src/stm32f4xx_hal_tim.o
                0x0000000008008080                HAL_TIM_Encoder_Init
 .text.HAL_TIM_Encoder_Start
                0x00000000080081cc      0x11c ./Drivers/STM32F4xx_HAL_Driver/Src/stm32f4xx_hal_tim.o
                0x00000000080081cc                HAL_TIM_Encoder_Start
 .text.HAL_TIM_IRQHandler
                0x00000000080082e8      0x210 ./Drivers/STM32F4xx_HAL_Driver/Src/stm32f4xx_hal_tim.o
                0x00000000080082e8                HAL_TIM_IRQHandler
 .text.HAL_TIM_PWM_ConfigChannel
                0x00000000080084f8      0x184 ./Drivers/STM32F4xx_HAL_Driver/Src/stm32f4xx_hal_tim.o
                0x00000000080084f8                HAL_TIM_PWM_ConfigChannel
 .text.HAL_TIM_ConfigClockSource
                0x000000000800867c      0x18e ./Drivers/STM32F4xx_HAL_Driver/Src/stm32f4xx_hal_tim.o
                0x000000000800867c                HAL_TIM_ConfigClockSource
 .text.HAL_TIM_OC_DelayElapsedCallback
                0x000000000800880a       0x14 ./Drivers/STM32F4xx_HAL_Driver/Src/stm32f4xx_hal_tim.o
                0x000000000800880a                HAL_TIM_OC_DelayElapsedCallback
 .text.HAL_TIM_IC_CaptureCallback
                0x000000000800881e       0x14 ./Drivers/STM32F4xx_HAL_Driver/Src/stm32f4xx_hal_tim.o
                0x000000000800881e                HAL_TIM_IC_CaptureCallback
 .text.HAL_TIM_PWM_PulseFinishedCallback
                0x0000000008008832       0x14 ./Drivers/STM32F4xx_HAL_Driver/Src/stm32f4xx_hal_tim.o
                0x0000000008008832                HAL_TIM_PWM_PulseFinishedCallback
 .text.HAL_TIM_TriggerCallback
                0x0000000008008846       0x14 ./Drivers/STM32F4xx_HAL_Driver/Src/stm32f4xx_hal_tim.o
                0x0000000008008846                HAL_TIM_TriggerCallback
 *fill*         0x000000000800885a        0x2 
 .text.TIM_Base_SetConfig
                0x000000000800885c      0x140 ./Drivers/STM32F4xx_HAL_Driver/Src/stm32f4xx_hal_tim.o
                0x000000000800885c                TIM_Base_SetConfig
 .text.TIM_OC1_SetConfig
                0x000000000800899c       0xe0 ./Drivers/STM32F4xx_HAL_Driver/Src/stm32f4xx_hal_tim.o
 .text.TIM_OC2_SetConfig
                0x0000000008008a7c       0xec ./Drivers/STM32F4xx_HAL_Driver/Src/stm32f4xx_hal_tim.o
                0x0000000008008a7c                TIM_OC2_SetConfig
 .text.TIM_OC3_SetConfig
                0x0000000008008b68       0xe8 ./Drivers/STM32F4xx_HAL_Driver/Src/stm32f4xx_hal_tim.o
 .text.TIM_OC4_SetConfig
                0x0000000008008c50       0xac ./Drivers/STM32F4xx_HAL_Driver/Src/stm32f4xx_hal_tim.o
 .text.TIM_TI1_ConfigInputStage
                0x0000000008008cfc       0x5e ./Drivers/STM32F4xx_HAL_Driver/Src/stm32f4xx_hal_tim.o
 .text.TIM_TI2_ConfigInputStage
                0x0000000008008d5a       0x60 ./Drivers/STM32F4xx_HAL_Driver/Src/stm32f4xx_hal_tim.o
 .text.TIM_ITRx_SetConfig
                0x0000000008008dba       0x36 ./Drivers/STM32F4xx_HAL_Driver/Src/stm32f4xx_hal_tim.o
 .text.TIM_ETR_SetConfig
                0x0000000008008df0       0x40 ./Drivers/STM32F4xx_HAL_Driver/Src/stm32f4xx_hal_tim.o
                0x0000000008008df0                TIM_ETR_SetConfig
 .text.TIM_CCxChannelCmd
                0x0000000008008e30       0x4a ./Drivers/STM32F4xx_HAL_Driver/Src/stm32f4xx_hal_tim.o
                0x0000000008008e30                TIM_CCxChannelCmd
 *fill*         0x0000000008008e7a        0x2 
 .text.HAL_TIMEx_MasterConfigSynchronization
                0x0000000008008e7c       0xf8 ./Drivers/STM32F4xx_HAL_Driver/Src/stm32f4xx_hal_tim_ex.o
                0x0000000008008e7c                HAL_TIMEx_MasterConfigSynchronization
 .text.HAL_TIMEx_CommutCallback
                0x0000000008008f74       0x14 ./Drivers/STM32F4xx_HAL_Driver/Src/stm32f4xx_hal_tim_ex.o
                0x0000000008008f74                HAL_TIMEx_CommutCallback
 .text.HAL_TIMEx_BreakCallback
                0x0000000008008f88       0x14 ./Drivers/STM32F4xx_HAL_Driver/Src/stm32f4xx_hal_tim_ex.o
                0x0000000008008f88                HAL_TIMEx_BreakCallback
 .text.HAL_UART_Init
                0x0000000008008f9c       0x9a ./Drivers/STM32F4xx_HAL_Driver/Src/stm32f4xx_hal_uart.o
                0x0000000008008f9c                HAL_UART_Init
 *fill*         0x0000000008009036        0x2 
 .text.HAL_UART_Transmit_DMA
                0x0000000008009038       0xfc ./Drivers/STM32F4xx_HAL_Driver/Src/stm32f4xx_hal_uart.o
                0x0000000008009038                HAL_UART_Transmit_DMA
 .text.HAL_UART_Receive_DMA
                0x0000000008009134       0x60 ./Drivers/STM32F4xx_HAL_Driver/Src/stm32f4xx_hal_uart.o
                0x0000000008009134                HAL_UART_Receive_DMA
 .text.HAL_UART_IRQHandler
                0x0000000008009194      0x51c ./Drivers/STM32F4xx_HAL_Driver/Src/stm32f4xx_hal_uart.o
                0x0000000008009194                HAL_UART_IRQHandler
 .text.HAL_UART_TxHalfCpltCallback
                0x00000000080096b0       0x14 ./Drivers/STM32F4xx_HAL_Driver/Src/stm32f4xx_hal_uart.o
                0x00000000080096b0                HAL_UART_TxHalfCpltCallback
 .text.HAL_UART_RxHalfCpltCallback
                0x00000000080096c4       0x14 ./Drivers/STM32F4xx_HAL_Driver/Src/stm32f4xx_hal_uart.o
                0x00000000080096c4                HAL_UART_RxHalfCpltCallback
 .text.HAL_UART_ErrorCallback
                0x00000000080096d8       0x14 ./Drivers/STM32F4xx_HAL_Driver/Src/stm32f4xx_hal_uart.o
                0x00000000080096d8                HAL_UART_ErrorCallback
 .text.HAL_UARTEx_RxEventCallback
                0x00000000080096ec       0x18 ./Drivers/STM32F4xx_HAL_Driver/Src/stm32f4xx_hal_uart.o
                0x00000000080096ec                HAL_UARTEx_RxEventCallback
 .text.UART_DMATransmitCplt
                0x0000000008009704       0x9a ./Drivers/STM32F4xx_HAL_Driver/Src/stm32f4xx_hal_uart.o
 .text.UART_DMATxHalfCplt
                0x000000000800979e       0x1c ./Drivers/STM32F4xx_HAL_Driver/Src/stm32f4xx_hal_uart.o
 .text.UART_DMAReceiveCplt
                0x00000000080097ba      0x126 ./Drivers/STM32F4xx_HAL_Driver/Src/stm32f4xx_hal_uart.o
 .text.UART_DMARxHalfCplt
                0x00000000080098e0       0x36 ./Drivers/STM32F4xx_HAL_Driver/Src/stm32f4xx_hal_uart.o
 .text.UART_DMAError
                0x0000000008009916       0x94 ./Drivers/STM32F4xx_HAL_Driver/Src/stm32f4xx_hal_uart.o
 *fill*         0x00000000080099aa        0x2 
 .text.UART_Start_Receive_DMA
                0x00000000080099ac      0x13c ./Drivers/STM32F4xx_HAL_Driver/Src/stm32f4xx_hal_uart.o
                0x00000000080099ac                UART_Start_Receive_DMA
 .text.UART_EndTxTransfer
                0x0000000008009ae8       0x50 ./Drivers/STM32F4xx_HAL_Driver/Src/stm32f4xx_hal_uart.o
 .text.UART_EndRxTransfer
                0x0000000008009b38       0xc6 ./Drivers/STM32F4xx_HAL_Driver/Src/stm32f4xx_hal_uart.o
 .text.UART_DMAAbortOnError
                0x0000000008009bfe       0x28 ./Drivers/STM32F4xx_HAL_Driver/Src/stm32f4xx_hal_uart.o
 .text.UART_Transmit_IT
                0x0000000008009c26       0xa0 ./Drivers/STM32F4xx_HAL_Driver/Src/stm32f4xx_hal_uart.o
 .text.UART_EndTransmit_IT
                0x0000000008009cc6       0x30 ./Drivers/STM32F4xx_HAL_Driver/Src/stm32f4xx_hal_uart.o
 .text.UART_Receive_IT
                0x0000000008009cf6      0x176 ./Drivers/STM32F4xx_HAL_Driver/Src/stm32f4xx_hal_uart.o
 .text.UART_SetConfig
                0x0000000008009e6c      0x4e8 ./Drivers/STM32F4xx_HAL_Driver/Src/stm32f4xx_hal_uart.o
 .text.__cxa_pure_virtual
                0x000000000800a354        0x6 /opt/st/stm32cubeide_1.12.0/plugins/com.st.stm32cube.ide.mcu.externaltools.gnu-tools-for-stm32.10.3-2021.10.linux64_1.0.200.202301161003/tools/bin/../lib/gcc/arm-none-eabi/10.3.1/../../../../arm-none-eabi/lib/thumb/v7e-m+fp/hard/libstdc++_nano.a(pure.o)
                0x000000000800a354                __cxa_pure_virtual
 .text._ZN10__cxxabiv111__terminateEPFvvE
                0x000000000800a35a        0x8 /opt/st/stm32cubeide_1.12.0/plugins/com.st.stm32cube.ide.mcu.externaltools.gnu-tools-for-stm32.10.3-2021.10.linux64_1.0.200.202301161003/tools/bin/../lib/gcc/arm-none-eabi/10.3.1/../../../../arm-none-eabi/lib/thumb/v7e-m+fp/hard/libstdc++_nano.a(eh_terminate.o)
                0x000000000800a35a                __cxxabiv1::__terminate(void (*)())
 *fill*         0x000000000800a362        0x2 
 .text._ZSt13get_terminatev
                0x000000000800a364       0x10 /opt/st/stm32cubeide_1.12.0/plugins/com.st.stm32cube.ide.mcu.externaltools.gnu-tools-for-stm32.10.3-2021.10.linux64_1.0.200.202301161003/tools/bin/../lib/gcc/arm-none-eabi/10.3.1/../../../../arm-none-eabi/lib/thumb/v7e-m+fp/hard/libstdc++_nano.a(eh_terminate.o)
                0x000000000800a364                std::get_terminate()
 .text._ZSt9terminatev
                0x000000000800a374        0xa /opt/st/stm32cubeide_1.12.0/plugins/com.st.stm32cube.ide.mcu.externaltools.gnu-tools-for-stm32.10.3-2021.10.linux64_1.0.200.202301161003/tools/bin/../lib/gcc/arm-none-eabi/10.3.1/../../../../arm-none-eabi/lib/thumb/v7e-m+fp/hard/libstdc++_nano.a(eh_terminate.o)
                0x000000000800a374                std::terminate()
 .text.atan2f   0x000000000800a37e        0x4 /opt/st/stm32cubeide_1.12.0/plugins/com.st.stm32cube.ide.mcu.externaltools.gnu-tools-for-stm32.10.3-2021.10.linux64_1.0.200.202301161003/tools/bin/../lib/gcc/arm-none-eabi/10.3.1/../../../../arm-none-eabi/lib/thumb/v7e-m+fp/hard/libm.a(lib_a-wf_atan2.o)
                0x000000000800a37e                atan2f
 *fill*         0x000000000800a382        0x2 
 .text.__ieee754_atan2f
                0x000000000800a384      0x140 /opt/st/stm32cubeide_1.12.0/plugins/com.st.stm32cube.ide.mcu.externaltools.gnu-tools-for-stm32.10.3-2021.10.linux64_1.0.200.202301161003/tools/bin/../lib/gcc/arm-none-eabi/10.3.1/../../../../arm-none-eabi/lib/thumb/v7e-m+fp/hard/libm.a(lib_a-ef_atan2.o)
                0x000000000800a384                __ieee754_atan2f
 .text.atanf    0x000000000800a4c4      0x1a8 /opt/st/stm32cubeide_1.12.0/plugins/com.st.stm32cube.ide.mcu.externaltools.gnu-tools-for-stm32.10.3-2021.10.linux64_1.0.200.202301161003/tools/bin/../lib/gcc/arm-none-eabi/10.3.1/../../../../arm-none-eabi/lib/thumb/v7e-m+fp/hard/libm.a(lib_a-sf_atan.o)
                0x000000000800a4c4                atanf
 .text.fabsf    0x000000000800a66c        0xe /opt/st/stm32cubeide_1.12.0/plugins/com.st.stm32cube.ide.mcu.externaltools.gnu-tools-for-stm32.10.3-2021.10.linux64_1.0.200.202301161003/tools/bin/../lib/gcc/arm-none-eabi/10.3.1/../../../../arm-none-eabi/lib/thumb/v7e-m+fp/hard/libm.a(lib_a-sf_fabs.o)
                0x000000000800a66c                fabsf
 .text.abort    0x000000000800a67a        0xe /opt/st/stm32cubeide_1.12.0/plugins/com.st.stm32cube.ide.mcu.externaltools.gnu-tools-for-stm32.10.3-2021.10.linux64_1.0.200.202301161003/tools/bin/../lib/gcc/arm-none-eabi/10.3.1/../../../../arm-none-eabi/lib/thumb/v7e-m+fp/hard/libc_nano.a(lib_a-abort.o)
                0x000000000800a67a                abort
 .text.__errno  0x000000000800a688        0xc /opt/st/stm32cubeide_1.12.0/plugins/com.st.stm32cube.ide.mcu.externaltools.gnu-tools-for-stm32.10.3-2021.10.linux64_1.0.200.202301161003/tools/bin/../lib/gcc/arm-none-eabi/10.3.1/../../../../arm-none-eabi/lib/thumb/v7e-m+fp/hard/libc_nano.a(lib_a-errno.o)
                0x000000000800a688                __errno
 .text.__libc_init_array
                0x000000000800a694       0x48 /opt/st/stm32cubeide_1.12.0/plugins/com.st.stm32cube.ide.mcu.externaltools.gnu-tools-for-stm32.10.3-2021.10.linux64_1.0.200.202301161003/tools/bin/../lib/gcc/arm-none-eabi/10.3.1/../../../../arm-none-eabi/lib/thumb/v7e-m+fp/hard/libc_nano.a(lib_a-init.o)
                0x000000000800a694                __libc_init_array
 .text.memcpy   0x000000000800a6dc       0x1c /opt/st/stm32cubeide_1.12.0/plugins/com.st.stm32cube.ide.mcu.externaltools.gnu-tools-for-stm32.10.3-2021.10.linux64_1.0.200.202301161003/tools/bin/../lib/gcc/arm-none-eabi/10.3.1/../../../../arm-none-eabi/lib/thumb/v7e-m+fp/hard/libc_nano.a(lib_a-memcpy-stub.o)
                0x000000000800a6dc                memcpy
 .text.memset   0x000000000800a6f8       0x10 /opt/st/stm32cubeide_1.12.0/plugins/com.st.stm32cube.ide.mcu.externaltools.gnu-tools-for-stm32.10.3-2021.10.linux64_1.0.200.202301161003/tools/bin/../lib/gcc/arm-none-eabi/10.3.1/../../../../arm-none-eabi/lib/thumb/v7e-m+fp/hard/libc_nano.a(lib_a-memset.o)
                0x000000000800a6f8                memset
 .text.__cvt    0x000000000800a708       0xc4 /opt/st/stm32cubeide_1.12.0/plugins/com.st.stm32cube.ide.mcu.externaltools.gnu-tools-for-stm32.10.3-2021.10.linux64_1.0.200.202301161003/tools/bin/../lib/gcc/arm-none-eabi/10.3.1/../../../../arm-none-eabi/lib/thumb/v7e-m+fp/hard/libc_nano.a(lib_a-nano-vfprintf_float.o)
                0x000000000800a708                __cvt
 .text.__exponent
                0x000000000800a7cc       0x7c /opt/st/stm32cubeide_1.12.0/plugins/com.st.stm32cube.ide.mcu.externaltools.gnu-tools-for-stm32.10.3-2021.10.linux64_1.0.200.202301161003/tools/bin/../lib/gcc/arm-none-eabi/10.3.1/../../../../arm-none-eabi/lib/thumb/v7e-m+fp/hard/libc_nano.a(lib_a-nano-vfprintf_float.o)
                0x000000000800a7cc                __exponent
 .text._printf_float
                0x000000000800a848      0x46c /opt/st/stm32cubeide_1.12.0/plugins/com.st.stm32cube.ide.mcu.externaltools.gnu-tools-for-stm32.10.3-2021.10.linux64_1.0.200.202301161003/tools/bin/../lib/gcc/arm-none-eabi/10.3.1/../../../../arm-none-eabi/lib/thumb/v7e-m+fp/hard/libc_nano.a(lib_a-nano-vfprintf_float.o)
                0x000000000800a848                _printf_float
 .text._printf_common
                0x000000000800acb4       0xda /opt/st/stm32cubeide_1.12.0/plugins/com.st.stm32cube.ide.mcu.externaltools.gnu-tools-for-stm32.10.3-2021.10.linux64_1.0.200.202301161003/tools/bin/../lib/gcc/arm-none-eabi/10.3.1/../../../../arm-none-eabi/lib/thumb/v7e-m+fp/hard/libc_nano.a(lib_a-nano-vfprintf_i.o)
                0x000000000800acb4                _printf_common
 *fill*         0x000000000800ad8e        0x2 
 .text._printf_i
                0x000000000800ad90      0x24c /opt/st/stm32cubeide_1.12.0/plugins/com.st.stm32cube.ide.mcu.externaltools.gnu-tools-for-stm32.10.3-2021.10.linux64_1.0.200.202301161003/tools/bin/../lib/gcc/arm-none-eabi/10.3.1/../../../../arm-none-eabi/lib/thumb/v7e-m+fp/hard/libc_nano.a(lib_a-nano-vfprintf_i.o)
                0x000000000800ad90                _printf_i
 .text._scanf_float
                0x000000000800afdc      0x420 /opt/st/stm32cubeide_1.12.0/plugins/com.st.stm32cube.ide.mcu.externaltools.gnu-tools-for-stm32.10.3-2021.10.linux64_1.0.200.202301161003/tools/bin/../lib/gcc/arm-none-eabi/10.3.1/../../../../arm-none-eabi/lib/thumb/v7e-m+fp/hard/libc_nano.a(lib_a-nano-vfscanf_float.o)
                0x000000000800afdc                _scanf_float
 .text.realloc  0x000000000800b3fc       0x10 /opt/st/stm32cubeide_1.12.0/plugins/com.st.stm32cube.ide.mcu.externaltools.gnu-tools-for-stm32.10.3-2021.10.linux64_1.0.200.202301161003/tools/bin/../lib/gcc/arm-none-eabi/10.3.1/../../../../arm-none-eabi/lib/thumb/v7e-m+fp/hard/libc_nano.a(lib_a-realloc.o)
                0x000000000800b3fc                realloc
 .text.nanf     0x000000000800b40c        0xc /opt/st/stm32cubeide_1.12.0/plugins/com.st.stm32cube.ide.mcu.externaltools.gnu-tools-for-stm32.10.3-2021.10.linux64_1.0.200.202301161003/tools/bin/../lib/gcc/arm-none-eabi/10.3.1/../../../../arm-none-eabi/lib/thumb/v7e-m+fp/hard/libc_nano.a(lib_a-sf_nan.o)
                0x000000000800b40c                nanf
 .text._raise_r
                0x000000000800b418       0x50 /opt/st/stm32cubeide_1.12.0/plugins/com.st.stm32cube.ide.mcu.externaltools.gnu-tools-for-stm32.10.3-2021.10.linux64_1.0.200.202301161003/tools/bin/../lib/gcc/arm-none-eabi/10.3.1/../../../../arm-none-eabi/lib/thumb/v7e-m+fp/hard/libc_nano.a(lib_a-signal.o)
                0x000000000800b418                _raise_r
 .text.raise    0x000000000800b468       0x10 /opt/st/stm32cubeide_1.12.0/plugins/com.st.stm32cube.ide.mcu.externaltools.gnu-tools-for-stm32.10.3-2021.10.linux64_1.0.200.202301161003/tools/bin/../lib/gcc/arm-none-eabi/10.3.1/../../../../arm-none-eabi/lib/thumb/v7e-m+fp/hard/libc_nano.a(lib_a-signal.o)
                0x000000000800b468                raise
 .text._kill_r  0x000000000800b478       0x24 /opt/st/stm32cubeide_1.12.0/plugins/com.st.stm32cube.ide.mcu.externaltools.gnu-tools-for-stm32.10.3-2021.10.linux64_1.0.200.202301161003/tools/bin/../lib/gcc/arm-none-eabi/10.3.1/../../../../arm-none-eabi/lib/thumb/v7e-m+fp/hard/libc_nano.a(lib_a-signalr.o)
                0x000000000800b478                _kill_r
 .text._getpid_r
                0x000000000800b49c        0x4 /opt/st/stm32cubeide_1.12.0/plugins/com.st.stm32cube.ide.mcu.externaltools.gnu-tools-for-stm32.10.3-2021.10.linux64_1.0.200.202301161003/tools/bin/../lib/gcc/arm-none-eabi/10.3.1/../../../../arm-none-eabi/lib/thumb/v7e-m+fp/hard/libc_nano.a(lib_a-signalr.o)
                0x000000000800b49c                _getpid_r
 .text.sprintf  0x000000000800b4a0       0x40 /opt/st/stm32cubeide_1.12.0/plugins/com.st.stm32cube.ide.mcu.externaltools.gnu-tools-for-stm32.10.3-2021.10.linux64_1.0.200.202301161003/tools/bin/../lib/gcc/arm-none-eabi/10.3.1/../../../../arm-none-eabi/lib/thumb/v7e-m+fp/hard/libc_nano.a(lib_a-sprintf.o)
                0x000000000800b4a0                sprintf
                0x000000000800b4a0                siprintf
 .text.sulp     0x000000000800b4e0       0x38 /opt/st/stm32cubeide_1.12.0/plugins/com.st.stm32cube.ide.mcu.externaltools.gnu-tools-for-stm32.10.3-2021.10.linux64_1.0.200.202301161003/tools/bin/../lib/gcc/arm-none-eabi/10.3.1/../../../../arm-none-eabi/lib/thumb/v7e-m+fp/hard/libc_nano.a(lib_a-strtod.o)
 .text._strtod_l
                0x000000000800b518      0xc0c /opt/st/stm32cubeide_1.12.0/plugins/com.st.stm32cube.ide.mcu.externaltools.gnu-tools-for-stm32.10.3-2021.10.linux64_1.0.200.202301161003/tools/bin/../lib/gcc/arm-none-eabi/10.3.1/../../../../arm-none-eabi/lib/thumb/v7e-m+fp/hard/libc_nano.a(lib_a-strtod.o)
                0x000000000800b518                _strtod_l
 .text._strtod_r
                0x000000000800c124        0xc /opt/st/stm32cubeide_1.12.0/plugins/com.st.stm32cube.ide.mcu.externaltools.gnu-tools-for-stm32.10.3-2021.10.linux64_1.0.200.202301161003/tools/bin/../lib/gcc/arm-none-eabi/10.3.1/../../../../arm-none-eabi/lib/thumb/v7e-m+fp/hard/libc_nano.a(lib_a-strtod.o)
                0x000000000800c124                _strtod_r
 .text._strtol_l.constprop.0
                0x000000000800c130      0x104 /opt/st/stm32cubeide_1.12.0/plugins/com.st.stm32cube.ide.mcu.externaltools.gnu-tools-for-stm32.10.3-2021.10.linux64_1.0.200.202301161003/tools/bin/../lib/gcc/arm-none-eabi/10.3.1/../../../../arm-none-eabi/lib/thumb/v7e-m+fp/hard/libc_nano.a(lib_a-strtol.o)
 .text._strtol_r
                0x000000000800c234        0x4 /opt/st/stm32cubeide_1.12.0/plugins/com.st.stm32cube.ide.mcu.externaltools.gnu-tools-for-stm32.10.3-2021.10.linux64_1.0.200.202301161003/tools/bin/../lib/gcc/arm-none-eabi/10.3.1/../../../../arm-none-eabi/lib/thumb/v7e-m+fp/hard/libc_nano.a(lib_a-strtol.o)
                0x000000000800c234                _strtol_r
 .text.quorem   0x000000000800c238      0x116 /opt/st/stm32cubeide_1.12.0/plugins/com.st.stm32cube.ide.mcu.externaltools.gnu-tools-for-stm32.10.3-2021.10.linux64_1.0.200.202301161003/tools/bin/../lib/gcc/arm-none-eabi/10.3.1/../../../../arm-none-eabi/lib/thumb/v7e-m+fp/hard/libc_nano.a(lib_a-dtoa.o)
 *fill*         0x000000000800c34e        0x2 
 .text._dtoa_r  0x000000000800c350      0xbdc /opt/st/stm32cubeide_1.12.0/plugins/com.st.stm32cube.ide.mcu.externaltools.gnu-tools-for-stm32.10.3-2021.10.linux64_1.0.200.202301161003/tools/bin/../lib/gcc/arm-none-eabi/10.3.1/../../../../arm-none-eabi/lib/thumb/v7e-m+fp/hard/libc_nano.a(lib_a-dtoa.o)
                0x000000000800c350                _dtoa_r
 .text.rshift   0x000000000800cf2c       0xa4 /opt/st/stm32cubeide_1.12.0/plugins/com.st.stm32cube.ide.mcu.externaltools.gnu-tools-for-stm32.10.3-2021.10.linux64_1.0.200.202301161003/tools/bin/../lib/gcc/arm-none-eabi/10.3.1/../../../../arm-none-eabi/lib/thumb/v7e-m+fp/hard/libc_nano.a(lib_a-gdtoa-gethex.o)
 .text.__hexdig_fun
                0x000000000800cfd0       0x2a /opt/st/stm32cubeide_1.12.0/plugins/com.st.stm32cube.ide.mcu.externaltools.gnu-tools-for-stm32.10.3-2021.10.linux64_1.0.200.202301161003/tools/bin/../lib/gcc/arm-none-eabi/10.3.1/../../../../arm-none-eabi/lib/thumb/v7e-m+fp/hard/libc_nano.a(lib_a-gdtoa-gethex.o)
                0x000000000800cfd0                __hexdig_fun
 *fill*         0x000000000800cffa        0x2 
 .text.__gethex
                0x000000000800cffc      0x48c /opt/st/stm32cubeide_1.12.0/plugins/com.st.stm32cube.ide.mcu.externaltools.gnu-tools-for-stm32.10.3-2021.10.linux64_1.0.200.202301161003/tools/bin/../lib/gcc/arm-none-eabi/10.3.1/../../../../arm-none-eabi/lib/thumb/v7e-m+fp/hard/libc_nano.a(lib_a-gdtoa-gethex.o)
                0x000000000800cffc                __gethex
 .text.L_shift  0x000000000800d488       0x24 /opt/st/stm32cubeide_1.12.0/plugins/com.st.stm32cube.ide.mcu.externaltools.gnu-tools-for-stm32.10.3-2021.10.linux64_1.0.200.202301161003/tools/bin/../lib/gcc/arm-none-eabi/10.3.1/../../../../arm-none-eabi/lib/thumb/v7e-m+fp/hard/libc_nano.a(lib_a-gdtoa-hexnan.o)
 .text.__match  0x000000000800d4ac       0x28 /opt/st/stm32cubeide_1.12.0/plugins/com.st.stm32cube.ide.mcu.externaltools.gnu-tools-for-stm32.10.3-2021.10.linux64_1.0.200.202301161003/tools/bin/../lib/gcc/arm-none-eabi/10.3.1/../../../../arm-none-eabi/lib/thumb/v7e-m+fp/hard/libc_nano.a(lib_a-gdtoa-hexnan.o)
                0x000000000800d4ac                __match
 .text.__hexnan
                0x000000000800d4d4      0x138 /opt/st/stm32cubeide_1.12.0/plugins/com.st.stm32cube.ide.mcu.externaltools.gnu-tools-for-stm32.10.3-2021.10.linux64_1.0.200.202301161003/tools/bin/../lib/gcc/arm-none-eabi/10.3.1/../../../../arm-none-eabi/lib/thumb/v7e-m+fp/hard/libc_nano.a(lib_a-gdtoa-hexnan.o)
                0x000000000800d4d4                __hexnan
 .text._localeconv_r
                0x000000000800d60c        0x8 /opt/st/stm32cubeide_1.12.0/plugins/com.st.stm32cube.ide.mcu.externaltools.gnu-tools-for-stm32.10.3-2021.10.linux64_1.0.200.202301161003/tools/bin/../lib/gcc/arm-none-eabi/10.3.1/../../../../arm-none-eabi/lib/thumb/v7e-m+fp/hard/libc_nano.a(lib_a-localeconv.o)
                0x000000000800d60c                _localeconv_r
 .text.malloc   0x000000000800d614       0x10 /opt/st/stm32cubeide_1.12.0/plugins/com.st.stm32cube.ide.mcu.externaltools.gnu-tools-for-stm32.10.3-2021.10.linux64_1.0.200.202301161003/tools/bin/../lib/gcc/arm-none-eabi/10.3.1/../../../../arm-none-eabi/lib/thumb/v7e-m+fp/hard/libc_nano.a(lib_a-malloc.o)
                0x000000000800d614                malloc
 .text.__ascii_mbtowc
                0x000000000800d624       0x24 /opt/st/stm32cubeide_1.12.0/plugins/com.st.stm32cube.ide.mcu.externaltools.gnu-tools-for-stm32.10.3-2021.10.linux64_1.0.200.202301161003/tools/bin/../lib/gcc/arm-none-eabi/10.3.1/../../../../arm-none-eabi/lib/thumb/v7e-m+fp/hard/libc_nano.a(lib_a-mbtowc_r.o)
                0x000000000800d624                __ascii_mbtowc
 .text._Balloc  0x000000000800d648       0x80 /opt/st/stm32cubeide_1.12.0/plugins/com.st.stm32cube.ide.mcu.externaltools.gnu-tools-for-stm32.10.3-2021.10.linux64_1.0.200.202301161003/tools/bin/../lib/gcc/arm-none-eabi/10.3.1/../../../../arm-none-eabi/lib/thumb/v7e-m+fp/hard/libc_nano.a(lib_a-mprec.o)
                0x000000000800d648                _Balloc
 .text._Bfree   0x000000000800d6c8       0x44 /opt/st/stm32cubeide_1.12.0/plugins/com.st.stm32cube.ide.mcu.externaltools.gnu-tools-for-stm32.10.3-2021.10.linux64_1.0.200.202301161003/tools/bin/../lib/gcc/arm-none-eabi/10.3.1/../../../../arm-none-eabi/lib/thumb/v7e-m+fp/hard/libc_nano.a(lib_a-mprec.o)
                0x000000000800d6c8                _Bfree
 .text.__multadd
                0x000000000800d70c       0x8c /opt/st/stm32cubeide_1.12.0/plugins/com.st.stm32cube.ide.mcu.externaltools.gnu-tools-for-stm32.10.3-2021.10.linux64_1.0.200.202301161003/tools/bin/../lib/gcc/arm-none-eabi/10.3.1/../../../../arm-none-eabi/lib/thumb/v7e-m+fp/hard/libc_nano.a(lib_a-mprec.o)
                0x000000000800d70c                __multadd
 .text.__s2b    0x000000000800d798       0x94 /opt/st/stm32cubeide_1.12.0/plugins/com.st.stm32cube.ide.mcu.externaltools.gnu-tools-for-stm32.10.3-2021.10.linux64_1.0.200.202301161003/tools/bin/../lib/gcc/arm-none-eabi/10.3.1/../../../../arm-none-eabi/lib/thumb/v7e-m+fp/hard/libc_nano.a(lib_a-mprec.o)
                0x000000000800d798                __s2b
 .text.__hi0bits
                0x000000000800d82c       0x40 /opt/st/stm32cubeide_1.12.0/plugins/com.st.stm32cube.ide.mcu.externaltools.gnu-tools-for-stm32.10.3-2021.10.linux64_1.0.200.202301161003/tools/bin/../lib/gcc/arm-none-eabi/10.3.1/../../../../arm-none-eabi/lib/thumb/v7e-m+fp/hard/libc_nano.a(lib_a-mprec.o)
                0x000000000800d82c                __hi0bits
 .text.__lo0bits
                0x000000000800d86c       0x5e /opt/st/stm32cubeide_1.12.0/plugins/com.st.stm32cube.ide.mcu.externaltools.gnu-tools-for-stm32.10.3-2021.10.linux64_1.0.200.202301161003/tools/bin/../lib/gcc/arm-none-eabi/10.3.1/../../../../arm-none-eabi/lib/thumb/v7e-m+fp/hard/libc_nano.a(lib_a-mprec.o)
                0x000000000800d86c                __lo0bits
 *fill*         0x000000000800d8ca        0x2 
 .text.__i2b    0x000000000800d8cc       0x2c /opt/st/stm32cubeide_1.12.0/plugins/com.st.stm32cube.ide.mcu.externaltools.gnu-tools-for-stm32.10.3-2021.10.linux64_1.0.200.202301161003/tools/bin/../lib/gcc/arm-none-eabi/10.3.1/../../../../arm-none-eabi/lib/thumb/v7e-m+fp/hard/libc_nano.a(lib_a-mprec.o)
                0x000000000800d8cc                __i2b
 .text.__multiply
                0x000000000800d8f8      0x154 /opt/st/stm32cubeide_1.12.0/plugins/com.st.stm32cube.ide.mcu.externaltools.gnu-tools-for-stm32.10.3-2021.10.linux64_1.0.200.202301161003/tools/bin/../lib/gcc/arm-none-eabi/10.3.1/../../../../arm-none-eabi/lib/thumb/v7e-m+fp/hard/libc_nano.a(lib_a-mprec.o)
                0x000000000800d8f8                __multiply
 .text.__pow5mult
                0x000000000800da4c       0xb4 /opt/st/stm32cubeide_1.12.0/plugins/com.st.stm32cube.ide.mcu.externaltools.gnu-tools-for-stm32.10.3-2021.10.linux64_1.0.200.202301161003/tools/bin/../lib/gcc/arm-none-eabi/10.3.1/../../../../arm-none-eabi/lib/thumb/v7e-m+fp/hard/libc_nano.a(lib_a-mprec.o)
                0x000000000800da4c                __pow5mult
 .text.__lshift
                0x000000000800db00       0xe0 /opt/st/stm32cubeide_1.12.0/plugins/com.st.stm32cube.ide.mcu.externaltools.gnu-tools-for-stm32.10.3-2021.10.linux64_1.0.200.202301161003/tools/bin/../lib/gcc/arm-none-eabi/10.3.1/../../../../arm-none-eabi/lib/thumb/v7e-m+fp/hard/libc_nano.a(lib_a-mprec.o)
                0x000000000800db00                __lshift
 .text.__mcmp   0x000000000800dbe0       0x38 /opt/st/stm32cubeide_1.12.0/plugins/com.st.stm32cube.ide.mcu.externaltools.gnu-tools-for-stm32.10.3-2021.10.linux64_1.0.200.202301161003/tools/bin/../lib/gcc/arm-none-eabi/10.3.1/../../../../arm-none-eabi/lib/thumb/v7e-m+fp/hard/libc_nano.a(lib_a-mprec.o)
                0x000000000800dbe0                __mcmp
 .text.__mdiff  0x000000000800dc18      0x114 /opt/st/stm32cubeide_1.12.0/plugins/com.st.stm32cube.ide.mcu.externaltools.gnu-tools-for-stm32.10.3-2021.10.linux64_1.0.200.202301161003/tools/bin/../lib/gcc/arm-none-eabi/10.3.1/../../../../arm-none-eabi/lib/thumb/v7e-m+fp/hard/libc_nano.a(lib_a-mprec.o)
                0x000000000800dc18                __mdiff
 .text.__ulp    0x000000000800dd2c       0x58 /opt/st/stm32cubeide_1.12.0/plugins/com.st.stm32cube.ide.mcu.externaltools.gnu-tools-for-stm32.10.3-2021.10.linux64_1.0.200.202301161003/tools/bin/../lib/gcc/arm-none-eabi/10.3.1/../../../../arm-none-eabi/lib/thumb/v7e-m+fp/hard/libc_nano.a(lib_a-mprec.o)
                0x000000000800dd2c                __ulp
 .text.__b2d    0x000000000800dd84       0xa0 /opt/st/stm32cubeide_1.12.0/plugins/com.st.stm32cube.ide.mcu.externaltools.gnu-tools-for-stm32.10.3-2021.10.linux64_1.0.200.202301161003/tools/bin/../lib/gcc/arm-none-eabi/10.3.1/../../../../arm-none-eabi/lib/thumb/v7e-m+fp/hard/libc_nano.a(lib_a-mprec.o)
                0x000000000800dd84                __b2d
 .text.__d2b    0x000000000800de24       0xb8 /opt/st/stm32cubeide_1.12.0/plugins/com.st.stm32cube.ide.mcu.externaltools.gnu-tools-for-stm32.10.3-2021.10.linux64_1.0.200.202301161003/tools/bin/../lib/gcc/arm-none-eabi/10.3.1/../../../../arm-none-eabi/lib/thumb/v7e-m+fp/hard/libc_nano.a(lib_a-mprec.o)
                0x000000000800de24                __d2b
 .text.__ratio  0x000000000800dedc       0x66 /opt/st/stm32cubeide_1.12.0/plugins/com.st.stm32cube.ide.mcu.externaltools.gnu-tools-for-stm32.10.3-2021.10.linux64_1.0.200.202301161003/tools/bin/../lib/gcc/arm-none-eabi/10.3.1/../../../../arm-none-eabi/lib/thumb/v7e-m+fp/hard/libc_nano.a(lib_a-mprec.o)
                0x000000000800dedc                __ratio
 .text.__copybits
                0x000000000800df42       0x46 /opt/st/stm32cubeide_1.12.0/plugins/com.st.stm32cube.ide.mcu.externaltools.gnu-tools-for-stm32.10.3-2021.10.linux64_1.0.200.202301161003/tools/bin/../lib/gcc/arm-none-eabi/10.3.1/../../../../arm-none-eabi/lib/thumb/v7e-m+fp/hard/libc_nano.a(lib_a-mprec.o)
                0x000000000800df42                __copybits
 .text.__any_on
                0x000000000800df88       0x42 /opt/st/stm32cubeide_1.12.0/plugins/com.st.stm32cube.ide.mcu.externaltools.gnu-tools-for-stm32.10.3-2021.10.linux64_1.0.200.202301161003/tools/bin/../lib/gcc/arm-none-eabi/10.3.1/../../../../arm-none-eabi/lib/thumb/v7e-m+fp/hard/libc_nano.a(lib_a-mprec.o)
                0x000000000800df88                __any_on
 .text._calloc_r
                0x000000000800dfca       0x2c /opt/st/stm32cubeide_1.12.0/plugins/com.st.stm32cube.ide.mcu.externaltools.gnu-tools-for-stm32.10.3-2021.10.linux64_1.0.200.202301161003/tools/bin/../lib/gcc/arm-none-eabi/10.3.1/../../../../arm-none-eabi/lib/thumb/v7e-m+fp/hard/libc_nano.a(lib_a-nano-callocr.o)
                0x000000000800dfca                _calloc_r
 *fill*         0x000000000800dff6        0x2 
 .text._free_r  0x000000000800dff8       0x98 /opt/st/stm32cubeide_1.12.0/plugins/com.st.stm32cube.ide.mcu.externaltools.gnu-tools-for-stm32.10.3-2021.10.linux64_1.0.200.202301161003/tools/bin/../lib/gcc/arm-none-eabi/10.3.1/../../../../arm-none-eabi/lib/thumb/v7e-m+fp/hard/libc_nano.a(lib_a-nano-freer.o)
                0x000000000800dff8                _free_r
 .text.sbrk_aligned
                0x000000000800e090       0x40 /opt/st/stm32cubeide_1.12.0/plugins/com.st.stm32cube.ide.mcu.externaltools.gnu-tools-for-stm32.10.3-2021.10.linux64_1.0.200.202301161003/tools/bin/../lib/gcc/arm-none-eabi/10.3.1/../../../../arm-none-eabi/lib/thumb/v7e-m+fp/hard/libc_nano.a(lib_a-nano-mallocr.o)
 .text._malloc_r
                0x000000000800e0d0       0xe8 /opt/st/stm32cubeide_1.12.0/plugins/com.st.stm32cube.ide.mcu.externaltools.gnu-tools-for-stm32.10.3-2021.10.linux64_1.0.200.202301161003/tools/bin/../lib/gcc/arm-none-eabi/10.3.1/../../../../arm-none-eabi/lib/thumb/v7e-m+fp/hard/libc_nano.a(lib_a-nano-mallocr.o)
                0x000000000800e0d0                _malloc_r
 .text._realloc_r
                0x000000000800e1b8       0x5e /opt/st/stm32cubeide_1.12.0/plugins/com.st.stm32cube.ide.mcu.externaltools.gnu-tools-for-stm32.10.3-2021.10.linux64_1.0.200.202301161003/tools/bin/../lib/gcc/arm-none-eabi/10.3.1/../../../../arm-none-eabi/lib/thumb/v7e-m+fp/hard/libc_nano.a(lib_a-nano-reallocr.o)
                0x000000000800e1b8                _realloc_r
 .text.__ssputs_r
                0x000000000800e216       0xb6 /opt/st/stm32cubeide_1.12.0/plugins/com.st.stm32cube.ide.mcu.externaltools.gnu-tools-for-stm32.10.3-2021.10.linux64_1.0.200.202301161003/tools/bin/../lib/gcc/arm-none-eabi/10.3.1/../../../../arm-none-eabi/lib/thumb/v7e-m+fp/hard/libc_nano.a(lib_a-nano-svfprintf.o)
                0x000000000800e216                __ssputs_r
 .text._svfprintf_r
                0x000000000800e2cc      0x200 /opt/st/stm32cubeide_1.12.0/plugins/com.st.stm32cube.ide.mcu.externaltools.gnu-tools-for-stm32.10.3-2021.10.linux64_1.0.200.202301161003/tools/bin/../lib/gcc/arm-none-eabi/10.3.1/../../../../arm-none-eabi/lib/thumb/v7e-m+fp/hard/libc_nano.a(lib_a-nano-svfprintf.o)
                0x000000000800e2cc                _svfprintf_r
                0x000000000800e2cc                _svfiprintf_r
 *fill*         0x000000000800e4cc        0x4 
 .text.nan      0x000000000800e4d0       0x10 /opt/st/stm32cubeide_1.12.0/plugins/com.st.stm32cube.ide.mcu.externaltools.gnu-tools-for-stm32.10.3-2021.10.linux64_1.0.200.202301161003/tools/bin/../lib/gcc/arm-none-eabi/10.3.1/../../../../arm-none-eabi/lib/thumb/v7e-m+fp/hard/libc_nano.a(lib_a-s_nan.o)
                0x000000000800e4d0                nan
 .text._sbrk_r  0x000000000800e4e0       0x20 /opt/st/stm32cubeide_1.12.0/plugins/com.st.stm32cube.ide.mcu.externaltools.gnu-tools-for-stm32.10.3-2021.10.linux64_1.0.200.202301161003/tools/bin/../lib/gcc/arm-none-eabi/10.3.1/../../../../arm-none-eabi/lib/thumb/v7e-m+fp/hard/libc_nano.a(lib_a-sbrkr.o)
                0x000000000800e4e0                _sbrk_r
 .text.strncmp  0x000000000800e500       0x28 /opt/st/stm32cubeide_1.12.0/plugins/com.st.stm32cube.ide.mcu.externaltools.gnu-tools-for-stm32.10.3-2021.10.linux64_1.0.200.202301161003/tools/bin/../lib/gcc/arm-none-eabi/10.3.1/../../../../arm-none-eabi/lib/thumb/v7e-m+fp/hard/libc_nano.a(lib_a-strncmp.o)
                0x000000000800e500                strncmp
 .text.__ascii_wctomb
                0x000000000800e528       0x1a /opt/st/stm32cubeide_1.12.0/plugins/com.st.stm32cube.ide.mcu.externaltools.gnu-tools-for-stm32.10.3-2021.10.linux64_1.0.200.202301161003/tools/bin/../lib/gcc/arm-none-eabi/10.3.1/../../../../arm-none-eabi/lib/thumb/v7e-m+fp/hard/libc_nano.a(lib_a-wctomb_r.o)
                0x000000000800e528                __ascii_wctomb
 *fill*         0x000000000800e542        0x2 
 .text.__assert_func
                0x000000000800e544       0x3c /opt/st/stm32cubeide_1.12.0/plugins/com.st.stm32cube.ide.mcu.externaltools.gnu-tools-for-stm32.10.3-2021.10.linux64_1.0.200.202301161003/tools/bin/../lib/gcc/arm-none-eabi/10.3.1/../../../../arm-none-eabi/lib/thumb/v7e-m+fp/hard/libc_nano.a(lib_a-assert.o)
                0x000000000800e544                __assert_func
 .text.fprintf  0x000000000800e580       0x24 /opt/st/stm32cubeide_1.12.0/plugins/com.st.stm32cube.ide.mcu.externaltools.gnu-tools-for-stm32.10.3-2021.10.linux64_1.0.200.202301161003/tools/bin/../lib/gcc/arm-none-eabi/10.3.1/../../../../arm-none-eabi/lib/thumb/v7e-m+fp/hard/libc_nano.a(lib_a-fprintf.o)
                0x000000000800e580                fprintf
                0x000000000800e580                fiprintf
 .text.memmove  0x000000000800e5a4       0x34 /opt/st/stm32cubeide_1.12.0/plugins/com.st.stm32cube.ide.mcu.externaltools.gnu-tools-for-stm32.10.3-2021.10.linux64_1.0.200.202301161003/tools/bin/../lib/gcc/arm-none-eabi/10.3.1/../../../../arm-none-eabi/lib/thumb/v7e-m+fp/hard/libc_nano.a(lib_a-memmove.o)
                0x000000000800e5a4                memmove
 .text.__malloc_lock
                0x000000000800e5d8        0xc /opt/st/stm32cubeide_1.12.0/plugins/com.st.stm32cube.ide.mcu.externaltools.gnu-tools-for-stm32.10.3-2021.10.linux64_1.0.200.202301161003/tools/bin/../lib/gcc/arm-none-eabi/10.3.1/../../../../arm-none-eabi/lib/thumb/v7e-m+fp/hard/libc_nano.a(lib_a-mlock.o)
                0x000000000800e5d8                __malloc_lock
 .text.__malloc_unlock
                0x000000000800e5e4        0xc /opt/st/stm32cubeide_1.12.0/plugins/com.st.stm32cube.ide.mcu.externaltools.gnu-tools-for-stm32.10.3-2021.10.linux64_1.0.200.202301161003/tools/bin/../lib/gcc/arm-none-eabi/10.3.1/../../../../arm-none-eabi/lib/thumb/v7e-m+fp/hard/libc_nano.a(lib_a-mlock.o)
                0x000000000800e5e4                __malloc_unlock
 .text._malloc_usable_size_r
                0x000000000800e5f0       0x10 /opt/st/stm32cubeide_1.12.0/plugins/com.st.stm32cube.ide.mcu.externaltools.gnu-tools-for-stm32.10.3-2021.10.linux64_1.0.200.202301161003/tools/bin/../lib/gcc/arm-none-eabi/10.3.1/../../../../arm-none-eabi/lib/thumb/v7e-m+fp/hard/libc_nano.a(lib_a-nano-msizer.o)
                0x000000000800e5f0                _malloc_usable_size_r
 .text.__sfputc_r
                0x000000000800e600       0x2e /opt/st/stm32cubeide_1.12.0/plugins/com.st.stm32cube.ide.mcu.externaltools.gnu-tools-for-stm32.10.3-2021.10.linux64_1.0.200.202301161003/tools/bin/../lib/gcc/arm-none-eabi/10.3.1/../../../../arm-none-eabi/lib/thumb/v7e-m+fp/hard/libc_nano.a(lib_a-nano-vfprintf.o)
 .text.__sfputs_r